2025-11-15T09:11:43.5630990Z Current runner version: '2.329.0'
2025-11-15T09:11:43.5652672Z ##[group]Runner Image Provisioner
2025-11-15T09:11:43.5653446Z Hosted Compute Agent
2025-11-15T09:11:43.5653902Z Version: 20251016.436
2025-11-15T09:11:43.5654786Z Commit: 8ab8ac8bfd662a3739dab9fe09456aba92132568
2025-11-15T09:11:43.5655404Z Build Date: 2025-10-15T20:44:12Z
2025-11-15T09:11:43.5655943Z ##[endgroup]
2025-11-15T09:11:43.5656493Z ##[group]Operating System
2025-11-15T09:11:43.5657004Z Ubuntu
2025-11-15T09:11:43.5657435Z 24.04.3
2025-11-15T09:11:43.5657894Z LTS
2025-11-15T09:11:43.5658307Z ##[endgroup]
2025-11-15T09:11:43.5658718Z ##[group]Runner Image
2025-11-15T09:11:43.5659272Z Image: ubuntu-24.04
2025-11-15T09:11:43.5659708Z Version: 20251112.124.1
2025-11-15T09:11:43.5660611Z Included Software: https://github.com/actions/runner-images/blob/ubuntu24/20251112.124/images/ubuntu/Ubuntu2404-Readme.md
2025-11-15T09:11:43.5662001Z Image Release: https://github.com/actions/runner-images/releases/tag/ubuntu24%2F20251112.124
2025-11-15T09:11:43.5662841Z ##[endgroup]
2025-11-15T09:11:43.5663793Z ##[group]GITHUB_TOKEN Permissions
2025-11-15T09:11:43.5665805Z Contents: write
2025-11-15T09:11:43.5666405Z Metadata: read
2025-11-15T09:11:43.5666852Z ##[endgroup]
2025-11-15T09:11:43.5668753Z Secret source: Actions
2025-11-15T09:11:43.5669460Z Prepare workflow directory
2025-11-15T09:11:43.6004839Z Prepare all required actions
2025-11-15T09:11:43.6056169Z Getting action download info
2025-11-15T09:11:44.0256928Z Download action repository 'actions/checkout@v4' (SHA:08eba0b27e820071cde6df949e0beb9ba4906955)
2025-11-15T09:11:44.1109008Z Download action repository 'docker/setup-buildx-action@v3' (SHA:e468171a9de216ec08956ac3ada2f0791b6bd435)
2025-11-15T09:11:45.1398999Z Download action repository 'softprops/action-gh-release@v1' (SHA:de2c0eb89ae2a093876385947365aca7b0e5f844)
2025-11-15T09:11:45.7850604Z Download action repository 'actions/upload-artifact@v4' (SHA:ea165f8d65b6e75b540449e92b4886f43607fa02)
2025-11-15T09:11:46.0072249Z Complete job name: build-and-release
2025-11-15T09:11:46.0836233Z ##[group]Run actions/checkout@v4
2025-11-15T09:11:46.0837350Z with:
2025-11-15T09:11:46.0838041Z   repository: hooyao/qnap-rtl8159-driver
2025-11-15T09:11:46.0839259Z   token: ***
2025-11-15T09:11:46.0839898Z   ssh-strict: true
2025-11-15T09:11:46.0840549Z   ssh-user: git
2025-11-15T09:11:46.0841230Z   persist-credentials: true
2025-11-15T09:11:46.0841985Z   clean: true
2025-11-15T09:11:46.0842675Z   sparse-checkout-cone-mode: true
2025-11-15T09:11:46.0843515Z   fetch-depth: 1
2025-11-15T09:11:46.0844178Z   fetch-tags: false
2025-11-15T09:11:46.0845174Z   show-progress: true
2025-11-15T09:11:46.0845868Z   lfs: false
2025-11-15T09:11:46.0846487Z   submodules: false
2025-11-15T09:11:46.0847177Z   set-safe-directory: true
2025-11-15T09:11:46.0848228Z ##[endgroup]
2025-11-15T09:11:46.1890049Z Syncing repository: hooyao/qnap-rtl8159-driver
2025-11-15T09:11:46.1892547Z ##[group]Getting Git version info
2025-11-15T09:11:46.1893943Z Working directory is '/home/runner/work/qnap-rtl8159-driver/qnap-rtl8159-driver'
2025-11-15T09:11:46.1896446Z [command]/usr/bin/git version
2025-11-15T09:11:46.1949994Z git version 2.51.2
2025-11-15T09:11:46.1975262Z ##[endgroup]
2025-11-15T09:11:46.1996328Z Temporarily overriding HOME='/home/runner/work/_temp/c533b1b3-4850-4621-9e38-20d574c7b579' before making global git config changes
2025-11-15T09:11:46.1998709Z Adding repository directory to the temporary git global config as a safe directory
2025-11-15T09:11:46.2001107Z [command]/usr/bin/git config --global --add safe.directory /home/runner/work/qnap-rtl8159-driver/qnap-rtl8159-driver
2025-11-15T09:11:46.2031973Z Deleting the contents of '/home/runner/work/qnap-rtl8159-driver/qnap-rtl8159-driver'
2025-11-15T09:11:46.2034953Z ##[group]Initializing the repository
2025-11-15T09:11:46.2038821Z [command]/usr/bin/git init /home/runner/work/qnap-rtl8159-driver/qnap-rtl8159-driver
2025-11-15T09:11:46.2161715Z hint: Using 'master' as the name for the initial branch. This default branch name
2025-11-15T09:11:46.2164241Z hint: is subject to change. To configure the initial branch name to use in all
2025-11-15T09:11:46.2167240Z hint: of your new repositories, which will suppress this warning, call:
2025-11-15T09:11:46.2168517Z hint:
2025-11-15T09:11:46.2169311Z hint: 	git config --global init.defaultBranch <name>
2025-11-15T09:11:46.2170281Z hint:
2025-11-15T09:11:46.2171190Z hint: Names commonly chosen instead of 'master' are 'main', 'trunk' and
2025-11-15T09:11:46.2173048Z hint: 'development'. The just-created branch can be renamed via this command:
2025-11-15T09:11:46.2174267Z hint:
2025-11-15T09:11:46.2175057Z hint: 	git branch -m <name>
2025-11-15T09:11:46.2175780Z hint:
2025-11-15T09:11:46.2176786Z hint: Disable this message with "git config set advice.defaultBranchName false"
2025-11-15T09:11:46.2178945Z Initialized empty Git repository in /home/runner/work/qnap-rtl8159-driver/qnap-rtl8159-driver/.git/
2025-11-15T09:11:46.2181899Z [command]/usr/bin/git remote add origin https://github.com/hooyao/qnap-rtl8159-driver
2025-11-15T09:11:46.2209840Z ##[endgroup]
2025-11-15T09:11:46.2211013Z ##[group]Disabling automatic garbage collection
2025-11-15T09:11:46.2213148Z [command]/usr/bin/git config --local gc.auto 0
2025-11-15T09:11:46.2236628Z ##[endgroup]
2025-11-15T09:11:46.2237720Z ##[group]Setting up auth
2025-11-15T09:11:46.2242420Z [command]/usr/bin/git config --local --name-only --get-regexp core\.sshCommand
2025-11-15T09:11:46.2266508Z [command]/usr/bin/git submodule foreach --recursive sh -c "git config --local --name-only --get-regexp 'core\.sshCommand' && git config --local --unset-all 'core.sshCommand' || :"
2025-11-15T09:11:46.2562477Z [command]/usr/bin/git config --local --name-only --get-regexp http\.https\:\/\/github\.com\/\.extraheader
2025-11-15T09:11:46.2588437Z [command]/usr/bin/git submodule foreach --recursive sh -c "git config --local --name-only --get-regexp 'http\.https\:\/\/github\.com\/\.extraheader' && git config --local --unset-all 'http.https://github.com/.extraheader' || :"
2025-11-15T09:11:46.2752610Z [command]/usr/bin/git config --local http.https://github.com/.extraheader AUTHORIZATION: basic ***
2025-11-15T09:11:46.2781536Z ##[endgroup]
2025-11-15T09:11:46.2783440Z ##[group]Fetching the repository
2025-11-15T09:11:46.2792059Z [command]/usr/bin/git -c protocol.version=2 fetch --no-tags --prune --no-recurse-submodules --depth=1 origin +3dd1a4528ea7b29ed80565ae0865b40362d48cf8:refs/tags/release-2.20.1test
2025-11-15T09:11:46.6841410Z From https://github.com/hooyao/qnap-rtl8159-driver
2025-11-15T09:11:46.6862371Z  * [new ref]         3dd1a4528ea7b29ed80565ae0865b40362d48cf8 -> release-2.20.1test
2025-11-15T09:11:46.6864044Z ##[endgroup]
2025-11-15T09:11:46.6864936Z ##[group]Determining the checkout info
2025-11-15T09:11:46.6865664Z ##[endgroup]
2025-11-15T09:11:46.6870180Z [command]/usr/bin/git sparse-checkout disable
2025-11-15T09:11:46.6901143Z [command]/usr/bin/git config --local --unset-all extensions.worktreeConfig
2025-11-15T09:11:46.6922200Z ##[group]Checking out the ref
2025-11-15T09:11:46.6925647Z [command]/usr/bin/git checkout --progress --force refs/tags/release-2.20.1test
2025-11-15T09:11:46.6958400Z Note: switching to 'refs/tags/release-2.20.1test'.
2025-11-15T09:11:46.6958864Z 
2025-11-15T09:11:46.6959226Z You are in 'detached HEAD' state. You can look around, make experimental
2025-11-15T09:11:46.6960066Z changes and commit them, and you can discard any commits you make in this
2025-11-15T09:11:46.6960851Z state without impacting any branches by switching back to a branch.
2025-11-15T09:11:46.6961148Z 
2025-11-15T09:11:46.6961336Z If you want to create a new branch to retain commits you create, you may
2025-11-15T09:11:46.6961764Z do so (now or later) by using -c with the switch command. Example:
2025-11-15T09:11:46.6962001Z 
2025-11-15T09:11:46.6962124Z   git switch -c <new-branch-name>
2025-11-15T09:11:46.6962308Z 
2025-11-15T09:11:46.6962420Z Or undo this operation with:
2025-11-15T09:11:46.6962585Z 
2025-11-15T09:11:46.6962690Z   git switch -
2025-11-15T09:11:46.6962893Z 
2025-11-15T09:11:46.6963468Z Turn off this advice by setting config variable advice.detachedHead to false
2025-11-15T09:11:46.6963978Z 
2025-11-15T09:11:46.6964487Z HEAD is now at 3dd1a45 fix: Add permissions and use modern release action
2025-11-15T09:11:46.6965690Z ##[endgroup]
2025-11-15T09:11:46.6991137Z [command]/usr/bin/git log -1 --format=%H
2025-11-15T09:11:46.7008619Z 3dd1a4528ea7b29ed80565ae0865b40362d48cf8
2025-11-15T09:11:46.7157453Z ##[group]Run # Extract version from tag (e.g., release-2.20.1b -> 2.20.1b)
2025-11-15T09:11:46.7158079Z [36;1m# Extract version from tag (e.g., release-2.20.1b -> 2.20.1b)[0m
2025-11-15T09:11:46.7158563Z [36;1mVERSION=${GITHUB_REF#refs/tags/release-}[0m
2025-11-15T09:11:46.7159087Z [36;1mecho "version=$VERSION" >> $GITHUB_OUTPUT[0m
2025-11-15T09:11:46.7159587Z [36;1mecho "Building version: $VERSION"[0m
2025-11-15T09:11:46.7181619Z shell: /usr/bin/bash -e {0}
2025-11-15T09:11:46.7181916Z ##[endgroup]
2025-11-15T09:11:46.7238963Z Building version: 2.20.1test
2025-11-15T09:11:46.7318554Z ##[group]Run docker/setup-buildx-action@v3
2025-11-15T09:11:46.7318869Z with:
2025-11-15T09:11:46.7319090Z   driver: docker-container
2025-11-15T09:11:46.7319348Z   install: false
2025-11-15T09:11:46.7319561Z   use: true
2025-11-15T09:11:46.7319784Z   keep-state: false
2025-11-15T09:11:46.7320002Z   cache-binary: true
2025-11-15T09:11:46.7320231Z   cleanup: true
2025-11-15T09:11:46.7320441Z ##[endgroup]
2025-11-15T09:11:46.9975772Z ##[group]Docker info
2025-11-15T09:11:46.9997072Z [command]/usr/bin/docker version
2025-11-15T09:11:47.0882813Z Client: Docker Engine - Community
2025-11-15T09:11:47.0885645Z  Version:           28.0.4
2025-11-15T09:11:47.0886092Z  API version:       1.48
2025-11-15T09:11:47.0886529Z  Go version:        go1.23.7
2025-11-15T09:11:47.0886947Z  Git commit:        b8034c0
2025-11-15T09:11:47.0887384Z  Built:             Tue Mar 25 15:07:16 2025
2025-11-15T09:11:47.0887857Z  OS/Arch:           linux/amd64
2025-11-15T09:11:47.0888342Z  Context:           default
2025-11-15T09:11:47.0888567Z 
2025-11-15T09:11:47.0888746Z Server: Docker Engine - Community
2025-11-15T09:11:47.0889011Z  Engine:
2025-11-15T09:11:47.0889215Z   Version:          28.0.4
2025-11-15T09:11:47.0889488Z   API version:      1.48 (minimum version 1.24)
2025-11-15T09:11:47.0889785Z   Go version:       go1.23.7
2025-11-15T09:11:47.0890028Z   Git commit:       6430e49
2025-11-15T09:11:47.0890293Z   Built:            Tue Mar 25 15:07:16 2025
2025-11-15T09:11:47.0890598Z   OS/Arch:          linux/amd64
2025-11-15T09:11:47.0890858Z   Experimental:     false
2025-11-15T09:11:47.0891094Z  containerd:
2025-11-15T09:11:47.0891310Z   Version:          v2.1.5
2025-11-15T09:11:47.0891609Z   GitCommit:        fcd43222d6b07379a4be9786bda52438f0dd16a1
2025-11-15T09:11:47.0891927Z  runc:
2025-11-15T09:11:47.0892130Z   Version:          1.3.3
2025-11-15T09:11:47.0892385Z   GitCommit:        v1.3.3-0-gd842d771
2025-11-15T09:11:47.0892659Z  docker-init:
2025-11-15T09:11:47.0892873Z   Version:          0.19.0
2025-11-15T09:11:47.0893143Z   GitCommit:        de40ad0
2025-11-15T09:11:47.0923832Z [command]/usr/bin/docker info
2025-11-15T09:11:47.5124244Z Client: Docker Engine - Community
2025-11-15T09:11:47.5126425Z  Version:    28.0.4
2025-11-15T09:11:47.5126645Z  Context:    default
2025-11-15T09:11:47.5126857Z  Debug Mode: false
2025-11-15T09:11:47.5127039Z  Plugins:
2025-11-15T09:11:47.5127252Z   buildx: Docker Buildx (Docker Inc.)
2025-11-15T09:11:47.5127500Z     Version:  v0.29.1
2025-11-15T09:11:47.5127820Z     Path:     /usr/libexec/docker/cli-plugins/docker-buildx
2025-11-15T09:11:47.5128148Z   compose: Docker Compose (Docker Inc.)
2025-11-15T09:11:47.5128394Z     Version:  v2.38.2
2025-11-15T09:11:47.5128671Z     Path:     /usr/libexec/docker/cli-plugins/docker-compose
2025-11-15T09:11:47.5128884Z 
2025-11-15T09:11:47.5128956Z Server:
2025-11-15T09:11:47.5129135Z  Containers: 0
2025-11-15T09:11:47.5129308Z   Running: 0
2025-11-15T09:11:47.5129550Z   Paused: 0
2025-11-15T09:11:47.5129712Z   Stopped: 0
2025-11-15T09:11:47.5130200Z  Images: 0
2025-11-15T09:11:47.5130385Z  Server Version: 28.0.4
2025-11-15T09:11:47.5130597Z  Storage Driver: overlay2
2025-11-15T09:11:47.5130827Z   Backing Filesystem: extfs
2025-11-15T09:11:47.5131045Z   Supports d_type: true
2025-11-15T09:11:47.5131266Z   Using metacopy: false
2025-11-15T09:11:47.5131492Z   Native Overlay Diff: false
2025-11-15T09:11:47.5131800Z   userxattr: false
2025-11-15T09:11:47.5132090Z  Logging Driver: json-file
2025-11-15T09:11:47.5132319Z  Cgroup Driver: systemd
2025-11-15T09:11:47.5132509Z  Cgroup Version: 2
2025-11-15T09:11:47.5132710Z  Plugins:
2025-11-15T09:11:47.5132931Z   Volume: local
2025-11-15T09:11:47.5133179Z   Network: bridge host ipvlan macvlan null overlay
2025-11-15T09:11:47.5133565Z   Log: awslogs fluentd gcplogs gelf journald json-file local splunk syslog
2025-11-15T09:11:47.5133887Z  Swarm: inactive
2025-11-15T09:11:47.5134103Z  Runtimes: io.containerd.runc.v2 runc
2025-11-15T09:11:47.5134506Z  Default Runtime: runc
2025-11-15T09:11:47.5135139Z  Init Binary: docker-init
2025-11-15T09:11:47.5135464Z  containerd version: fcd43222d6b07379a4be9786bda52438f0dd16a1
2025-11-15T09:11:47.5135782Z  runc version: v1.3.3-0-gd842d771
2025-11-15T09:11:47.5136007Z  init version: de40ad0
2025-11-15T09:11:47.5136211Z  Security Options:
2025-11-15T09:11:47.5136386Z   apparmor
2025-11-15T09:11:47.5136549Z   seccomp
2025-11-15T09:11:47.5136727Z    Profile: builtin
2025-11-15T09:11:47.5136905Z   cgroupns
2025-11-15T09:11:47.5137100Z  Kernel Version: 6.11.0-1018-azure
2025-11-15T09:11:47.5137345Z  Operating System: Ubuntu 24.04.3 LTS
2025-11-15T09:11:47.5137585Z  OSType: linux
2025-11-15T09:11:47.5137771Z  Architecture: x86_64
2025-11-15T09:11:47.5137963Z  CPUs: 4
2025-11-15T09:11:47.5138158Z  Total Memory: 15.62GiB
2025-11-15T09:11:47.5138436Z  Name: runnervmg1sw1
2025-11-15T09:11:47.5138740Z  ID: 25309008-d3b6-4795-9b53-5704e2dd5a06
2025-11-15T09:11:47.5139181Z  Docker Root Dir: /var/lib/docker
2025-11-15T09:11:47.5139562Z  Debug Mode: false
2025-11-15T09:11:47.5139902Z  Username: githubactions
2025-11-15T09:11:47.5140272Z  Experimental: false
2025-11-15T09:11:47.5140596Z  Insecure Registries:
2025-11-15T09:11:47.5145027Z   ::1/128
2025-11-15T09:11:47.5145256Z   127.0.0.0/8
2025-11-15T09:11:47.5145472Z  Live Restore Enabled: false
2025-11-15T09:11:47.5145625Z 
2025-11-15T09:11:47.5146187Z ##[endgroup]
2025-11-15T09:11:47.5728992Z ##[group]Buildx version
2025-11-15T09:11:47.5751220Z [command]/usr/bin/docker buildx version
2025-11-15T09:11:47.6270030Z github.com/docker/buildx v0.29.1 a32761aeb3debd39be1eca514af3693af0db334b
2025-11-15T09:11:47.6289111Z ##[endgroup]
2025-11-15T09:11:47.6424541Z ##[group]Inspecting default docker context
2025-11-15T09:11:47.6548548Z [
2025-11-15T09:11:47.6548880Z   {
2025-11-15T09:11:47.6549161Z     "Name": "default",
2025-11-15T09:11:47.6549546Z     "Metadata": {},
2025-11-15T09:11:47.6549867Z     "Endpoints": {
2025-11-15T09:11:47.6550181Z       "docker": {
2025-11-15T09:11:47.6550526Z         "Host": "unix:///var/run/docker.sock",
2025-11-15T09:11:47.6550983Z         "SkipTLSVerify": false
2025-11-15T09:11:47.6551299Z       }
2025-11-15T09:11:47.6551553Z     },
2025-11-15T09:11:47.6551824Z     "TLSMaterial": {},
2025-11-15T09:11:47.6552108Z     "Storage": {
2025-11-15T09:11:47.6552411Z       "MetadataPath": "<IN MEMORY>",
2025-11-15T09:11:47.6552785Z       "TLSPath": "<IN MEMORY>"
2025-11-15T09:11:47.6553104Z     }
2025-11-15T09:11:47.6553334Z   }
2025-11-15T09:11:47.6553568Z ]
2025-11-15T09:11:47.6554150Z ##[endgroup]
2025-11-15T09:11:47.6554919Z ##[group]Creating a new builder instance
2025-11-15T09:11:47.7603428Z [command]/usr/bin/docker buildx create --name builder-5a88b550-6050-4b7a-bdb6-9d30270336dd --driver docker-container --buildkitd-flags --allow-insecure-entitlement security.insecure --allow-insecure-entitlement network.host --use
2025-11-15T09:11:47.8103111Z builder-5a88b550-6050-4b7a-bdb6-9d30270336dd
2025-11-15T09:11:47.8121598Z ##[endgroup]
2025-11-15T09:11:47.8122265Z ##[group]Booting builder
2025-11-15T09:11:47.8150805Z [command]/usr/bin/docker buildx inspect --bootstrap --builder builder-5a88b550-6050-4b7a-bdb6-9d30270336dd
2025-11-15T09:11:47.8671786Z #1 [internal] booting buildkit
2025-11-15T09:11:48.0175146Z #1 pulling image moby/buildkit:buildx-stable-1
2025-11-15T09:11:51.0112341Z #1 pulling image moby/buildkit:buildx-stable-1 3.1s done
2025-11-15T09:11:51.1620279Z #1 creating container buildx_buildkit_builder-5a88b550-6050-4b7a-bdb6-9d30270336dd0
2025-11-15T09:11:51.2794840Z #1 creating container buildx_buildkit_builder-5a88b550-6050-4b7a-bdb6-9d30270336dd0 0.3s done
2025-11-15T09:11:51.2806987Z #1 DONE 3.4s
2025-11-15T09:11:51.3065309Z Name:          builder-5a88b550-6050-4b7a-bdb6-9d30270336dd
2025-11-15T09:11:51.3066706Z Driver:        docker-container
2025-11-15T09:11:51.3067328Z Last Activity: 2025-11-15 09:11:47 +0000 UTC
2025-11-15T09:11:51.3067600Z 
2025-11-15T09:11:51.3067687Z Nodes:
2025-11-15T09:11:51.3067994Z Name:                  builder-5a88b550-6050-4b7a-bdb6-9d30270336dd0
2025-11-15T09:11:51.3068747Z Endpoint:              unix:///var/run/docker.sock
2025-11-15T09:11:51.3069132Z Status:                running
2025-11-15T09:11:51.3069806Z BuildKit daemon flags: --allow-insecure-entitlement security.insecure --allow-insecure-entitlement network.host
2025-11-15T09:11:51.3070566Z BuildKit version:      v0.25.1
2025-11-15T09:11:51.3071107Z Platforms:             linux/amd64, linux/amd64/v2, linux/amd64/v3, linux/amd64/v4, linux/386
2025-11-15T09:11:51.3071647Z Labels:
2025-11-15T09:11:51.3072012Z  org.mobyproject.buildkit.worker.executor:         oci
2025-11-15T09:11:51.3072604Z  org.mobyproject.buildkit.worker.hostname:         d8db2d639f74
2025-11-15T09:11:51.3073203Z  org.mobyproject.buildkit.worker.network:          host
2025-11-15T09:11:51.3073757Z  org.mobyproject.buildkit.worker.oci.process-mode: sandbox
2025-11-15T09:11:51.3074536Z  org.mobyproject.buildkit.worker.selinux.enabled:  false
2025-11-15T09:11:51.3075132Z  org.mobyproject.buildkit.worker.snapshotter:      overlayfs
2025-11-15T09:11:51.3075635Z GC Policy rule#0:
2025-11-15T09:11:51.3075939Z  All:            false
2025-11-15T09:11:51.3076425Z  Filters:        type==source.local,type==exec.cachemount,type==source.git.checkout
2025-11-15T09:11:51.3076985Z  Keep Duration:  48h0m0s
2025-11-15T09:11:51.3077315Z  Max Used Space: 488.3MiB
2025-11-15T09:11:51.3080397Z GC Policy rule#1:
2025-11-15T09:11:51.3080899Z  All:            false
2025-11-15T09:11:51.3082498Z  Keep Duration:  1440h0m0s
2025-11-15T09:11:51.3083031Z  Reserved Space: 7.451GiB
2025-11-15T09:11:51.3083376Z  Max Used Space: 54.02GiB
2025-11-15T09:11:51.3083721Z  Min Free Space: 13.97GiB
2025-11-15T09:11:51.3084046Z GC Policy rule#2:
2025-11-15T09:11:51.3084567Z  All:            false
2025-11-15T09:11:51.3084883Z  Reserved Space: 7.451GiB
2025-11-15T09:11:51.3085223Z  Max Used Space: 54.02GiB
2025-11-15T09:11:51.3085564Z  Min Free Space: 13.97GiB
2025-11-15T09:11:51.3085895Z GC Policy rule#3:
2025-11-15T09:11:51.3086197Z  All:            true
2025-11-15T09:11:51.3086527Z  Reserved Space: 7.451GiB
2025-11-15T09:11:51.3086885Z  Max Used Space: 54.02GiB
2025-11-15T09:11:51.3087207Z  Min Free Space: 13.97GiB
2025-11-15T09:11:51.3096530Z ##[endgroup]
2025-11-15T09:11:51.3899421Z ##[group]Inspect builder
2025-11-15T09:11:51.3902376Z {
2025-11-15T09:11:51.3902860Z   "nodes": [
2025-11-15T09:11:51.3903119Z     {
2025-11-15T09:11:51.3903482Z       "name": "builder-5a88b550-6050-4b7a-bdb6-9d30270336dd0",
2025-11-15T09:11:51.3904012Z       "endpoint": "unix:///var/run/docker.sock",
2025-11-15T09:11:51.3904588Z       "status": "running",
2025-11-15T09:11:51.3905342Z       "buildkitd-flags": "--allow-insecure-entitlement security.insecure --allow-insecure-entitlement network.host",
2025-11-15T09:11:51.3906142Z       "buildkit": "v0.25.1",
2025-11-15T09:11:51.3906695Z       "platforms": "linux/amd64,linux/amd64/v2,linux/amd64/v3,linux/amd64/v4,linux/386",
2025-11-15T09:11:51.3907279Z       "features": {
2025-11-15T09:11:51.3907727Z         "Automatically load images to the Docker Engine image store": true,
2025-11-15T09:11:51.3908626Z         "Cache export": true,
2025-11-15T09:11:51.3908973Z         "Direct push": true,
2025-11-15T09:11:51.3909287Z         "Docker exporter": true,
2025-11-15T09:11:51.3909515Z         "Multi-platform build": true,
2025-11-15T09:11:51.3909746Z         "OCI exporter": true
2025-11-15T09:11:51.3909937Z       },
2025-11-15T09:11:51.3910085Z       "labels": {
2025-11-15T09:11:51.3910407Z         "org.mobyproject.buildkit.worker.executor": "oci",
2025-11-15T09:11:51.3910797Z         "org.mobyproject.buildkit.worker.hostname": "d8db2d639f74",
2025-11-15T09:11:51.3911152Z         "org.mobyproject.buildkit.worker.network": "host",
2025-11-15T09:11:51.3911509Z         "org.mobyproject.buildkit.worker.oci.process-mode": "sandbox",
2025-11-15T09:11:51.3911915Z         "org.mobyproject.buildkit.worker.selinux.enabled": "false",
2025-11-15T09:11:51.3912296Z         "org.mobyproject.buildkit.worker.snapshotter": "overlayfs"
2025-11-15T09:11:51.3912611Z       },
2025-11-15T09:11:51.3912869Z       "gcPolicy": [
2025-11-15T09:11:51.3913041Z         {
2025-11-15T09:11:51.3913201Z           "all": false,
2025-11-15T09:11:51.3913376Z           "filter": [
2025-11-15T09:11:51.3913579Z             "type==source.local",
2025-11-15T09:11:51.3913806Z             "type==exec.cachemount",
2025-11-15T09:11:51.3914042Z             "type==source.git.checkout"
2025-11-15T09:11:51.3914269Z           ],
2025-11-15T09:11:51.3914769Z           "keepDuration": "48h0m0s",
2025-11-15T09:11:51.3915004Z           "maxUsedSpace": "488.3MiB"
2025-11-15T09:11:51.3915205Z         },
2025-11-15T09:11:51.3915365Z         {
2025-11-15T09:11:51.3915518Z           "all": false,
2025-11-15T09:11:51.3915723Z           "keepDuration": "1440h0m0s",
2025-11-15T09:11:51.3915948Z           "reservedSpace": "7.451GiB",
2025-11-15T09:11:51.3916180Z           "maxUsedSpace": "54.02GiB",
2025-11-15T09:11:51.3916397Z           "minFreeSpace": "13.97GiB"
2025-11-15T09:11:51.3916603Z         },
2025-11-15T09:11:51.3916748Z         {
2025-11-15T09:11:51.3916910Z           "all": false,
2025-11-15T09:11:51.3917101Z           "reservedSpace": "7.451GiB",
2025-11-15T09:11:51.3917319Z           "maxUsedSpace": "54.02GiB",
2025-11-15T09:11:51.3917539Z           "minFreeSpace": "13.97GiB"
2025-11-15T09:11:51.3917733Z         },
2025-11-15T09:11:51.3917881Z         {
2025-11-15T09:11:51.3918030Z           "all": true,
2025-11-15T09:11:51.3918219Z           "reservedSpace": "7.451GiB",
2025-11-15T09:11:51.3918436Z           "maxUsedSpace": "54.02GiB",
2025-11-15T09:11:51.3918649Z           "minFreeSpace": "13.97GiB"
2025-11-15T09:11:51.3918849Z         }
2025-11-15T09:11:51.3918988Z       ]
2025-11-15T09:11:51.3919136Z     }
2025-11-15T09:11:51.3919271Z   ],
2025-11-15T09:11:51.3919480Z   "name": "builder-5a88b550-6050-4b7a-bdb6-9d30270336dd",
2025-11-15T09:11:51.3919755Z   "driver": "docker-container",
2025-11-15T09:11:51.3919985Z   "lastActivity": "2025-11-15T09:11:47.000Z"
2025-11-15T09:11:51.3920201Z }
2025-11-15T09:11:51.3920605Z ##[endgroup]
2025-11-15T09:11:51.3920921Z ##[group]BuildKit version
2025-11-15T09:11:51.3921255Z builder-5a88b550-6050-4b7a-bdb6-9d30270336dd0: v0.25.1
2025-11-15T09:11:51.3921659Z ##[endgroup]
2025-11-15T09:11:51.3981953Z ##[group]Run docker build -t rtl8159-builder .
2025-11-15T09:11:51.3982316Z [36;1mdocker build -t rtl8159-builder .[0m
2025-11-15T09:11:51.4001219Z shell: /usr/bin/bash -e {0}
2025-11-15T09:11:51.4001525Z ##[endgroup]
2025-11-15T09:11:51.7286161Z #0 building with "default" instance using docker driver
2025-11-15T09:11:51.7286626Z 
2025-11-15T09:11:51.7286892Z #1 [internal] load build definition from Dockerfile
2025-11-15T09:11:51.7287375Z #1 transferring dockerfile: 1.23kB done
2025-11-15T09:11:51.7287749Z #1 DONE 0.0s
2025-11-15T09:11:51.7287903Z 
2025-11-15T09:11:51.7288105Z #2 [internal] load metadata for docker.io/library/ubuntu:20.04
2025-11-15T09:11:51.9101743Z #2 ...
2025-11-15T09:11:51.9101991Z 
2025-11-15T09:11:51.9102361Z #3 [auth] library/ubuntu:pull token for registry-1.docker.io
2025-11-15T09:11:51.9102854Z #3 DONE 0.0s
2025-11-15T09:11:52.0594454Z 
2025-11-15T09:11:52.0595439Z #2 [internal] load metadata for docker.io/library/ubuntu:20.04
2025-11-15T09:11:52.4895563Z #2 DONE 0.9s
2025-11-15T09:11:52.6041437Z 
2025-11-15T09:11:52.6042343Z #4 [internal] load .dockerignore
2025-11-15T09:11:52.6042821Z #4 transferring context: 2B done
2025-11-15T09:11:52.6043302Z #4 DONE 0.0s
2025-11-15T09:11:52.6043476Z 
2025-11-15T09:11:52.6043615Z #5 [internal] load build context
2025-11-15T09:11:52.6043902Z #5 transferring context: 14.34kB done
2025-11-15T09:11:52.6044214Z #5 DONE 0.0s
2025-11-15T09:11:52.6044623Z 
2025-11-15T09:11:52.6044979Z #6 [1/8] FROM docker.io/library/ubuntu:20.04@sha256:8feb4d8ca5354def3d8fce243717141ce31e2c428701f6682bd2fafe15388214
2025-11-15T09:11:52.6045727Z #6 resolve docker.io/library/ubuntu:20.04@sha256:8feb4d8ca5354def3d8fce243717141ce31e2c428701f6682bd2fafe15388214 done
2025-11-15T09:11:52.6046432Z #6 sha256:8feb4d8ca5354def3d8fce243717141ce31e2c428701f6682bd2fafe15388214 6.69kB / 6.69kB done
2025-11-15T09:11:52.6047049Z #6 sha256:c664f8f86ed5a386b0a340d981b8f81714e21a8b9c73f658c4bea56aa179d54a 424B / 424B done
2025-11-15T09:11:52.6047676Z #6 sha256:b7bab04fd9aa0c771e5720bf0cc7cbf993fd6946645983d9096126e5af45d713 2.30kB / 2.30kB done
2025-11-15T09:11:52.6048247Z #6 sha256:13b7e930469f6d3575a320709035c6acf6f5485a76abcf03d1b92a64c09c2476 0B / 27.51MB 0.1s
2025-11-15T09:11:52.7049852Z #6 sha256:13b7e930469f6d3575a320709035c6acf6f5485a76abcf03d1b92a64c09c2476 5.24MB / 27.51MB 0.2s
2025-11-15T09:11:52.8985586Z #6 sha256:13b7e930469f6d3575a320709035c6acf6f5485a76abcf03d1b92a64c09c2476 24.12MB / 27.51MB 0.3s
2025-11-15T09:11:52.8986699Z #6 extracting sha256:13b7e930469f6d3575a320709035c6acf6f5485a76abcf03d1b92a64c09c2476
2025-11-15T09:11:53.0992985Z #6 sha256:13b7e930469f6d3575a320709035c6acf6f5485a76abcf03d1b92a64c09c2476 27.51MB / 27.51MB 0.3s done
2025-11-15T09:11:53.6631429Z #6 extracting sha256:13b7e930469f6d3575a320709035c6acf6f5485a76abcf03d1b92a64c09c2476 0.7s done
2025-11-15T09:11:53.6632048Z #6 DONE 1.2s
2025-11-15T09:11:53.8151366Z 
2025-11-15T09:11:53.8153513Z #7 [2/8] RUN apt-get update && apt-get install -y     build-essential     libelf-dev     bc     wget     curl     bzip2     xz-utils     flex     bison     libssl-dev     libncurses5-dev     git     unzip     kmod     cpio     rsync     python3     python3-pip     file     jq     dos2unix     sudo     && rm -rf /var/lib/apt/lists/*
2025-11-15T09:11:54.0310498Z #7 0.367 Get:1 http://security.ubuntu.com/ubuntu focal-security InRelease [128 kB]
2025-11-15T09:11:54.1534222Z #7 0.489 Get:2 http://archive.ubuntu.com/ubuntu focal InRelease [265 kB]
2025-11-15T09:11:54.6649919Z #7 1.001 Get:3 http://security.ubuntu.com/ubuntu focal-security/multiverse amd64 Packages [33.1 kB]
2025-11-15T09:11:54.8230574Z #7 1.159 Get:4 http://security.ubuntu.com/ubuntu focal-security/main amd64 Packages [4432 kB]
2025-11-15T09:11:55.0009799Z #7 1.186 Get:5 http://archive.ubuntu.com/ubuntu focal-updates InRelease [128 kB]
2025-11-15T09:11:55.0194908Z #7 1.355 Get:6 http://archive.ubuntu.com/ubuntu focal-backports InRelease [128 kB]
2025-11-15T09:11:55.1892566Z #7 1.525 Get:7 http://archive.ubuntu.com/ubuntu focal/main amd64 Packages [1275 kB]
2025-11-15T09:11:55.5113887Z #7 1.847 Get:8 http://archive.ubuntu.com/ubuntu focal/restricted amd64 Packages [33.4 kB]
2025-11-15T09:11:55.7117650Z #7 1.848 Get:9 http://security.ubuntu.com/ubuntu focal-security/universe amd64 Packages [1308 kB]
2025-11-15T09:11:55.7119050Z #7 1.852 Get:10 http://archive.ubuntu.com/ubuntu focal/multiverse amd64 Packages [177 kB]
2025-11-15T09:11:55.7120124Z #7 1.879 Get:11 http://archive.ubuntu.com/ubuntu focal/universe amd64 Packages [11.3 MB]
2025-11-15T09:11:55.7121170Z #7 1.897 Get:12 http://security.ubuntu.com/ubuntu focal-security/restricted amd64 Packages [4801 kB]
2025-11-15T09:11:55.9737620Z #7 2.309 Get:13 http://archive.ubuntu.com/ubuntu focal-updates/main amd64 Packages [4920 kB]
2025-11-15T09:11:56.1210443Z #7 2.457 Get:14 http://archive.ubuntu.com/ubuntu focal-updates/restricted amd64 Packages [4998 kB]
2025-11-15T09:11:56.2708457Z #7 2.606 Get:15 http://archive.ubuntu.com/ubuntu focal-updates/multiverse amd64 Packages [36.8 kB]
2025-11-15T09:11:56.4675033Z #7 2.607 Get:16 http://archive.ubuntu.com/ubuntu focal-updates/universe amd64 Packages [1599 kB]
2025-11-15T09:11:56.4675765Z #7 2.652 Get:17 http://archive.ubuntu.com/ubuntu focal-backports/main amd64 Packages [55.2 kB]
2025-11-15T09:11:56.4676764Z #7 2.653 Get:18 http://archive.ubuntu.com/ubuntu focal-backports/universe amd64 Packages [28.6 kB]
2025-11-15T09:11:57.1407190Z #7 3.476 Fetched 35.7 MB in 3s (10.6 MB/s)
2025-11-15T09:11:58.0213788Z #7 3.476 Reading package lists...
2025-11-15T09:11:58.9782660Z #7 4.407 Reading package lists...
2025-11-15T09:11:59.1584888Z #7 5.331 Building dependency tree...
2025-11-15T09:11:59.1586532Z #7 5.494 Reading state information...
2025-11-15T09:11:59.3338741Z #7 5.669 bzip2 is already the newest version (1.0.8-2).
2025-11-15T09:11:59.3339575Z #7 5.669 The following additional packages will be installed:
2025-11-15T09:11:59.3340611Z #7 5.669   binutils binutils-common binutils-x86-64-linux-gnu ca-certificates cpp cpp-9
2025-11-15T09:11:59.3341757Z #7 5.669   dirmngr dpkg-dev fakeroot g++ g++-9 gcc gcc-9 gcc-9-base git-man gnupg
2025-11-15T09:11:59.3342801Z #7 5.669   gnupg-l10n gnupg-utils gpg gpg-agent gpg-wks-client gpg-wks-server gpgconf
2025-11-15T09:11:59.3343717Z #7 5.669   gpgsm gpgv krb5-locales less libalgorithm-diff-perl
2025-11-15T09:11:59.3344826Z #7 5.669   libalgorithm-diff-xs-perl libalgorithm-merge-perl libasan5 libasn1-8-heimdal
2025-11-15T09:11:59.3345506Z #7 5.669   libassuan0 libatomic1 libbinutils libbrotli1 libbsd0 libc-dev-bin libc6
2025-11-15T09:11:59.3346077Z #7 5.669   libc6-dev libcbor0.6 libcc1-0 libcrypt-dev libctf-nobfd0 libctf0
2025-11-15T09:11:59.3346746Z #7 5.669   libcurl3-gnutls libcurl4 libdpkg-perl libedit2 libelf1 liberror-perl
2025-11-15T09:11:59.3347362Z #7 5.669   libexpat1 libexpat1-dev libfakeroot libfido2-1 libfile-fcntllock-perl
2025-11-15T09:11:59.3347927Z #7 5.669   libfl-dev libfl2 libgcc-9-dev libgdbm-compat4 libgdbm6 libgomp1
2025-11-15T09:11:59.3348851Z #7 5.669   libgssapi-krb5-2 libgssapi3-heimdal libhcrypto4-heimdal libheimbase1-heimdal
2025-11-15T09:11:59.3349846Z #7 5.669   libheimntlm0-heimdal libhx509-5-heimdal libisl22 libitm1 libjq1 libk5crypto3
2025-11-15T09:11:59.3350741Z #7 5.669   libkeyutils1 libkmod2 libkrb5-26-heimdal libkrb5-3 libkrb5support0 libksba8
2025-11-15T09:11:59.3351463Z #7 5.669   libldap-2.4-2 libldap-common liblocale-gettext-perl liblsan0 libmagic-mgc
2025-11-15T09:11:59.3351961Z #7 5.669   libmagic1 libmpc3 libmpdec2 libmpfr6 libncurses-dev libnghttp2-14 libnpth0
2025-11-15T09:11:59.3352488Z #7 5.669   libonig5 libperl5.30 libpopt0 libpsl5 libpython3-dev libpython3-stdlib
2025-11-15T09:11:59.3353164Z #7 5.669   libpython3.8 libpython3.8-dev libpython3.8-minimal libpython3.8-stdlib
2025-11-15T09:11:59.4857069Z #7 5.670   libquadmath0 libreadline8 libroken18-heimdal librtmp1 libsasl2-2
2025-11-15T09:11:59.4858012Z #7 5.670   libsasl2-modules libsasl2-modules-db libsigsegv2 libsqlite3-0 libssh-4
2025-11-15T09:11:59.4859083Z #7 5.670   libssl1.1 libstdc++-9-dev libtsan0 libubsan1 libwind0-heimdal libx11-6
2025-11-15T09:11:59.4859675Z #7 5.670   libx11-data libxau6 libxcb1 libxdmcp6 libxext6 libxmuu1 linux-libc-dev m4
2025-11-15T09:11:59.4860367Z #7 5.670   make manpages manpages-dev mime-support netbase openssh-client openssl patch
2025-11-15T09:11:59.4860967Z #7 5.670   perl perl-modules-5.30 pinentry-curses publicsuffix python-pip-whl
2025-11-15T09:11:59.4861546Z #7 5.670   python3-dev python3-distutils python3-lib2to3 python3-minimal
2025-11-15T09:11:59.4862187Z #7 5.670   python3-pkg-resources python3-setuptools python3-wheel python3.8
2025-11-15T09:11:59.4862720Z #7 5.670   python3.8-dev python3.8-minimal readline-common xauth zlib1g-dev
2025-11-15T09:11:59.4863246Z #7 5.671 Suggested packages:
2025-11-15T09:11:59.4863705Z #7 5.671   binutils-doc bison-doc libarchive1 cpp-doc gcc-9-locales dbus-user-session
2025-11-15T09:11:59.4864784Z #7 5.671   libpam-systemd pinentry-gnome3 tor debian-keyring flex-doc g++-multilib
2025-11-15T09:11:59.4865418Z #7 5.671   g++-9-multilib gcc-9-doc gcc-multilib autoconf automake libtool gdb gcc-doc
2025-11-15T09:11:59.4866049Z #7 5.671   gcc-9-multilib gettext-base git-daemon-run | git-daemon-sysvinit git-doc
2025-11-15T09:11:59.4866651Z #7 5.671   git-el git-email git-gui gitk gitweb git-cvs git-mediawiki git-svn
2025-11-15T09:11:59.4867201Z #7 5.671   parcimonie xloadimage scdaemon glibc-doc locales bzr gdbm-l10n krb5-doc
2025-11-15T09:11:59.4867767Z #7 5.671   krb5-user ncurses-doc libsasl2-modules-gssapi-mit
2025-11-15T09:11:59.4868331Z #7 5.671   | libsasl2-modules-gssapi-heimdal libsasl2-modules-ldap libsasl2-modules-otp
2025-11-15T09:11:59.4868996Z #7 5.671   libsasl2-modules-sql libssl-doc libstdc++-9-doc m4-doc make-doc man-browser
2025-11-15T09:11:59.4869653Z #7 5.671   keychain libpam-ssh monkeysphere ssh-askpass ed diffutils-doc perl-doc
2025-11-15T09:11:59.4870251Z #7 5.671   libterm-readline-gnu-perl | libterm-readline-perl-perl libb-debug-perl
2025-11-15T09:11:59.4870921Z #7 5.671   liblocale-codes-perl pinentry-doc python3-doc python3-tk python3-venv
2025-11-15T09:11:59.4871477Z #7 5.671   python-setuptools-doc python3.8-venv python3.8-doc binfmt-support
2025-11-15T09:11:59.4872019Z #7 5.671   readline-doc openssh-server zip
2025-11-15T09:11:59.6143565Z #7 5.950 The following NEW packages will be installed:
2025-11-15T09:11:59.6146261Z #7 5.950   bc binutils binutils-common binutils-x86-64-linux-gnu bison build-essential
2025-11-15T09:11:59.7674457Z #7 5.950   ca-certificates cpio cpp cpp-9 curl dirmngr dos2unix dpkg-dev fakeroot file
2025-11-15T09:11:59.7675647Z #7 5.950   flex g++ g++-9 gcc gcc-9 gcc-9-base git git-man gnupg gnupg-l10n gnupg-utils
2025-11-15T09:11:59.7676273Z #7 5.950   gpg gpg-agent gpg-wks-client gpg-wks-server gpgconf gpgsm jq kmod
2025-11-15T09:11:59.7676839Z #7 5.950   krb5-locales less libalgorithm-diff-perl libalgorithm-diff-xs-perl
2025-11-15T09:11:59.7677499Z #7 5.950   libalgorithm-merge-perl libasan5 libasn1-8-heimdal libassuan0 libatomic1
2025-11-15T09:11:59.7678188Z #7 5.950   libbinutils libbrotli1 libbsd0 libc-dev-bin libc6-dev libcbor0.6 libcc1-0
2025-11-15T09:11:59.7678857Z #7 5.950   libcrypt-dev libctf-nobfd0 libctf0 libcurl3-gnutls libcurl4 libdpkg-perl
2025-11-15T09:11:59.7679485Z #7 5.950   libedit2 libelf-dev libelf1 liberror-perl libexpat1 libexpat1-dev
2025-11-15T09:11:59.7680064Z #7 5.950   libfakeroot libfido2-1 libfile-fcntllock-perl libfl-dev libfl2 libgcc-9-dev
2025-11-15T09:11:59.7680698Z #7 5.950   libgdbm-compat4 libgdbm6 libgomp1 libgssapi-krb5-2 libgssapi3-heimdal
2025-11-15T09:11:59.7681316Z #7 5.951   libhcrypto4-heimdal libheimbase1-heimdal libheimntlm0-heimdal
2025-11-15T09:11:59.7681858Z #7 5.951   libhx509-5-heimdal libisl22 libitm1 libjq1 libk5crypto3 libkeyutils1
2025-11-15T09:11:59.7682512Z #7 5.951   libkmod2 libkrb5-26-heimdal libkrb5-3 libkrb5support0 libksba8 libldap-2.4-2
2025-11-15T09:11:59.7683128Z #7 5.951   libldap-common liblocale-gettext-perl liblsan0 libmagic-mgc libmagic1
2025-11-15T09:11:59.7684034Z #7 5.951   libmpc3 libmpdec2 libmpfr6 libncurses-dev libncurses5-dev libnghttp2-14
2025-11-15T09:11:59.7684806Z #7 5.951   libnpth0 libonig5 libperl5.30 libpopt0 libpsl5 libpython3-dev
2025-11-15T09:11:59.7685373Z #7 5.951   libpython3-stdlib libpython3.8 libpython3.8-dev libpython3.8-minimal
2025-11-15T09:11:59.7686043Z #7 5.951   libpython3.8-stdlib libquadmath0 libreadline8 libroken18-heimdal librtmp1
2025-11-15T09:11:59.7686645Z #7 5.951   libsasl2-2 libsasl2-modules libsasl2-modules-db libsigsegv2 libsqlite3-0
2025-11-15T09:11:59.7687279Z #7 5.951   libssh-4 libssl-dev libssl1.1 libstdc++-9-dev libtsan0 libubsan1
2025-11-15T09:11:59.7687837Z #7 5.951   libwind0-heimdal libx11-6 libx11-data libxau6 libxcb1 libxdmcp6 libxext6
2025-11-15T09:11:59.7688461Z #7 5.951   libxmuu1 linux-libc-dev m4 make manpages manpages-dev mime-support netbase
2025-11-15T09:11:59.7689090Z #7 5.951   openssh-client openssl patch perl perl-modules-5.30 pinentry-curses
2025-11-15T09:11:59.7689798Z #7 5.951   publicsuffix python-pip-whl python3 python3-dev python3-distutils
2025-11-15T09:11:59.7690395Z #7 5.951   python3-lib2to3 python3-minimal python3-pip python3-pkg-resources
2025-11-15T09:11:59.7690960Z #7 5.951   python3-setuptools python3-wheel python3.8 python3.8-dev python3.8-minimal
2025-11-15T09:11:59.7691605Z #7 5.952   readline-common rsync sudo unzip wget xauth xz-utils zlib1g-dev
2025-11-15T09:11:59.7692096Z #7 5.952 The following packages will be upgraded:
2025-11-15T09:11:59.7692432Z #7 5.953   gpgv libc6
2025-11-15T09:11:59.8968432Z #7 6.233 2 upgraded, 169 newly installed, 0 to remove and 3 not upgraded.
2025-11-15T09:11:59.8969158Z #7 6.233 Need to get 92.8 MB of archives.
2025-11-15T09:11:59.8969668Z #7 6.233 After this operation, 410 MB of additional disk space will be used.
2025-11-15T09:11:59.8970444Z #7 6.233 Get:1 http://archive.ubuntu.com/ubuntu focal-updates/main amd64 libc6 amd64 2.31-0ubuntu9.18 [2720 kB]
2025-11-15T09:12:00.4998113Z #7 6.836 Get:2 http://archive.ubuntu.com/ubuntu focal/main amd64 liblocale-gettext-perl amd64 1.07-4 [17.1 kB]
2025-11-15T09:12:00.6309450Z #7 6.836 Get:3 http://archive.ubuntu.com/ubuntu focal-updates/main amd64 libssl1.1 amd64 1.1.1f-1ubuntu2.24 [1323 kB]
2025-11-15T09:12:00.6312809Z #7 6.859 Get:4 http://archive.ubuntu.com/ubuntu focal-updates/main amd64 libpython3.8-minimal amd64 3.8.10-0ubuntu1~20.04.18 [721 kB]
2025-11-15T09:12:00.6314980Z #7 6.872 Get:5 http://archive.ubuntu.com/ubuntu focal-updates/main amd64 libexpat1 amd64 2.2.9-1ubuntu0.8 [75.6 kB]
2025-11-15T09:12:00.6316856Z #7 6.874 Get:6 http://archive.ubuntu.com/ubuntu focal-updates/main amd64 python3.8-minimal amd64 3.8.10-0ubuntu1~20.04.18 [1900 kB]
2025-11-15T09:12:00.6318350Z #7 6.924 Get:7 http://archive.ubuntu.com/ubuntu focal/main amd64 python3-minimal amd64 3.8.2-0ubuntu2 [23.6 kB]
2025-11-15T09:12:00.6319699Z #7 6.925 Get:8 http://archive.ubuntu.com/ubuntu focal/main amd64 mime-support all 3.64ubuntu1 [30.6 kB]
2025-11-15T09:12:00.6321139Z #7 6.925 Get:9 http://archive.ubuntu.com/ubuntu focal/main amd64 libmpdec2 amd64 2.4.2-3 [81.1 kB]
2025-11-15T09:12:00.6322388Z #7 6.926 Get:10 http://archive.ubuntu.com/ubuntu focal/main amd64 readline-common all 8.0-4 [53.5 kB]
2025-11-15T09:12:00.6323561Z #7 6.927 Get:11 http://archive.ubuntu.com/ubuntu focal/main amd64 libreadline8 amd64 8.0-4 [131 kB]
2025-11-15T09:12:00.6325095Z #7 6.967 Get:12 http://archive.ubuntu.com/ubuntu focal-updates/main amd64 libsqlite3-0 amd64 3.31.1-4ubuntu0.7 [549 kB]
2025-11-15T09:12:00.7627974Z #7 6.972 Get:13 http://archive.ubuntu.com/ubuntu focal-updates/main amd64 libpython3.8-stdlib amd64 3.8.10-0ubuntu1~20.04.18 [1676 kB]
2025-11-15T09:12:00.7628905Z #7 6.986 Get:14 http://archive.ubuntu.com/ubuntu focal-updates/main amd64 python3.8 amd64 3.8.10-0ubuntu1~20.04.18 [387 kB]
2025-11-15T09:12:00.7629901Z #7 6.989 Get:15 http://archive.ubuntu.com/ubuntu focal/main amd64 libpython3-stdlib amd64 3.8.2-0ubuntu2 [7068 B]
2025-11-15T09:12:00.7630861Z #7 7.033 Get:16 http://archive.ubuntu.com/ubuntu focal/main amd64 python3 amd64 3.8.2-0ubuntu2 [47.6 kB]
2025-11-15T09:12:00.7631956Z #7 7.033 Get:17 http://archive.ubuntu.com/ubuntu focal/main amd64 libpopt0 amd64 1.16-14 [26.3 kB]
2025-11-15T09:12:00.7633007Z #7 7.034 Get:18 http://archive.ubuntu.com/ubuntu focal-updates/main amd64 rsync amd64 3.1.3-8ubuntu0.9 [323 kB]
2025-11-15T09:12:00.7633758Z #7 7.037 Get:19 http://archive.ubuntu.com/ubuntu focal/main amd64 libsigsegv2 amd64 2.12-2 [13.9 kB]
2025-11-15T09:12:00.7634684Z #7 7.037 Get:20 http://archive.ubuntu.com/ubuntu focal/main amd64 m4 amd64 1.4.18-4 [199 kB]
2025-11-15T09:12:00.7635386Z #7 7.039 Get:21 http://archive.ubuntu.com/ubuntu focal/main amd64 flex amd64 2.6.4-6.2 [317 kB]
2025-11-15T09:12:00.7636213Z #7 7.098 Get:22 http://archive.ubuntu.com/ubuntu focal-updates/main amd64 perl-modules-5.30 all 5.30.0-9ubuntu0.5 [2739 kB]
2025-11-15T09:12:00.8937104Z #7 7.121 Get:23 http://archive.ubuntu.com/ubuntu focal/main amd64 libgdbm6 amd64 1.18.1-5 [27.4 kB]
2025-11-15T09:12:00.8938995Z #7 7.121 Get:24 http://archive.ubuntu.com/ubuntu focal/main amd64 libgdbm-compat4 amd64 1.18.1-5 [6244 B]
2025-11-15T09:12:00.8940450Z #7 7.121 Get:25 http://archive.ubuntu.com/ubuntu focal-updates/main amd64 libperl5.30 amd64 5.30.0-9ubuntu0.5 [3941 kB]
2025-11-15T09:12:00.8941840Z #7 7.184 Get:26 http://archive.ubuntu.com/ubuntu focal-updates/main amd64 perl amd64 5.30.0-9ubuntu0.5 [224 kB]
2025-11-15T09:12:00.8942990Z #7 7.186 Get:27 http://archive.ubuntu.com/ubuntu focal-updates/main amd64 gpgv amd64 2.2.19-3ubuntu2.5 [200 kB]
2025-11-15T09:12:00.8944112Z #7 7.188 Get:28 http://archive.ubuntu.com/ubuntu focal-updates/main amd64 openssl amd64 1.1.1f-1ubuntu2.24 [621 kB]
2025-11-15T09:12:00.8945580Z #7 7.193 Get:29 http://archive.ubuntu.com/ubuntu focal-updates/main amd64 ca-certificates all 20240203~20.04.1 [159 kB]
2025-11-15T09:12:00.8946869Z #7 7.194 Get:30 http://archive.ubuntu.com/ubuntu focal/main amd64 libmagic-mgc amd64 1:5.38-4 [218 kB]
2025-11-15T09:12:00.8948014Z #7 7.196 Get:31 http://archive.ubuntu.com/ubuntu focal/main amd64 libmagic1 amd64 1:5.38-4 [75.9 kB]
2025-11-15T09:12:00.8949236Z #7 7.229 Get:32 http://archive.ubuntu.com/ubuntu focal/main amd64 file amd64 1:5.38-4 [23.3 kB]
2025-11-15T09:12:01.0253307Z #7 7.230 Get:33 http://archive.ubuntu.com/ubuntu focal-updates/main amd64 libkmod2 amd64 27-1ubuntu2.1 [45.3 kB]
2025-11-15T09:12:01.0254118Z #7 7.231 Get:34 http://archive.ubuntu.com/ubuntu focal-updates/main amd64 kmod amd64 27-1ubuntu2.1 [94.8 kB]
2025-11-15T09:12:01.0255354Z #7 7.295 Get:35 http://archive.ubuntu.com/ubuntu focal-updates/main amd64 less amd64 551-1ubuntu0.3 [123 kB]
2025-11-15T09:12:01.0256130Z #7 7.297 Get:36 http://archive.ubuntu.com/ubuntu focal/main amd64 libbsd0 amd64 0.10.0-1 [45.4 kB]
2025-11-15T09:12:01.0256841Z #7 7.297 Get:37 http://archive.ubuntu.com/ubuntu focal-updates/main amd64 libelf1 amd64 0.176-1.1ubuntu0.1 [44.2 kB]
2025-11-15T09:12:01.0257620Z #7 7.298 Get:38 http://archive.ubuntu.com/ubuntu focal/main amd64 netbase all 6.1 [13.1 kB]
2025-11-15T09:12:01.0258411Z #7 7.298 Get:39 http://archive.ubuntu.com/ubuntu focal-updates/main amd64 python3-pkg-resources all 45.2.0-1ubuntu0.3 [130 kB]
2025-11-15T09:12:01.0259540Z #7 7.299 Get:40 http://archive.ubuntu.com/ubuntu focal-updates/main amd64 sudo amd64 1.8.31-1ubuntu1.5 [515 kB]
2025-11-15T09:12:01.0260926Z #7 7.304 Get:41 http://archive.ubuntu.com/ubuntu focal-updates/main amd64 xz-utils amd64 5.2.4-1ubuntu1.1 [82.6 kB]
2025-11-15T09:12:01.0262067Z #7 7.361 Get:42 http://archive.ubuntu.com/ubuntu focal-updates/main amd64 cpio amd64 2.13+dfsg-2ubuntu0.4 [87.0 kB]
2025-11-15T09:12:01.1565370Z #7 7.362 Get:43 http://archive.ubuntu.com/ubuntu focal-updates/main amd64 krb5-locales all 1.17-6ubuntu4.11 [12.0 kB]
2025-11-15T09:12:01.1566673Z #7 7.362 Get:44 http://archive.ubuntu.com/ubuntu focal/main amd64 libcbor0.6 amd64 0.6.0-0ubuntu1 [21.1 kB]
2025-11-15T09:12:01.1568158Z #7 7.427 Get:45 http://archive.ubuntu.com/ubuntu focal/main amd64 libedit2 amd64 3.1-20191231-1 [87.0 kB]
2025-11-15T09:12:01.1569546Z #7 7.428 Get:46 http://archive.ubuntu.com/ubuntu focal/main amd64 libfido2-1 amd64 1.3.1-1ubuntu2 [47.9 kB]
2025-11-15T09:12:01.1571095Z #7 7.428 Get:47 http://archive.ubuntu.com/ubuntu focal-updates/main amd64 libkrb5support0 amd64 1.17-6ubuntu4.11 [31.5 kB]
2025-11-15T09:12:01.1572772Z #7 7.429 Get:48 http://archive.ubuntu.com/ubuntu focal-updates/main amd64 libk5crypto3 amd64 1.17-6ubuntu4.11 [80.3 kB]
2025-11-15T09:12:01.1573805Z #7 7.430 Get:49 http://archive.ubuntu.com/ubuntu focal-updates/main amd64 libkeyutils1 amd64 1.6-6ubuntu1.1 [10.3 kB]
2025-11-15T09:12:01.1574798Z #7 7.430 Get:50 http://archive.ubuntu.com/ubuntu focal-updates/main amd64 libkrb5-3 amd64 1.17-6ubuntu4.11 [330 kB]
2025-11-15T09:12:01.1575666Z #7 7.433 Get:51 http://archive.ubuntu.com/ubuntu focal-updates/main amd64 libgssapi-krb5-2 amd64 1.17-6ubuntu4.11 [121 kB]
2025-11-15T09:12:01.1576445Z #7 7.492 Get:52 http://archive.ubuntu.com/ubuntu focal/main amd64 libpsl5 amd64 0.21.0-1ubuntu1 [51.5 kB]
2025-11-15T09:12:01.2879950Z #7 7.493 Get:53 http://archive.ubuntu.com/ubuntu focal/main amd64 libxau6 amd64 1:1.0.9-0ubuntu1 [7488 B]
2025-11-15T09:12:01.2881279Z #7 7.493 Get:54 http://archive.ubuntu.com/ubuntu focal/main amd64 libxdmcp6 amd64 1:1.1.3-0ubuntu1 [10.6 kB]
2025-11-15T09:12:01.2881989Z #7 7.558 Get:55 http://archive.ubuntu.com/ubuntu focal/main amd64 libxcb1 amd64 1.14-2 [44.7 kB]
2025-11-15T09:12:01.2882841Z #7 7.559 Get:56 http://archive.ubuntu.com/ubuntu focal-updates/main amd64 libx11-data all 2:1.6.9-2ubuntu1.6 [114 kB]
2025-11-15T09:12:01.2883694Z #7 7.560 Get:57 http://archive.ubuntu.com/ubuntu focal-updates/main amd64 libx11-6 amd64 2:1.6.9-2ubuntu1.6 [577 kB]
2025-11-15T09:12:01.2884915Z #7 7.565 Get:58 http://archive.ubuntu.com/ubuntu focal/main amd64 libxext6 amd64 2:1.3.4-0ubuntu1 [29.1 kB]
2025-11-15T09:12:01.2885692Z #7 7.566 Get:59 http://archive.ubuntu.com/ubuntu focal/main amd64 libxmuu1 amd64 2:1.1.3-0ubuntu1 [9728 B]
2025-11-15T09:12:01.2886423Z #7 7.566 Get:60 http://archive.ubuntu.com/ubuntu focal/main amd64 manpages all 5.05-1 [1314 kB]
2025-11-15T09:12:01.2887472Z #7 7.574 Get:61 http://archive.ubuntu.com/ubuntu focal-updates/main amd64 openssh-client amd64 1:8.2p1-4ubuntu0.13 [670 kB]
2025-11-15T09:12:01.2889378Z #7 7.624 Get:62 http://archive.ubuntu.com/ubuntu focal/main amd64 publicsuffix all 20200303.0012-1 [111 kB]
2025-11-15T09:12:01.4197370Z #7 7.625 Get:63 http://archive.ubuntu.com/ubuntu focal-updates/main amd64 wget amd64 1.20.3-1ubuntu2.1 [349 kB]
2025-11-15T09:12:01.4198763Z #7 7.628 Get:64 http://archive.ubuntu.com/ubuntu focal/main amd64 xauth amd64 1:1.1-0ubuntu1 [25.0 kB]
2025-11-15T09:12:01.4200157Z #7 7.689 Get:65 http://archive.ubuntu.com/ubuntu focal/main amd64 bc amd64 1.07.1-2build1 [86.3 kB]
2025-11-15T09:12:01.4201051Z #7 7.691 Get:66 http://archive.ubuntu.com/ubuntu focal-updates/main amd64 binutils-common amd64 2.34-6ubuntu1.11 [208 kB]
2025-11-15T09:12:01.4201934Z #7 7.692 Get:67 http://archive.ubuntu.com/ubuntu focal-updates/main amd64 libbinutils amd64 2.34-6ubuntu1.11 [475 kB]
2025-11-15T09:12:01.4202786Z #7 7.696 Get:68 http://archive.ubuntu.com/ubuntu focal-updates/main amd64 libctf-nobfd0 amd64 2.34-6ubuntu1.11 [48.2 kB]
2025-11-15T09:12:01.4203611Z #7 7.697 Get:69 http://archive.ubuntu.com/ubuntu focal-updates/main amd64 libctf0 amd64 2.34-6ubuntu1.11 [46.6 kB]
2025-11-15T09:12:01.4204700Z #7 7.698 Get:70 http://archive.ubuntu.com/ubuntu focal-updates/main amd64 binutils-x86-64-linux-gnu amd64 2.34-6ubuntu1.11 [1612 kB]
2025-11-15T09:12:01.4205543Z #7 7.711 Get:71 http://archive.ubuntu.com/ubuntu focal-updates/main amd64 binutils amd64 2.34-6ubuntu1.11 [3380 B]
2025-11-15T09:12:01.4206301Z #7 7.755 Get:72 http://archive.ubuntu.com/ubuntu focal/main amd64 bison amd64 2:3.5.1+dfsg-1 [657 kB]
2025-11-15T09:12:01.6646236Z #7 7.760 Get:73 http://archive.ubuntu.com/ubuntu focal-updates/main amd64 libc-dev-bin amd64 2.31-0ubuntu9.18 [71.7 kB]
2025-11-15T09:12:01.6647250Z #7 7.761 Get:74 http://archive.ubuntu.com/ubuntu focal-updates/main amd64 linux-libc-dev amd64 5.4.0-216.236 [1111 kB]
2025-11-15T09:12:01.6648319Z #7 7.821 Get:75 http://archive.ubuntu.com/ubuntu focal/main amd64 libcrypt-dev amd64 1:4.4.10-10ubuntu4 [104 kB]
2025-11-15T09:12:01.6649380Z #7 7.822 Get:76 http://archive.ubuntu.com/ubuntu focal-updates/main amd64 libc6-dev amd64 2.31-0ubuntu9.18 [2520 kB]
2025-11-15T09:12:01.6650220Z #7 7.844 Get:77 http://archive.ubuntu.com/ubuntu focal-updates/main amd64 gcc-9-base amd64 9.4.0-1ubuntu1~20.04.2 [18.9 kB]
2025-11-15T09:12:01.6651004Z #7 7.844 Get:78 http://archive.ubuntu.com/ubuntu focal/main amd64 libisl22 amd64 0.22.1-1 [592 kB]
2025-11-15T09:12:01.6651725Z #7 7.848 Get:79 http://archive.ubuntu.com/ubuntu focal/main amd64 libmpfr6 amd64 4.0.2-1 [240 kB]
2025-11-15T09:12:01.6652362Z #7 7.850 Get:80 http://archive.ubuntu.com/ubuntu focal/main amd64 libmpc3 amd64 1.1.0-1 [40.8 kB]
2025-11-15T09:12:01.6653117Z #7 7.850 Get:81 http://archive.ubuntu.com/ubuntu focal-updates/main amd64 cpp-9 amd64 9.4.0-1ubuntu1~20.04.2 [7502 kB]
2025-11-15T09:12:01.6863275Z #7 8.022 Get:82 http://archive.ubuntu.com/ubuntu focal/main amd64 cpp amd64 4:9.3.0-1ubuntu2 [27.6 kB]
2025-11-15T09:12:01.7949623Z #7 8.022 Get:83 http://archive.ubuntu.com/ubuntu focal-updates/main amd64 libcc1-0 amd64 10.5.0-1ubuntu1~20.04 [48.8 kB]
2025-11-15T09:12:01.7950571Z #7 8.023 Get:84 http://archive.ubuntu.com/ubuntu focal-updates/main amd64 libgomp1 amd64 10.5.0-1ubuntu1~20.04 [102 kB]
2025-11-15T09:12:01.7951570Z #7 8.024 Get:85 http://archive.ubuntu.com/ubuntu focal-updates/main amd64 libitm1 amd64 10.5.0-1ubuntu1~20.04 [26.2 kB]
2025-11-15T09:12:01.7952671Z #7 8.025 Get:86 http://archive.ubuntu.com/ubuntu focal-updates/main amd64 libatomic1 amd64 10.5.0-1ubuntu1~20.04 [9284 B]
2025-11-15T09:12:01.7953527Z #7 8.025 Get:87 http://archive.ubuntu.com/ubuntu focal-updates/main amd64 libasan5 amd64 9.4.0-1ubuntu1~20.04.2 [2752 kB]
2025-11-15T09:12:01.7954544Z #7 8.085 Get:88 http://archive.ubuntu.com/ubuntu focal-updates/main amd64 liblsan0 amd64 10.5.0-1ubuntu1~20.04 [835 kB]
2025-11-15T09:12:01.7955765Z #7 8.099 Get:89 http://archive.ubuntu.com/ubuntu focal-updates/main amd64 libtsan0 amd64 10.5.0-1ubuntu1~20.04 [2016 kB]
2025-11-15T09:12:01.7956462Z #7 8.131 Get:90 http://archive.ubuntu.com/ubuntu focal-updates/main amd64 libubsan1 amd64 10.5.0-1ubuntu1~20.04 [785 kB]
2025-11-15T09:12:01.9897007Z #7 8.152 Get:91 http://archive.ubuntu.com/ubuntu focal-updates/main amd64 libquadmath0 amd64 10.5.0-1ubuntu1~20.04 [146 kB]
2025-11-15T09:12:01.9897988Z #7 8.156 Get:92 http://archive.ubuntu.com/ubuntu focal-updates/main amd64 libgcc-9-dev amd64 9.4.0-1ubuntu1~20.04.2 [2359 kB]
2025-11-15T09:12:01.9899011Z #7 8.193 Get:93 http://archive.ubuntu.com/ubuntu focal-updates/main amd64 gcc-9 amd64 9.4.0-1ubuntu1~20.04.2 [8276 kB]
2025-11-15T09:12:01.9899660Z #7 8.325 Get:94 http://archive.ubuntu.com/ubuntu focal/main amd64 gcc amd64 4:9.3.0-1ubuntu2 [5208 B]
2025-11-15T09:12:02.1450348Z #7 8.326 Get:95 http://archive.ubuntu.com/ubuntu focal-updates/main amd64 libstdc++-9-dev amd64 9.4.0-1ubuntu1~20.04.2 [1722 kB]
2025-11-15T09:12:02.1452186Z #7 8.351 Get:96 http://archive.ubuntu.com/ubuntu focal-updates/main amd64 g++-9 amd64 9.4.0-1ubuntu1~20.04.2 [8421 kB]
2025-11-15T09:12:02.1453950Z #7 8.481 Get:97 http://archive.ubuntu.com/ubuntu focal/main amd64 g++ amd64 4:9.3.0-1ubuntu2 [1604 B]
2025-11-15T09:12:02.2928240Z #7 8.481 Get:98 http://archive.ubuntu.com/ubuntu focal/main amd64 make amd64 4.2.1-1.2 [162 kB]
2025-11-15T09:12:02.2929636Z #7 8.482 Get:99 http://archive.ubuntu.com/ubuntu focal-updates/main amd64 libdpkg-perl all 1.19.7ubuntu3.2 [231 kB]
2025-11-15T09:12:02.2931139Z #7 8.485 Get:100 http://archive.ubuntu.com/ubuntu focal/main amd64 patch amd64 2.7.6-6 [105 kB]
2025-11-15T09:12:02.2931854Z #7 8.486 Get:101 http://archive.ubuntu.com/ubuntu focal-updates/main amd64 dpkg-dev all 1.19.7ubuntu3.2 [679 kB]
2025-11-15T09:12:02.2932719Z #7 8.628 Get:102 http://archive.ubuntu.com/ubuntu focal-updates/main amd64 build-essential amd64 12.8ubuntu1.1 [4664 B]
2025-11-15T09:12:02.5094731Z #7 8.695 Get:103 http://archive.ubuntu.com/ubuntu focal-updates/main amd64 libbrotli1 amd64 1.0.7-6ubuntu0.1 [267 kB]
2025-11-15T09:12:02.6253792Z #7 8.961 Get:104 http://archive.ubuntu.com/ubuntu focal-updates/main amd64 libroken18-heimdal amd64 7.7.0+dfsg-1ubuntu1.4 [42.5 kB]
2025-11-15T09:12:02.7474206Z #7 8.976 Get:105 http://archive.ubuntu.com/ubuntu focal-updates/main amd64 libasn1-8-heimdal amd64 7.7.0+dfsg-1ubuntu1.4 [181 kB]
2025-11-15T09:12:02.7475389Z #7 9.019 Get:106 http://archive.ubuntu.com/ubuntu focal-updates/main amd64 libheimbase1-heimdal amd64 7.7.0+dfsg-1ubuntu1.4 [30.4 kB]
2025-11-15T09:12:02.7476754Z #7 9.025 Get:107 http://archive.ubuntu.com/ubuntu focal-updates/main amd64 libhcrypto4-heimdal amd64 7.7.0+dfsg-1ubuntu1.4 [88.1 kB]
2025-11-15T09:12:02.7478342Z #7 9.039 Get:108 http://archive.ubuntu.com/ubuntu focal-updates/main amd64 libwind0-heimdal amd64 7.7.0+dfsg-1ubuntu1.4 [47.7 kB]
2025-11-15T09:12:02.7479534Z #7 9.046 Get:109 http://archive.ubuntu.com/ubuntu focal-updates/main amd64 libhx509-5-heimdal amd64 7.7.0+dfsg-1ubuntu1.4 [107 kB]
2025-11-15T09:12:02.7481139Z #7 9.060 Get:110 http://archive.ubuntu.com/ubuntu focal-updates/main amd64 libkrb5-26-heimdal amd64 7.7.0+dfsg-1ubuntu1.4 [207 kB]
2025-11-15T09:12:02.7482305Z #7 9.083 Get:111 http://archive.ubuntu.com/ubuntu focal-updates/main amd64 libheimntlm0-heimdal amd64 7.7.0+dfsg-1ubuntu1.4 [15.1 kB]
2025-11-15T09:12:02.8496517Z #7 9.084 Get:112 http://archive.ubuntu.com/ubuntu focal-updates/main amd64 libgssapi3-heimdal amd64 7.7.0+dfsg-1ubuntu1.4 [96.5 kB]
2025-11-15T09:12:02.8497882Z #7 9.094 Get:113 http://archive.ubuntu.com/ubuntu focal-updates/main amd64 libsasl2-modules-db amd64 2.1.27+dfsg-2ubuntu0.1 [14.7 kB]
2025-11-15T09:12:02.8499392Z #7 9.095 Get:114 http://archive.ubuntu.com/ubuntu focal-updates/main amd64 libsasl2-2 amd64 2.1.27+dfsg-2ubuntu0.1 [49.3 kB]
2025-11-15T09:12:02.8500346Z #7 9.099 Get:115 http://archive.ubuntu.com/ubuntu focal-updates/main amd64 libldap-common all 2.4.49+dfsg-2ubuntu1.10 [16.5 kB]
2025-11-15T09:12:02.8501102Z #7 9.100 Get:116 http://archive.ubuntu.com/ubuntu focal-updates/main amd64 libldap-2.4-2 amd64 2.4.49+dfsg-2ubuntu1.10 [155 kB]
2025-11-15T09:12:02.8501905Z #7 9.160 Get:117 http://archive.ubuntu.com/ubuntu focal-updates/main amd64 libnghttp2-14 amd64 1.40.0-1ubuntu0.3 [79.9 kB]
2025-11-15T09:12:02.8502617Z #7 9.163 Get:118 http://archive.ubuntu.com/ubuntu focal/main amd64 librtmp1 amd64 2.4+20151223.gitfa8646d.1-2build1 [54.9 kB]
2025-11-15T09:12:02.8503264Z #7 9.165 Get:119 http://archive.ubuntu.com/ubuntu focal-updates/main amd64 libssh-4 amd64 0.9.3-2ubuntu2.5 [171 kB]
2025-11-15T09:12:02.8503978Z #7 9.172 Get:120 http://archive.ubuntu.com/ubuntu focal-updates/main amd64 libcurl4 amd64 7.68.0-1ubuntu2.25 [235 kB]
2025-11-15T09:12:02.8504847Z #7 9.180 Get:121 http://archive.ubuntu.com/ubuntu focal-updates/main amd64 curl amd64 7.68.0-1ubuntu2.25 [162 kB]
2025-11-15T09:12:02.8505450Z #7 9.185 Get:122 http://archive.ubuntu.com/ubuntu focal/main amd64 libassuan0 amd64 2.5.3-7ubuntu2 [35.7 kB]
2025-11-15T09:12:02.9548103Z #7 9.225 Get:123 http://archive.ubuntu.com/ubuntu focal-updates/main amd64 gpgconf amd64 2.2.19-3ubuntu2.5 [124 kB]
2025-11-15T09:12:02.9550188Z #7 9.229 Get:124 http://archive.ubuntu.com/ubuntu focal-updates/main amd64 libksba8 amd64 1.3.5-2ubuntu0.20.04.2 [95.2 kB]
2025-11-15T09:12:02.9551881Z #7 9.232 Get:125 http://archive.ubuntu.com/ubuntu focal/main amd64 libnpth0 amd64 1.6-1 [7736 B]
2025-11-15T09:12:02.9553234Z #7 9.232 Get:126 http://archive.ubuntu.com/ubuntu focal-updates/main amd64 dirmngr amd64 2.2.19-3ubuntu2.5 [330 kB]
2025-11-15T09:12:02.9554262Z #7 9.291 Get:127 http://archive.ubuntu.com/ubuntu focal/main amd64 libfakeroot amd64 1.24-1 [25.7 kB]
2025-11-15T09:12:03.0926498Z #7 9.291 Get:128 http://archive.ubuntu.com/ubuntu focal/main amd64 fakeroot amd64 1.24-1 [62.6 kB]
2025-11-15T09:12:03.0927676Z #7 9.293 Get:129 http://archive.ubuntu.com/ubuntu focal-updates/main amd64 libcurl3-gnutls amd64 7.68.0-1ubuntu2.25 [233 kB]
2025-11-15T09:12:03.0930056Z #7 9.299 Get:130 http://archive.ubuntu.com/ubuntu focal/main amd64 liberror-perl all 0.17029-1 [26.5 kB]
2025-11-15T09:12:03.0931554Z #7 9.300 Get:131 http://archive.ubuntu.com/ubuntu focal-updates/main amd64 git-man all 1:2.25.1-1ubuntu3.14 [887 kB]
2025-11-15T09:12:03.0932272Z #7 9.324 Get:132 http://archive.ubuntu.com/ubuntu focal-updates/main amd64 git amd64 1:2.25.1-1ubuntu3.14 [4613 kB]
2025-11-15T09:12:03.0933066Z #7 9.428 Get:133 http://archive.ubuntu.com/ubuntu focal-updates/main amd64 gnupg-l10n all 2.2.19-3ubuntu2.5 [51.9 kB]
2025-11-15T09:12:03.2244075Z #7 9.429 Get:134 http://archive.ubuntu.com/ubuntu focal-updates/main amd64 gnupg-utils amd64 2.2.19-3ubuntu2.5 [481 kB]
2025-11-15T09:12:03.2246111Z #7 9.433 Get:135 http://archive.ubuntu.com/ubuntu focal-updates/main amd64 gpg amd64 2.2.19-3ubuntu2.5 [483 kB]
2025-11-15T09:12:03.2247609Z #7 9.438 Get:136 http://archive.ubuntu.com/ubuntu focal/main amd64 pinentry-curses amd64 1.1.0-3build1 [36.3 kB]
2025-11-15T09:12:03.2249283Z #7 9.439 Get:137 http://archive.ubuntu.com/ubuntu focal-updates/main amd64 gpg-agent amd64 2.2.19-3ubuntu2.5 [232 kB]
2025-11-15T09:12:03.2251369Z #7 9.444 Get:138 http://archive.ubuntu.com/ubuntu focal-updates/main amd64 gpg-wks-client amd64 2.2.19-3ubuntu2.5 [97.8 kB]
2025-11-15T09:12:03.2253115Z #7 9.445 Get:139 http://archive.ubuntu.com/ubuntu focal-updates/main amd64 gpg-wks-server amd64 2.2.19-3ubuntu2.5 [90.0 kB]
2025-11-15T09:12:03.2254846Z #7 9.445 Get:140 http://archive.ubuntu.com/ubuntu focal-updates/main amd64 gpgsm amd64 2.2.19-3ubuntu2.5 [217 kB]
2025-11-15T09:12:03.2255926Z #7 9.447 Get:141 http://archive.ubuntu.com/ubuntu focal-updates/main amd64 gnupg all 2.2.19-3ubuntu2.5 [259 kB]
2025-11-15T09:12:03.2256887Z #7 9.494 Get:142 http://archive.ubuntu.com/ubuntu focal/universe amd64 libonig5 amd64 6.9.4-1 [142 kB]
2025-11-15T09:12:03.2258295Z #7 9.560 Get:143 http://archive.ubuntu.com/ubuntu focal-updates/main amd64 libjq1 amd64 1.6-1ubuntu0.20.04.1 [121 kB]
2025-11-15T09:12:03.3577650Z #7 9.562 Get:144 http://archive.ubuntu.com/ubuntu focal-updates/main amd64 jq amd64 1.6-1ubuntu0.20.04.1 [50.2 kB]
2025-11-15T09:12:03.3579617Z #7 9.563 Get:145 http://archive.ubuntu.com/ubuntu focal/main amd64 libalgorithm-diff-perl all 1.19.03-2 [46.6 kB]
2025-11-15T09:12:03.3580977Z #7 9.563 Get:146 http://archive.ubuntu.com/ubuntu focal/main amd64 libalgorithm-diff-xs-perl amd64 0.04-6 [11.3 kB]
2025-11-15T09:12:03.3582022Z #7 9.564 Get:147 http://archive.ubuntu.com/ubuntu focal/main amd64 libalgorithm-merge-perl all 0.08-3 [12.0 kB]
2025-11-15T09:12:03.3582987Z #7 9.564 Get:148 http://archive.ubuntu.com/ubuntu focal-updates/main amd64 zlib1g-dev amd64 1:1.2.11.dfsg-2ubuntu1.5 [155 kB]
2025-11-15T09:12:03.3583901Z #7 9.566 Get:149 http://archive.ubuntu.com/ubuntu focal-updates/main amd64 libelf-dev amd64 0.176-1.1ubuntu0.1 [57.1 kB]
2025-11-15T09:12:03.3585260Z #7 9.566 Get:150 http://archive.ubuntu.com/ubuntu focal-updates/main amd64 libexpat1-dev amd64 2.2.9-1ubuntu0.8 [117 kB]
2025-11-15T09:12:03.3586086Z #7 9.567 Get:151 http://archive.ubuntu.com/ubuntu focal/main amd64 libfile-fcntllock-perl amd64 0.22-3build4 [33.1 kB]
2025-11-15T09:12:03.3586833Z #7 9.628 Get:152 http://archive.ubuntu.com/ubuntu focal/main amd64 libfl2 amd64 2.6.4-6.2 [11.5 kB]
2025-11-15T09:12:03.3587472Z #7 9.693 Get:153 http://archive.ubuntu.com/ubuntu focal/main amd64 libfl-dev amd64 2.6.4-6.2 [6316 B]
2025-11-15T09:12:03.4667112Z #7 9.694 Get:154 http://archive.ubuntu.com/ubuntu focal-updates/main amd64 libncurses-dev amd64 6.2-0ubuntu2.1 [340 kB]
2025-11-15T09:12:03.4668392Z #7 9.697 Get:155 http://archive.ubuntu.com/ubuntu focal-updates/main amd64 libncurses5-dev amd64 6.2-0ubuntu2.1 [984 B]
2025-11-15T09:12:03.4669523Z #7 9.697 Get:156 http://archive.ubuntu.com/ubuntu focal-updates/main amd64 libpython3.8 amd64 3.8.10-0ubuntu1~20.04.18 [1625 kB]
2025-11-15T09:12:03.4670344Z #7 9.710 Get:157 http://archive.ubuntu.com/ubuntu focal-updates/main amd64 libpython3.8-dev amd64 3.8.10-0ubuntu1~20.04.18 [3950 kB]
2025-11-15T09:12:03.4671127Z #7 9.773 Get:158 http://archive.ubuntu.com/ubuntu focal/main amd64 libpython3-dev amd64 3.8.2-0ubuntu2 [7236 B]
2025-11-15T09:12:03.4672053Z #7 9.773 Get:159 http://archive.ubuntu.com/ubuntu focal-updates/main amd64 libsasl2-modules amd64 2.1.27+dfsg-2ubuntu0.1 [48.8 kB]
2025-11-15T09:12:03.4673013Z #7 9.774 Get:160 http://archive.ubuntu.com/ubuntu focal-updates/main amd64 libssl-dev amd64 1.1.1f-1ubuntu2.24 [1586 kB]
2025-11-15T09:12:03.4673646Z #7 9.802 Get:161 http://archive.ubuntu.com/ubuntu focal/main amd64 manpages-dev all 5.05-1 [2266 kB]
2025-11-15T09:12:03.6178785Z #7 9.834 Get:162 http://archive.ubuntu.com/ubuntu focal-updates/universe amd64 python-pip-whl all 20.0.2-5ubuntu1.11 [1808 kB]
2025-11-15T09:12:03.6180376Z #7 9.866 Get:163 http://archive.ubuntu.com/ubuntu focal-updates/main amd64 python3.8-dev amd64 3.8.10-0ubuntu1~20.04.18 [514 kB]
2025-11-15T09:12:03.6181362Z #7 9.870 Get:164 http://archive.ubuntu.com/ubuntu focal-updates/main amd64 python3-lib2to3 all 3.8.10-0ubuntu1~20.04 [76.3 kB]
2025-11-15T09:12:03.6182471Z #7 9.871 Get:165 http://archive.ubuntu.com/ubuntu focal-updates/main amd64 python3-distutils all 3.8.10-0ubuntu1~20.04 [141 kB]
2025-11-15T09:12:03.6183674Z #7 9.873 Get:166 http://archive.ubuntu.com/ubuntu focal/main amd64 python3-dev amd64 3.8.2-0ubuntu2 [1212 B]
2025-11-15T09:12:03.6184932Z #7 9.888 Get:167 http://archive.ubuntu.com/ubuntu focal-updates/main amd64 python3-setuptools all 45.2.0-1ubuntu0.3 [330 kB]
2025-11-15T09:12:03.6185871Z #7 9.892 Get:168 http://archive.ubuntu.com/ubuntu focal-updates/universe amd64 python3-wheel all 0.34.2-1ubuntu0.1 [23.9 kB]
2025-11-15T09:12:03.6186683Z #7 9.892 Get:169 http://archive.ubuntu.com/ubuntu focal-updates/universe amd64 python3-pip all 20.0.2-5ubuntu1.11 [231 kB]
2025-11-15T09:12:03.6187563Z #7 9.894 Get:170 http://archive.ubuntu.com/ubuntu focal-updates/main amd64 unzip amd64 6.0-25ubuntu1.2 [169 kB]
2025-11-15T09:12:03.6188353Z #7 9.954 Get:171 http://archive.ubuntu.com/ubuntu focal/universe amd64 dos2unix amd64 7.4.0-2 [374 kB]
2025-11-15T09:12:03.7222370Z #7 10.06 debconf: delaying package configuration, since apt-utils is not installed
2025-11-15T09:12:03.8499539Z #7 10.08 Fetched 92.8 MB in 4s (23.2 MB/s)
2025-11-15T09:12:03.8500131Z #7 10.10 (Reading database ... 
2025-11-15T09:12:03.8500389Z (Reading database ... 5%
2025-11-15T09:12:03.8500672Z (Reading database ... 10%
2025-11-15T09:12:03.8500918Z (Reading database ... 15%
2025-11-15T09:12:03.8501187Z (Reading database ... 20%
2025-11-15T09:12:03.8501447Z (Reading database ... 25%
2025-11-15T09:12:03.8501715Z (Reading database ... 30%
2025-11-15T09:12:03.8501982Z (Reading database ... 35%
2025-11-15T09:12:03.8502217Z (Reading database ... 40%
2025-11-15T09:12:03.8502478Z (Reading database ... 45%
2025-11-15T09:12:03.8502711Z (Reading database ... 50%
2025-11-15T09:12:03.8502987Z (Reading database ... 55%
2025-11-15T09:12:03.8503198Z (Reading database ... 60%
2025-11-15T09:12:03.8503491Z (Reading database ... 65%
2025-11-15T09:12:03.8503721Z (Reading database ... 70%
2025-11-15T09:12:03.8503970Z (Reading database ... 75%
2025-11-15T09:12:03.8504248Z (Reading database ... 80%
2025-11-15T09:12:03.8504775Z (Reading database ... 85%
2025-11-15T09:12:03.8505024Z (Reading database ... 90%
2025-11-15T09:12:03.8505305Z (Reading database ... 95%
2025-11-15T09:12:03.8505571Z (Reading database ... 100%
2025-11-15T09:12:03.8506010Z (Reading database ... 4124 files and directories currently installed.)
2025-11-15T09:12:03.8506749Z #7 10.10 Preparing to unpack .../libc6_2.31-0ubuntu9.18_amd64.deb ...
2025-11-15T09:12:03.8507443Z #7 10.19 Unpacking libc6:amd64 (2.31-0ubuntu9.18) over (2.31-0ubuntu9.17) ...
2025-11-15T09:12:04.2397500Z #7 10.58 Setting up libc6:amd64 (2.31-0ubuntu9.18) ...
2025-11-15T09:12:05.3209998Z #7 11.66 Selecting previously unselected package liblocale-gettext-perl.
2025-11-15T09:12:05.4440265Z #7 11.66 (Reading database ... 
2025-11-15T09:12:05.4440798Z (Reading database ... 5%
2025-11-15T09:12:05.4441346Z (Reading database ... 10%
2025-11-15T09:12:05.4441778Z (Reading database ... 15%
2025-11-15T09:12:05.4442236Z (Reading database ... 20%
2025-11-15T09:12:05.4442581Z (Reading database ... 25%
2025-11-15T09:12:05.4442847Z (Reading database ... 30%
2025-11-15T09:12:05.4443289Z (Reading database ... 35%
2025-11-15T09:12:05.4443609Z (Reading database ... 40%
2025-11-15T09:12:05.4443867Z (Reading database ... 45%
2025-11-15T09:12:05.4444138Z (Reading database ... 50%
2025-11-15T09:12:05.4444677Z (Reading database ... 55%
2025-11-15T09:12:05.4444916Z (Reading database ... 60%
2025-11-15T09:12:05.4445185Z (Reading database ... 65%
2025-11-15T09:12:05.4445433Z (Reading database ... 70%
2025-11-15T09:12:05.4445737Z (Reading database ... 75%
2025-11-15T09:12:05.4445973Z (Reading database ... 80%
2025-11-15T09:12:05.4446246Z (Reading database ... 85%
2025-11-15T09:12:05.4446492Z (Reading database ... 90%
2025-11-15T09:12:05.4446761Z (Reading database ... 95%
2025-11-15T09:12:05.4447036Z (Reading database ... 100%
2025-11-15T09:12:05.4447470Z (Reading database ... 4124 files and directories currently installed.)
2025-11-15T09:12:05.4448212Z #7 11.66 Preparing to unpack .../liblocale-gettext-perl_1.07-4_amd64.deb ...
2025-11-15T09:12:05.4448968Z #7 11.66 Unpacking liblocale-gettext-perl (1.07-4) ...
2025-11-15T09:12:05.4449634Z #7 11.68 Selecting previously unselected package libssl1.1:amd64.
2025-11-15T09:12:05.4450254Z #7 11.68 Preparing to unpack .../libssl1.1_1.1.1f-1ubuntu2.24_amd64.deb ...
2025-11-15T09:12:05.4450802Z #7 11.68 Unpacking libssl1.1:amd64 (1.1.1f-1ubuntu2.24) ...
2025-11-15T09:12:05.4451505Z #7 11.78 Selecting previously unselected package libpython3.8-minimal:amd64.
2025-11-15T09:12:05.6867261Z #7 11.78 Preparing to unpack .../libpython3.8-minimal_3.8.10-0ubuntu1~20.04.18_amd64.deb ...
2025-11-15T09:12:05.6868450Z #7 11.78 Unpacking libpython3.8-minimal:amd64 (3.8.10-0ubuntu1~20.04.18) ...
2025-11-15T09:12:05.6869028Z #7 11.85 Selecting previously unselected package libexpat1:amd64.
2025-11-15T09:12:05.6869510Z #7 11.85 Preparing to unpack .../libexpat1_2.2.9-1ubuntu0.8_amd64.deb ...
2025-11-15T09:12:05.6870054Z #7 11.85 Unpacking libexpat1:amd64 (2.2.9-1ubuntu0.8) ...
2025-11-15T09:12:05.6870544Z #7 11.87 Selecting previously unselected package python3.8-minimal.
2025-11-15T09:12:05.6871149Z #7 11.87 Preparing to unpack .../python3.8-minimal_3.8.10-0ubuntu1~20.04.18_amd64.deb ...
2025-11-15T09:12:05.6871712Z #7 11.88 Unpacking python3.8-minimal (3.8.10-0ubuntu1~20.04.18) ...
2025-11-15T09:12:05.6872329Z #7 12.02 Setting up libssl1.1:amd64 (1.1.1f-1ubuntu2.24) ...
2025-11-15T09:12:05.8983639Z #7 12.07 Setting up libpython3.8-minimal:amd64 (3.8.10-0ubuntu1~20.04.18) ...
2025-11-15T09:12:05.8984451Z #7 12.08 Setting up libexpat1:amd64 (2.2.9-1ubuntu0.8) ...
2025-11-15T09:12:05.8984909Z #7 12.08 Setting up python3.8-minimal (3.8.10-0ubuntu1~20.04.18) ...
2025-11-15T09:12:06.1674610Z #7 12.50 Selecting previously unselected package python3-minimal.
2025-11-15T09:12:06.3095214Z #7 12.50 (Reading database ... 
2025-11-15T09:12:06.3095747Z (Reading database ... 5%
2025-11-15T09:12:06.3096311Z (Reading database ... 10%
2025-11-15T09:12:06.3096726Z (Reading database ... 15%
2025-11-15T09:12:06.3097149Z (Reading database ... 20%
2025-11-15T09:12:06.3097668Z (Reading database ... 25%
2025-11-15T09:12:06.3098050Z (Reading database ... 30%
2025-11-15T09:12:06.3098458Z (Reading database ... 35%
2025-11-15T09:12:06.3098870Z (Reading database ... 40%
2025-11-15T09:12:06.3099286Z (Reading database ... 45%
2025-11-15T09:12:06.3099637Z (Reading database ... 50%
2025-11-15T09:12:06.3183872Z (Reading database ... 55%
2025-11-15T09:12:06.3184534Z (Reading database ... 60%
2025-11-15T09:12:06.3184883Z (Reading database ... 65%
2025-11-15T09:12:06.3185238Z (Reading database ... 70%
2025-11-15T09:12:06.3185563Z (Reading database ... 75%
2025-11-15T09:12:06.3185898Z (Reading database ... 80%
2025-11-15T09:12:06.3186224Z (Reading database ... 85%
2025-11-15T09:12:06.3186557Z (Reading database ... 90%
2025-11-15T09:12:06.3186883Z (Reading database ... 95%
2025-11-15T09:12:06.3187218Z (Reading database ... 100%
2025-11-15T09:12:06.3187724Z (Reading database ... 4439 files and directories currently installed.)
2025-11-15T09:12:06.3188476Z #7 12.51 Preparing to unpack .../0-python3-minimal_3.8.2-0ubuntu2_amd64.deb ...
2025-11-15T09:12:06.3189340Z #7 12.51 Unpacking python3-minimal (3.8.2-0ubuntu2) ...
2025-11-15T09:12:06.3189900Z #7 12.52 Selecting previously unselected package mime-support.
2025-11-15T09:12:06.3190539Z #7 12.52 Preparing to unpack .../1-mime-support_3.64ubuntu1_all.deb ...
2025-11-15T09:12:06.3191109Z #7 12.52 Unpacking mime-support (3.64ubuntu1) ...
2025-11-15T09:12:06.3191674Z #7 12.54 Selecting previously unselected package libmpdec2:amd64.
2025-11-15T09:12:06.3192298Z #7 12.54 Preparing to unpack .../2-libmpdec2_2.4.2-3_amd64.deb ...
2025-11-15T09:12:06.3192825Z #7 12.54 Unpacking libmpdec2:amd64 (2.4.2-3) ...
2025-11-15T09:12:06.3193377Z #7 12.56 Selecting previously unselected package readline-common.
2025-11-15T09:12:06.3194013Z #7 12.56 Preparing to unpack .../3-readline-common_8.0-4_all.deb ...
2025-11-15T09:12:06.3194666Z #7 12.56 Unpacking readline-common (8.0-4) ...
2025-11-15T09:12:06.3195418Z #7 12.57 Selecting previously unselected package libreadline8:amd64.
2025-11-15T09:12:06.3196073Z #7 12.58 Preparing to unpack .../4-libreadline8_8.0-4_amd64.deb ...
2025-11-15T09:12:06.3196649Z #7 12.58 Unpacking libreadline8:amd64 (8.0-4) ...
2025-11-15T09:12:06.3197215Z #7 12.60 Selecting previously unselected package libsqlite3-0:amd64.
2025-11-15T09:12:06.3197909Z #7 12.60 Preparing to unpack .../5-libsqlite3-0_3.31.1-4ubuntu0.7_amd64.deb ...
2025-11-15T09:12:06.3198534Z #7 12.60 Unpacking libsqlite3-0:amd64 (3.31.1-4ubuntu0.7) ...
2025-11-15T09:12:06.3199227Z #7 12.65 Selecting previously unselected package libpython3.8-stdlib:amd64.
2025-11-15T09:12:06.4382475Z #7 12.65 Preparing to unpack .../6-libpython3.8-stdlib_3.8.10-0ubuntu1~20.04.18_amd64.deb ...
2025-11-15T09:12:06.4383266Z #7 12.65 Unpacking libpython3.8-stdlib:amd64 (3.8.10-0ubuntu1~20.04.18) ...
2025-11-15T09:12:06.4383837Z #7 12.77 Selecting previously unselected package python3.8.
2025-11-15T09:12:06.5863951Z #7 12.78 Preparing to unpack .../7-python3.8_3.8.10-0ubuntu1~20.04.18_amd64.deb ...
2025-11-15T09:12:06.5864702Z #7 12.78 Unpacking python3.8 (3.8.10-0ubuntu1~20.04.18) ...
2025-11-15T09:12:06.5865074Z #7 12.80 Selecting previously unselected package libpython3-stdlib:amd64.
2025-11-15T09:12:06.5865499Z #7 12.80 Preparing to unpack .../8-libpython3-stdlib_3.8.2-0ubuntu2_amd64.deb ...
2025-11-15T09:12:06.5865878Z #7 12.80 Unpacking libpython3-stdlib:amd64 (3.8.2-0ubuntu2) ...
2025-11-15T09:12:06.5866212Z #7 12.81 Setting up python3-minimal (3.8.2-0ubuntu2) ...
2025-11-15T09:12:06.5866518Z #7 12.92 Selecting previously unselected package python3.
2025-11-15T09:12:06.6963014Z #7 12.92 (Reading database ... 
2025-11-15T09:12:06.6963434Z (Reading database ... 5%
2025-11-15T09:12:06.6963774Z (Reading database ... 10%
2025-11-15T09:12:06.6963993Z (Reading database ... 15%
2025-11-15T09:12:06.6964196Z (Reading database ... 20%
2025-11-15T09:12:06.6964846Z (Reading database ... 25%
2025-11-15T09:12:06.6965190Z (Reading database ... 30%
2025-11-15T09:12:06.6965381Z (Reading database ... 35%
2025-11-15T09:12:06.6965575Z (Reading database ... 40%
2025-11-15T09:12:06.6965776Z (Reading database ... 45%
2025-11-15T09:12:06.6965971Z (Reading database ... 50%
2025-11-15T09:12:06.6966155Z (Reading database ... 55%
2025-11-15T09:12:06.6966352Z (Reading database ... 60%
2025-11-15T09:12:06.6966545Z (Reading database ... 65%
2025-11-15T09:12:06.6966726Z (Reading database ... 70%
2025-11-15T09:12:06.6966916Z (Reading database ... 75%
2025-11-15T09:12:06.6967099Z (Reading database ... 80%
2025-11-15T09:12:06.6967293Z (Reading database ... 85%
2025-11-15T09:12:06.6967475Z (Reading database ... 90%
2025-11-15T09:12:06.6967668Z (Reading database ... 95%
2025-11-15T09:12:06.6967856Z (Reading database ... 100%
2025-11-15T09:12:06.6968148Z (Reading database ... 4869 files and directories currently installed.)
2025-11-15T09:12:06.6968552Z #7 12.93 Preparing to unpack .../00-python3_3.8.2-0ubuntu2_amd64.deb ...
2025-11-15T09:12:06.6968889Z #7 12.93 Unpacking python3 (3.8.2-0ubuntu2) ...
2025-11-15T09:12:06.6969200Z #7 12.94 Selecting previously unselected package libpopt0:amd64.
2025-11-15T09:12:06.6969730Z #7 12.95 Preparing to unpack .../01-libpopt0_1.16-14_amd64.deb ...
2025-11-15T09:12:06.6970053Z #7 12.95 Unpacking libpopt0:amd64 (1.16-14) ...
2025-11-15T09:12:06.6970401Z #7 12.96 Selecting previously unselected package rsync.
2025-11-15T09:12:06.6970857Z #7 12.96 Preparing to unpack .../02-rsync_3.1.3-8ubuntu0.9_amd64.deb ...
2025-11-15T09:12:06.6971367Z #7 12.96 Unpacking rsync (3.1.3-8ubuntu0.9) ...
2025-11-15T09:12:06.6971882Z #7 13.00 Selecting previously unselected package libsigsegv2:amd64.
2025-11-15T09:12:06.6972622Z #7 13.00 Preparing to unpack .../03-libsigsegv2_2.12-2_amd64.deb ...
2025-11-15T09:12:06.6973117Z #7 13.00 Unpacking libsigsegv2:amd64 (2.12-2) ...
2025-11-15T09:12:06.6973404Z #7 13.01 Selecting previously unselected package m4.
2025-11-15T09:12:06.6973704Z #7 13.01 Preparing to unpack .../04-m4_1.4.18-4_amd64.deb ...
2025-11-15T09:12:06.6974523Z #7 13.01 Unpacking m4 (1.4.18-4) ...
2025-11-15T09:12:06.6974791Z #7 13.03 Selecting previously unselected package flex.
2025-11-15T09:12:06.8826346Z #7 13.03 Preparing to unpack .../05-flex_2.6.4-6.2_amd64.deb ...
2025-11-15T09:12:06.8826939Z #7 13.03 Unpacking flex (2.6.4-6.2) ...
2025-11-15T09:12:06.8827484Z #7 13.07 Selecting previously unselected package perl-modules-5.30.
2025-11-15T09:12:06.8828200Z #7 13.07 Preparing to unpack .../06-perl-modules-5.30_5.30.0-9ubuntu0.5_all.deb ...
2025-11-15T09:12:06.8828860Z #7 13.07 Unpacking perl-modules-5.30 (5.30.0-9ubuntu0.5) ...
2025-11-15T09:12:06.9644756Z #7 13.30 Selecting previously unselected package libgdbm6:amd64.
2025-11-15T09:12:07.1458866Z #7 13.30 Preparing to unpack .../07-libgdbm6_1.18.1-5_amd64.deb ...
2025-11-15T09:12:07.1459517Z #7 13.30 Unpacking libgdbm6:amd64 (1.18.1-5) ...
2025-11-15T09:12:07.1460007Z #7 13.32 Selecting previously unselected package libgdbm-compat4:amd64.
2025-11-15T09:12:07.1460606Z #7 13.32 Preparing to unpack .../08-libgdbm-compat4_1.18.1-5_amd64.deb ...
2025-11-15T09:12:07.1461262Z #7 13.32 Unpacking libgdbm-compat4:amd64 (1.18.1-5) ...
2025-11-15T09:12:07.1461812Z #7 13.33 Selecting previously unselected package libperl5.30:amd64.
2025-11-15T09:12:07.1462712Z #7 13.33 Preparing to unpack .../09-libperl5.30_5.30.0-9ubuntu0.5_amd64.deb ...
2025-11-15T09:12:07.1463345Z #7 13.33 Unpacking libperl5.30:amd64 (5.30.0-9ubuntu0.5) ...
2025-11-15T09:12:07.3392779Z #7 13.68 Selecting previously unselected package perl.
2025-11-15T09:12:07.4850331Z #7 13.68 Preparing to unpack .../10-perl_5.30.0-9ubuntu0.5_amd64.deb ...
2025-11-15T09:12:07.4850936Z #7 13.68 Unpacking perl (5.30.0-9ubuntu0.5) ...
2025-11-15T09:12:07.4851261Z #7 13.71 Preparing to unpack .../11-gpgv_2.2.19-3ubuntu2.5_amd64.deb ...
2025-11-15T09:12:07.4851628Z #7 13.71 Unpacking gpgv (2.2.19-3ubuntu2.5) over (2.2.19-3ubuntu2.4) ...
2025-11-15T09:12:07.4851950Z #7 13.74 Setting up gpgv (2.2.19-3ubuntu2.5) ...
2025-11-15T09:12:07.4852268Z #7 13.76 Selecting previously unselected package openssl.
2025-11-15T09:12:07.4852541Z #7 13.76 (Reading database ... 
2025-11-15T09:12:07.4852761Z (Reading database ... 5%
2025-11-15T09:12:07.4852966Z (Reading database ... 10%
2025-11-15T09:12:07.4853156Z (Reading database ... 15%
2025-11-15T09:12:07.4853348Z (Reading database ... 20%
2025-11-15T09:12:07.4853532Z (Reading database ... 25%
2025-11-15T09:12:07.4853725Z (Reading database ... 30%
2025-11-15T09:12:07.4853915Z (Reading database ... 35%
2025-11-15T09:12:07.4854107Z (Reading database ... 40%
2025-11-15T09:12:07.4854409Z (Reading database ... 45%
2025-11-15T09:12:07.4854665Z (Reading database ... 50%
2025-11-15T09:12:07.4854861Z (Reading database ... 55%
2025-11-15T09:12:07.4855049Z (Reading database ... 60%
2025-11-15T09:12:07.4855243Z (Reading database ... 65%
2025-11-15T09:12:07.4855425Z (Reading database ... 70%
2025-11-15T09:12:07.4855622Z (Reading database ... 75%
2025-11-15T09:12:07.4855805Z (Reading database ... 80%
2025-11-15T09:12:07.4856002Z (Reading database ... 85%
2025-11-15T09:12:07.4856186Z (Reading database ... 90%
2025-11-15T09:12:07.4856378Z (Reading database ... 95%
2025-11-15T09:12:07.4856767Z (Reading database ... 100%
2025-11-15T09:12:07.4857069Z (Reading database ... 7026 files and directories currently installed.)
2025-11-15T09:12:07.4857472Z #7 13.77 Preparing to unpack .../000-openssl_1.1.1f-1ubuntu2.24_amd64.deb ...
2025-11-15T09:12:07.4857804Z #7 13.77 Unpacking openssl (1.1.1f-1ubuntu2.24) ...
2025-11-15T09:12:07.4858128Z #7 13.82 Selecting previously unselected package ca-certificates.
2025-11-15T09:12:07.5887542Z #7 13.82 Preparing to unpack .../001-ca-certificates_20240203~20.04.1_all.deb ...
2025-11-15T09:12:07.5888252Z #7 13.82 Unpacking ca-certificates (20240203~20.04.1) ...
2025-11-15T09:12:07.5888807Z #7 13.85 Selecting previously unselected package libmagic-mgc.
2025-11-15T09:12:07.5889411Z #7 13.85 Preparing to unpack .../002-libmagic-mgc_1%3a5.38-4_amd64.deb ...
2025-11-15T09:12:07.5889956Z #7 13.85 Unpacking libmagic-mgc (1:5.38-4) ...
2025-11-15T09:12:07.5890724Z #7 13.89 Selecting previously unselected package libmagic1:amd64.
2025-11-15T09:12:07.5891336Z #7 13.89 Preparing to unpack .../003-libmagic1_1%3a5.38-4_amd64.deb ...
2025-11-15T09:12:07.5891834Z #7 13.89 Unpacking libmagic1:amd64 (1:5.38-4) ...
2025-11-15T09:12:07.5892280Z #7 13.91 Selecting previously unselected package file.
2025-11-15T09:12:07.5892767Z #7 13.91 Preparing to unpack .../004-file_1%3a5.38-4_amd64.deb ...
2025-11-15T09:12:07.5893219Z #7 13.91 Unpacking file (1:5.38-4) ...
2025-11-15T09:12:07.5893645Z #7 13.92 Selecting previously unselected package libkmod2:amd64.
2025-11-15T09:12:07.6892342Z #7 13.93 Preparing to unpack .../005-libkmod2_27-1ubuntu2.1_amd64.deb ...
2025-11-15T09:12:07.6893046Z #7 13.93 Unpacking libkmod2:amd64 (27-1ubuntu2.1) ...
2025-11-15T09:12:07.6893649Z #7 13.94 Selecting previously unselected package kmod.
2025-11-15T09:12:07.6894261Z #7 13.94 Preparing to unpack .../006-kmod_27-1ubuntu2.1_amd64.deb ...
2025-11-15T09:12:07.6894980Z #7 13.95 Unpacking kmod (27-1ubuntu2.1) ...
2025-11-15T09:12:07.6895455Z #7 13.98 Selecting previously unselected package less.
2025-11-15T09:12:07.6896047Z #7 13.98 Preparing to unpack .../007-less_551-1ubuntu0.3_amd64.deb ...
2025-11-15T09:12:07.6896594Z #7 13.98 Unpacking less (551-1ubuntu0.3) ...
2025-11-15T09:12:07.6897112Z #7 14.01 Selecting previously unselected package libbsd0:amd64.
2025-11-15T09:12:07.6897696Z #7 14.01 Preparing to unpack .../008-libbsd0_0.10.0-1_amd64.deb ...
2025-11-15T09:12:07.6898205Z #7 14.01 Unpacking libbsd0:amd64 (0.10.0-1) ...
2025-11-15T09:12:07.6898694Z #7 14.03 Selecting previously unselected package libelf1:amd64.
2025-11-15T09:12:07.7973576Z #7 14.03 Preparing to unpack .../009-libelf1_0.176-1.1ubuntu0.1_amd64.deb ...
2025-11-15T09:12:07.7974258Z #7 14.03 Unpacking libelf1:amd64 (0.176-1.1ubuntu0.1) ...
2025-11-15T09:12:07.7974965Z #7 14.04 Selecting previously unselected package netbase.
2025-11-15T09:12:07.7975458Z #7 14.04 Preparing to unpack .../010-netbase_6.1_all.deb ...
2025-11-15T09:12:07.7975942Z #7 14.04 Unpacking netbase (6.1) ...
2025-11-15T09:12:07.7976477Z #7 14.06 Selecting previously unselected package python3-pkg-resources.
2025-11-15T09:12:07.7977186Z #7 14.06 Preparing to unpack .../011-python3-pkg-resources_45.2.0-1ubuntu0.3_all.deb ...
2025-11-15T09:12:07.7977855Z #7 14.06 Unpacking python3-pkg-resources (45.2.0-1ubuntu0.3) ...
2025-11-15T09:12:07.7978369Z #7 14.08 Selecting previously unselected package sudo.
2025-11-15T09:12:07.7978880Z #7 14.08 Preparing to unpack .../012-sudo_1.8.31-1ubuntu1.5_amd64.deb ...
2025-11-15T09:12:07.7979359Z #7 14.09 Unpacking sudo (1.8.31-1ubuntu1.5) ...
2025-11-15T09:12:07.7979796Z #7 14.13 Selecting previously unselected package xz-utils.
2025-11-15T09:12:07.9036895Z #7 14.13 Preparing to unpack .../013-xz-utils_5.2.4-1ubuntu1.1_amd64.deb ...
2025-11-15T09:12:07.9037312Z #7 14.14 Unpacking xz-utils (5.2.4-1ubuntu1.1) ...
2025-11-15T09:12:07.9037622Z #7 14.15 Selecting previously unselected package cpio.
2025-11-15T09:12:07.9037996Z #7 14.15 Preparing to unpack .../014-cpio_2.13+dfsg-2ubuntu0.4_amd64.deb ...
2025-11-15T09:12:07.9038536Z #7 14.16 Unpacking cpio (2.13+dfsg-2ubuntu0.4) ...
2025-11-15T09:12:07.9038852Z #7 14.17 Selecting previously unselected package krb5-locales.
2025-11-15T09:12:07.9039218Z #7 14.17 Preparing to unpack .../015-krb5-locales_1.17-6ubuntu4.11_all.deb ...
2025-11-15T09:12:07.9039570Z #7 14.18 Unpacking krb5-locales (1.17-6ubuntu4.11) ...
2025-11-15T09:12:07.9039892Z #7 14.19 Selecting previously unselected package libcbor0.6:amd64.
2025-11-15T09:12:07.9040273Z #7 14.19 Preparing to unpack .../016-libcbor0.6_0.6.0-0ubuntu1_amd64.deb ...
2025-11-15T09:12:07.9040613Z #7 14.19 Unpacking libcbor0.6:amd64 (0.6.0-0ubuntu1) ...
2025-11-15T09:12:07.9040953Z #7 14.20 Selecting previously unselected package libedit2:amd64.
2025-11-15T09:12:07.9041316Z #7 14.20 Preparing to unpack .../017-libedit2_3.1-20191231-1_amd64.deb ...
2025-11-15T09:12:07.9041633Z #7 14.21 Unpacking libedit2:amd64 (3.1-20191231-1) ...
2025-11-15T09:12:07.9042053Z #7 14.22 Selecting previously unselected package libfido2-1:amd64.
2025-11-15T09:12:07.9042414Z #7 14.23 Preparing to unpack .../018-libfido2-1_1.3.1-1ubuntu2_amd64.deb ...
2025-11-15T09:12:07.9042759Z #7 14.23 Unpacking libfido2-1:amd64 (1.3.1-1ubuntu2) ...
2025-11-15T09:12:07.9043093Z #7 14.24 Selecting previously unselected package libkrb5support0:amd64.
2025-11-15T09:12:08.0110406Z #7 14.24 Preparing to unpack .../019-libkrb5support0_1.17-6ubuntu4.11_amd64.deb ...
2025-11-15T09:12:08.0111138Z #7 14.24 Unpacking libkrb5support0:amd64 (1.17-6ubuntu4.11) ...
2025-11-15T09:12:08.0111503Z #7 14.25 Selecting previously unselected package libk5crypto3:amd64.
2025-11-15T09:12:08.0111911Z #7 14.26 Preparing to unpack .../020-libk5crypto3_1.17-6ubuntu4.11_amd64.deb ...
2025-11-15T09:12:08.0112265Z #7 14.26 Unpacking libk5crypto3:amd64 (1.17-6ubuntu4.11) ...
2025-11-15T09:12:08.0112610Z #7 14.27 Selecting previously unselected package libkeyutils1:amd64.
2025-11-15T09:12:08.0113019Z #7 14.28 Preparing to unpack .../021-libkeyutils1_1.6-6ubuntu1.1_amd64.deb ...
2025-11-15T09:12:08.0113374Z #7 14.28 Unpacking libkeyutils1:amd64 (1.6-6ubuntu1.1) ...
2025-11-15T09:12:08.0113704Z #7 14.29 Selecting previously unselected package libkrb5-3:amd64.
2025-11-15T09:12:08.0114064Z #7 14.29 Preparing to unpack .../022-libkrb5-3_1.17-6ubuntu4.11_amd64.deb ...
2025-11-15T09:12:08.0114633Z #7 14.29 Unpacking libkrb5-3:amd64 (1.17-6ubuntu4.11) ...
2025-11-15T09:12:08.0114970Z #7 14.33 Selecting previously unselected package libgssapi-krb5-2:amd64.
2025-11-15T09:12:08.0115379Z #7 14.33 Preparing to unpack .../023-libgssapi-krb5-2_1.17-6ubuntu4.11_amd64.deb ...
2025-11-15T09:12:08.0115766Z #7 14.33 Unpacking libgssapi-krb5-2:amd64 (1.17-6ubuntu4.11) ...
2025-11-15T09:12:08.0116098Z #7 14.35 Selecting previously unselected package libpsl5:amd64.
2025-11-15T09:12:08.1113974Z #7 14.35 Preparing to unpack .../024-libpsl5_0.21.0-1ubuntu1_amd64.deb ...
2025-11-15T09:12:08.1114725Z #7 14.35 Unpacking libpsl5:amd64 (0.21.0-1ubuntu1) ...
2025-11-15T09:12:08.1115081Z #7 14.36 Selecting previously unselected package libxau6:amd64.
2025-11-15T09:12:08.1115460Z #7 14.36 Preparing to unpack .../025-libxau6_1%3a1.0.9-0ubuntu1_amd64.deb ...
2025-11-15T09:12:08.1115857Z #7 14.36 Unpacking libxau6:amd64 (1:1.0.9-0ubuntu1) ...
2025-11-15T09:12:08.1116403Z #7 14.38 Selecting previously unselected package libxdmcp6:amd64.
2025-11-15T09:12:08.1116824Z #7 14.38 Preparing to unpack .../026-libxdmcp6_1%3a1.1.3-0ubuntu1_amd64.deb ...
2025-11-15T09:12:08.1117171Z #7 14.38 Unpacking libxdmcp6:amd64 (1:1.1.3-0ubuntu1) ...
2025-11-15T09:12:08.1117490Z #7 14.39 Selecting previously unselected package libxcb1:amd64.
2025-11-15T09:12:08.1117819Z #7 14.39 Preparing to unpack .../027-libxcb1_1.14-2_amd64.deb ...
2025-11-15T09:12:08.1118115Z #7 14.39 Unpacking libxcb1:amd64 (1.14-2) ...
2025-11-15T09:12:08.1118407Z #7 14.41 Selecting previously unselected package libx11-data.
2025-11-15T09:12:08.1118777Z #7 14.41 Preparing to unpack .../028-libx11-data_2%3a1.6.9-2ubuntu1.6_all.deb ...
2025-11-15T09:12:08.1119127Z #7 14.41 Unpacking libx11-data (2:1.6.9-2ubuntu1.6) ...
2025-11-15T09:12:08.1119642Z #7 14.45 Selecting previously unselected package libx11-6:amd64.
2025-11-15T09:12:08.1120293Z #7 14.45 Preparing to unpack .../029-libx11-6_2%3a1.6.9-2ubuntu1.6_amd64.deb ...
2025-11-15T09:12:08.2733429Z #7 14.45 Unpacking libx11-6:amd64 (2:1.6.9-2ubuntu1.6) ...
2025-11-15T09:12:08.2734016Z #7 14.50 Selecting previously unselected package libxext6:amd64.
2025-11-15T09:12:08.2734591Z #7 14.50 Preparing to unpack .../030-libxext6_2%3a1.3.4-0ubuntu1_amd64.deb ...
2025-11-15T09:12:08.2734939Z #7 14.50 Unpacking libxext6:amd64 (2:1.3.4-0ubuntu1) ...
2025-11-15T09:12:08.2735364Z #7 14.51 Selecting previously unselected package libxmuu1:amd64.
2025-11-15T09:12:08.2735722Z #7 14.51 Preparing to unpack .../031-libxmuu1_2%3a1.1.3-0ubuntu1_amd64.deb ...
2025-11-15T09:12:08.2736185Z #7 14.51 Unpacking libxmuu1:amd64 (2:1.1.3-0ubuntu1) ...
2025-11-15T09:12:08.2736724Z #7 14.52 Selecting previously unselected package manpages.
2025-11-15T09:12:08.2737158Z #7 14.53 Preparing to unpack .../032-manpages_5.05-1_all.deb ...
2025-11-15T09:12:08.2737449Z #7 14.53 Unpacking manpages (5.05-1) ...
2025-11-15T09:12:08.2737869Z #7 14.61 Selecting previously unselected package openssh-client.
2025-11-15T09:12:08.3929193Z #7 14.61 Preparing to unpack .../033-openssh-client_1%3a8.2p1-4ubuntu0.13_amd64.deb ...
2025-11-15T09:12:08.3929701Z #7 14.62 Unpacking openssh-client (1:8.2p1-4ubuntu0.13) ...
2025-11-15T09:12:08.3930041Z #7 14.68 Selecting previously unselected package publicsuffix.
2025-11-15T09:12:08.3930421Z #7 14.68 Preparing to unpack .../034-publicsuffix_20200303.0012-1_all.deb ...
2025-11-15T09:12:08.3930771Z #7 14.68 Unpacking publicsuffix (20200303.0012-1) ...
2025-11-15T09:12:08.3931061Z #7 14.70 Selecting previously unselected package wget.
2025-11-15T09:12:08.3931391Z #7 14.70 Preparing to unpack .../035-wget_1.20.3-1ubuntu2.1_amd64.deb ...
2025-11-15T09:12:08.3931722Z #7 14.70 Unpacking wget (1.20.3-1ubuntu2.1) ...
2025-11-15T09:12:08.3932006Z #7 14.73 Selecting previously unselected package xauth.
2025-11-15T09:12:08.4996185Z #7 14.73 Preparing to unpack .../036-xauth_1%3a1.1-0ubuntu1_amd64.deb ...
2025-11-15T09:12:08.4996568Z #7 14.73 Unpacking xauth (1:1.1-0ubuntu1) ...
2025-11-15T09:12:08.4996854Z #7 14.74 Selecting previously unselected package bc.
2025-11-15T09:12:08.4997181Z #7 14.74 Preparing to unpack .../037-bc_1.07.1-2build1_amd64.deb ...
2025-11-15T09:12:08.4997484Z #7 14.75 Unpacking bc (1.07.1-2build1) ...
2025-11-15T09:12:08.4997803Z #7 14.76 Selecting previously unselected package binutils-common:amd64.
2025-11-15T09:12:08.4998219Z #7 14.76 Preparing to unpack .../038-binutils-common_2.34-6ubuntu1.11_amd64.deb ...
2025-11-15T09:12:08.4998597Z #7 14.76 Unpacking binutils-common:amd64 (2.34-6ubuntu1.11) ...
2025-11-15T09:12:08.4998952Z #7 14.79 Selecting previously unselected package libbinutils:amd64.
2025-11-15T09:12:08.4999330Z #7 14.79 Preparing to unpack .../039-libbinutils_2.34-6ubuntu1.11_amd64.deb ...
2025-11-15T09:12:08.4999690Z #7 14.79 Unpacking libbinutils:amd64 (2.34-6ubuntu1.11) ...
2025-11-15T09:12:08.5000037Z #7 14.84 Selecting previously unselected package libctf-nobfd0:amd64.
2025-11-15T09:12:08.6769562Z #7 14.84 Preparing to unpack .../040-libctf-nobfd0_2.34-6ubuntu1.11_amd64.deb ...
2025-11-15T09:12:08.6770284Z #7 14.84 Unpacking libctf-nobfd0:amd64 (2.34-6ubuntu1.11) ...
2025-11-15T09:12:08.6770878Z #7 14.85 Selecting previously unselected package libctf0:amd64.
2025-11-15T09:12:08.6771438Z #7 14.85 Preparing to unpack .../041-libctf0_2.34-6ubuntu1.11_amd64.deb ...
2025-11-15T09:12:08.6771772Z #7 14.85 Unpacking libctf0:amd64 (2.34-6ubuntu1.11) ...
2025-11-15T09:12:08.6772115Z #7 14.87 Selecting previously unselected package binutils-x86-64-linux-gnu.
2025-11-15T09:12:08.6772559Z #7 14.87 Preparing to unpack .../042-binutils-x86-64-linux-gnu_2.34-6ubuntu1.11_amd64.deb ...
2025-11-15T09:12:08.6772985Z #7 14.87 Unpacking binutils-x86-64-linux-gnu (2.34-6ubuntu1.11) ...
2025-11-15T09:12:08.6773348Z #7 15.01 Selecting previously unselected package binutils.
2025-11-15T09:12:08.8591976Z #7 15.01 Preparing to unpack .../043-binutils_2.34-6ubuntu1.11_amd64.deb ...
2025-11-15T09:12:08.8592576Z #7 15.01 Unpacking binutils (2.34-6ubuntu1.11) ...
2025-11-15T09:12:08.8592939Z #7 15.03 Selecting previously unselected package bison.
2025-11-15T09:12:08.8593284Z #7 15.03 Preparing to unpack .../044-bison_2%3a3.5.1+dfsg-1_amd64.deb ...
2025-11-15T09:12:08.8593665Z #7 15.03 Unpacking bison (2:3.5.1+dfsg-1) ...
2025-11-15T09:12:08.8593968Z #7 15.07 Selecting previously unselected package libc-dev-bin.
2025-11-15T09:12:08.8594531Z #7 15.07 Preparing to unpack .../045-libc-dev-bin_2.31-0ubuntu9.18_amd64.deb ...
2025-11-15T09:12:08.8594885Z #7 15.08 Unpacking libc-dev-bin (2.31-0ubuntu9.18) ...
2025-11-15T09:12:08.8595300Z #7 15.09 Selecting previously unselected package linux-libc-dev:amd64.
2025-11-15T09:12:08.8595690Z #7 15.09 Preparing to unpack .../046-linux-libc-dev_5.4.0-216.236_amd64.deb ...
2025-11-15T09:12:08.8596209Z #7 15.09 Unpacking linux-libc-dev:amd64 (5.4.0-216.236) ...
2025-11-15T09:12:08.8596603Z #7 15.19 Selecting previously unselected package libcrypt-dev:amd64.
2025-11-15T09:12:09.0324055Z #7 15.20 Preparing to unpack .../047-libcrypt-dev_1%3a4.4.10-10ubuntu4_amd64.deb ...
2025-11-15T09:12:09.0324883Z #7 15.20 Unpacking libcrypt-dev:amd64 (1:4.4.10-10ubuntu4) ...
2025-11-15T09:12:09.0325469Z #7 15.22 Selecting previously unselected package libc6-dev:amd64.
2025-11-15T09:12:09.0325898Z #7 15.22 Preparing to unpack .../048-libc6-dev_2.31-0ubuntu9.18_amd64.deb ...
2025-11-15T09:12:09.0326247Z #7 15.22 Unpacking libc6-dev:amd64 (2.31-0ubuntu9.18) ...
2025-11-15T09:12:09.1111384Z #7 15.45 Selecting previously unselected package gcc-9-base:amd64.
2025-11-15T09:12:09.2126490Z #7 15.45 Preparing to unpack .../049-gcc-9-base_9.4.0-1ubuntu1~20.04.2_amd64.deb ...
2025-11-15T09:12:09.2127229Z #7 15.45 Unpacking gcc-9-base:amd64 (9.4.0-1ubuntu1~20.04.2) ...
2025-11-15T09:12:09.2127856Z #7 15.46 Selecting previously unselected package libisl22:amd64.
2025-11-15T09:12:09.2128223Z #7 15.46 Preparing to unpack .../050-libisl22_0.22.1-1_amd64.deb ...
2025-11-15T09:12:09.2128533Z #7 15.47 Unpacking libisl22:amd64 (0.22.1-1) ...
2025-11-15T09:12:09.2128844Z #7 15.52 Selecting previously unselected package libmpfr6:amd64.
2025-11-15T09:12:09.2129182Z #7 15.52 Preparing to unpack .../051-libmpfr6_4.0.2-1_amd64.deb ...
2025-11-15T09:12:09.2129484Z #7 15.52 Unpacking libmpfr6:amd64 (4.0.2-1) ...
2025-11-15T09:12:09.2129778Z #7 15.55 Selecting previously unselected package libmpc3:amd64.
2025-11-15T09:12:09.3811235Z #7 15.55 Preparing to unpack .../052-libmpc3_1.1.0-1_amd64.deb ...
2025-11-15T09:12:09.3811696Z #7 15.55 Unpacking libmpc3:amd64 (1.1.0-1) ...
2025-11-15T09:12:09.3811996Z #7 15.56 Selecting previously unselected package cpp-9.
2025-11-15T09:12:09.3812352Z #7 15.57 Preparing to unpack .../053-cpp-9_9.4.0-1ubuntu1~20.04.2_amd64.deb ...
2025-11-15T09:12:09.3812732Z #7 15.57 Unpacking cpp-9 (9.4.0-1ubuntu1~20.04.2) ...
2025-11-15T09:12:09.7551012Z #7 16.09 Selecting previously unselected package cpp.
2025-11-15T09:12:09.9923230Z #7 16.09 Preparing to unpack .../054-cpp_4%3a9.3.0-1ubuntu2_amd64.deb ...
2025-11-15T09:12:09.9923881Z #7 16.09 Unpacking cpp (4:9.3.0-1ubuntu2) ...
2025-11-15T09:12:09.9924564Z #7 16.11 Selecting previously unselected package libcc1-0:amd64.
2025-11-15T09:12:09.9925267Z #7 16.11 Preparing to unpack .../055-libcc1-0_10.5.0-1ubuntu1~20.04_amd64.deb ...
2025-11-15T09:12:09.9925964Z #7 16.11 Unpacking libcc1-0:amd64 (10.5.0-1ubuntu1~20.04) ...
2025-11-15T09:12:09.9926555Z #7 16.12 Selecting previously unselected package libgomp1:amd64.
2025-11-15T09:12:09.9927242Z #7 16.13 Preparing to unpack .../056-libgomp1_10.5.0-1ubuntu1~20.04_amd64.deb ...
2025-11-15T09:12:09.9927890Z #7 16.13 Unpacking libgomp1:amd64 (10.5.0-1ubuntu1~20.04) ...
2025-11-15T09:12:09.9928491Z #7 16.15 Selecting previously unselected package libitm1:amd64.
2025-11-15T09:12:09.9929167Z #7 16.15 Preparing to unpack .../057-libitm1_10.5.0-1ubuntu1~20.04_amd64.deb ...
2025-11-15T09:12:09.9930088Z #7 16.15 Unpacking libitm1:amd64 (10.5.0-1ubuntu1~20.04) ...
2025-11-15T09:12:09.9930691Z #7 16.16 Selecting previously unselected package libatomic1:amd64.
2025-11-15T09:12:09.9931377Z #7 16.16 Preparing to unpack .../058-libatomic1_10.5.0-1ubuntu1~20.04_amd64.deb ...
2025-11-15T09:12:09.9932036Z #7 16.16 Unpacking libatomic1:amd64 (10.5.0-1ubuntu1~20.04) ...
2025-11-15T09:12:09.9932636Z #7 16.18 Selecting previously unselected package libasan5:amd64.
2025-11-15T09:12:09.9933311Z #7 16.18 Preparing to unpack .../059-libasan5_9.4.0-1ubuntu1~20.04.2_amd64.deb ...
2025-11-15T09:12:09.9933968Z #7 16.18 Unpacking libasan5:amd64 (9.4.0-1ubuntu1~20.04.2) ...
2025-11-15T09:12:10.0689962Z #7 16.40 Selecting previously unselected package liblsan0:amd64.
2025-11-15T09:12:10.2984503Z #7 16.41 Preparing to unpack .../060-liblsan0_10.5.0-1ubuntu1~20.04_amd64.deb ...
2025-11-15T09:12:10.2988104Z #7 16.41 Unpacking liblsan0:amd64 (10.5.0-1ubuntu1~20.04) ...
2025-11-15T09:12:10.2988521Z #7 16.48 Selecting previously unselected package libtsan0:amd64.
2025-11-15T09:12:10.2988983Z #7 16.48 Preparing to unpack .../061-libtsan0_10.5.0-1ubuntu1~20.04_amd64.deb ...
2025-11-15T09:12:10.2989550Z #7 16.48 Unpacking libtsan0:amd64 (10.5.0-1ubuntu1~20.04) ...
2025-11-15T09:12:10.3064102Z #7 16.64 Selecting previously unselected package libubsan1:amd64.
2025-11-15T09:12:10.5512113Z #7 16.64 Preparing to unpack .../062-libubsan1_10.5.0-1ubuntu1~20.04_amd64.deb ...
2025-11-15T09:12:10.5512873Z #7 16.64 Unpacking libubsan1:amd64 (10.5.0-1ubuntu1~20.04) ...
2025-11-15T09:12:10.5513547Z #7 16.71 Selecting previously unselected package libquadmath0:amd64.
2025-11-15T09:12:10.5514411Z #7 16.71 Preparing to unpack .../063-libquadmath0_10.5.0-1ubuntu1~20.04_amd64.deb ...
2025-11-15T09:12:10.5515169Z #7 16.71 Unpacking libquadmath0:amd64 (10.5.0-1ubuntu1~20.04) ...
2025-11-15T09:12:10.5515869Z #7 16.73 Selecting previously unselected package libgcc-9-dev:amd64.
2025-11-15T09:12:10.5516664Z #7 16.74 Preparing to unpack .../064-libgcc-9-dev_9.4.0-1ubuntu1~20.04.2_amd64.deb ...
2025-11-15T09:12:10.5517427Z #7 16.74 Unpacking libgcc-9-dev:amd64 (9.4.0-1ubuntu1~20.04.2) ...
2025-11-15T09:12:10.5652129Z #7 16.90 Selecting previously unselected package gcc-9.
2025-11-15T09:12:10.7179440Z #7 16.90 Preparing to unpack .../065-gcc-9_9.4.0-1ubuntu1~20.04.2_amd64.deb ...
2025-11-15T09:12:10.7180116Z #7 16.90 Unpacking gcc-9 (9.4.0-1ubuntu1~20.04.2) ...
2025-11-15T09:12:11.1294264Z #7 17.47 Selecting previously unselected package gcc.
2025-11-15T09:12:11.2973682Z #7 17.47 Preparing to unpack .../066-gcc_4%3a9.3.0-1ubuntu2_amd64.deb ...
2025-11-15T09:12:11.2974184Z #7 17.47 Unpacking gcc (4:9.3.0-1ubuntu2) ...
2025-11-15T09:12:11.2974729Z #7 17.48 Selecting previously unselected package libstdc++-9-dev:amd64.
2025-11-15T09:12:11.2975239Z #7 17.48 Preparing to unpack .../067-libstdc++-9-dev_9.4.0-1ubuntu1~20.04.2_amd64.deb ...
2025-11-15T09:12:11.2975766Z #7 17.48 Unpacking libstdc++-9-dev:amd64 (9.4.0-1ubuntu1~20.04.2) ...
2025-11-15T09:12:11.3072131Z #7 17.64 Selecting previously unselected package g++-9.
2025-11-15T09:12:11.4600756Z #7 17.64 Preparing to unpack .../068-g++-9_9.4.0-1ubuntu1~20.04.2_amd64.deb ...
2025-11-15T09:12:11.4601436Z #7 17.65 Unpacking g++-9 (9.4.0-1ubuntu1~20.04.2) ...
2025-11-15T09:12:11.8628875Z #7 18.20 Selecting previously unselected package g++.
2025-11-15T09:12:12.0140818Z #7 18.20 Preparing to unpack .../069-g++_4%3a9.3.0-1ubuntu2_amd64.deb ...
2025-11-15T09:12:12.0141467Z #7 18.20 Unpacking g++ (4:9.3.0-1ubuntu2) ...
2025-11-15T09:12:12.0141971Z #7 18.21 Selecting previously unselected package make.
2025-11-15T09:12:12.0142460Z #7 18.21 Preparing to unpack .../070-make_4.2.1-1.2_amd64.deb ...
2025-11-15T09:12:12.0142750Z #7 18.21 Unpacking make (4.2.1-1.2) ...
2025-11-15T09:12:12.0143039Z #7 18.24 Selecting previously unselected package libdpkg-perl.
2025-11-15T09:12:12.0143409Z #7 18.24 Preparing to unpack .../071-libdpkg-perl_1.19.7ubuntu3.2_all.deb ...
2025-11-15T09:12:12.0143811Z #7 18.24 Unpacking libdpkg-perl (1.19.7ubuntu3.2) ...
2025-11-15T09:12:12.0144466Z #7 18.27 Selecting previously unselected package patch.
2025-11-15T09:12:12.0144839Z #7 18.27 Preparing to unpack .../072-patch_2.7.6-6_amd64.deb ...
2025-11-15T09:12:12.0145119Z #7 18.27 Unpacking patch (2.7.6-6) ...
2025-11-15T09:12:12.0145407Z #7 18.29 Selecting previously unselected package dpkg-dev.
2025-11-15T09:12:12.0145747Z #7 18.29 Preparing to unpack .../073-dpkg-dev_1.19.7ubuntu3.2_all.deb ...
2025-11-15T09:12:12.0146077Z #7 18.29 Unpacking dpkg-dev (1.19.7ubuntu3.2) ...
2025-11-15T09:12:12.0146392Z #7 18.35 Selecting previously unselected package build-essential.
2025-11-15T09:12:12.1280815Z #7 18.35 Preparing to unpack .../074-build-essential_12.8ubuntu1.1_amd64.deb ...
2025-11-15T09:12:12.1281395Z #7 18.35 Unpacking build-essential (12.8ubuntu1.1) ...
2025-11-15T09:12:12.1281736Z #7 18.37 Selecting previously unselected package libbrotli1:amd64.
2025-11-15T09:12:12.1282364Z #7 18.37 Preparing to unpack .../075-libbrotli1_1.0.7-6ubuntu0.1_amd64.deb ...
2025-11-15T09:12:12.1282728Z #7 18.37 Unpacking libbrotli1:amd64 (1.0.7-6ubuntu0.1) ...
2025-11-15T09:12:12.1283084Z #7 18.40 Selecting previously unselected package libroken18-heimdal:amd64.
2025-11-15T09:12:12.1283520Z #7 18.41 Preparing to unpack .../076-libroken18-heimdal_7.7.0+dfsg-1ubuntu1.4_amd64.deb ...
2025-11-15T09:12:12.1283954Z #7 18.41 Unpacking libroken18-heimdal:amd64 (7.7.0+dfsg-1ubuntu1.4) ...
2025-11-15T09:12:12.1284528Z #7 18.42 Selecting previously unselected package libasn1-8-heimdal:amd64.
2025-11-15T09:12:12.1285212Z #7 18.42 Preparing to unpack .../077-libasn1-8-heimdal_7.7.0+dfsg-1ubuntu1.4_amd64.deb ...
2025-11-15T09:12:12.1285707Z #7 18.42 Unpacking libasn1-8-heimdal:amd64 (7.7.0+dfsg-1ubuntu1.4) ...
2025-11-15T09:12:12.1286090Z #7 18.45 Selecting previously unselected package libheimbase1-heimdal:amd64.
2025-11-15T09:12:12.1286538Z #7 18.45 Preparing to unpack .../078-libheimbase1-heimdal_7.7.0+dfsg-1ubuntu1.4_amd64.deb ...
2025-11-15T09:12:12.1286981Z #7 18.45 Unpacking libheimbase1-heimdal:amd64 (7.7.0+dfsg-1ubuntu1.4) ...
2025-11-15T09:12:12.1287372Z #7 18.46 Selecting previously unselected package libhcrypto4-heimdal:amd64.
2025-11-15T09:12:12.2402858Z #7 18.47 Preparing to unpack .../079-libhcrypto4-heimdal_7.7.0+dfsg-1ubuntu1.4_amd64.deb ...
2025-11-15T09:12:12.2403697Z #7 18.47 Unpacking libhcrypto4-heimdal:amd64 (7.7.0+dfsg-1ubuntu1.4) ...
2025-11-15T09:12:12.2404121Z #7 18.48 Selecting previously unselected package libwind0-heimdal:amd64.
2025-11-15T09:12:12.2405538Z #7 18.48 Preparing to unpack .../080-libwind0-heimdal_7.7.0+dfsg-1ubuntu1.4_amd64.deb ...
2025-11-15T09:12:12.2406096Z #7 18.49 Unpacking libwind0-heimdal:amd64 (7.7.0+dfsg-1ubuntu1.4) ...
2025-11-15T09:12:12.2406629Z #7 18.50 Selecting previously unselected package libhx509-5-heimdal:amd64.
2025-11-15T09:12:12.2407372Z #7 18.51 Preparing to unpack .../081-libhx509-5-heimdal_7.7.0+dfsg-1ubuntu1.4_amd64.deb ...
2025-11-15T09:12:12.2407984Z #7 18.51 Unpacking libhx509-5-heimdal:amd64 (7.7.0+dfsg-1ubuntu1.4) ...
2025-11-15T09:12:12.2408572Z #7 18.53 Selecting previously unselected package libkrb5-26-heimdal:amd64.
2025-11-15T09:12:12.2409231Z #7 18.53 Preparing to unpack .../082-libkrb5-26-heimdal_7.7.0+dfsg-1ubuntu1.4_amd64.deb ...
2025-11-15T09:12:12.2409632Z #7 18.53 Unpacking libkrb5-26-heimdal:amd64 (7.7.0+dfsg-1ubuntu1.4) ...
2025-11-15T09:12:12.2410043Z #7 18.55 Selecting previously unselected package libheimntlm0-heimdal:amd64.
2025-11-15T09:12:12.2410490Z #7 18.56 Preparing to unpack .../083-libheimntlm0-heimdal_7.7.0+dfsg-1ubuntu1.4_amd64.deb ...
2025-11-15T09:12:12.2411195Z #7 18.56 Unpacking libheimntlm0-heimdal:amd64 (7.7.0+dfsg-1ubuntu1.4) ...
2025-11-15T09:12:12.2411590Z #7 18.58 Selecting previously unselected package libgssapi3-heimdal:amd64.
2025-11-15T09:12:12.3413254Z #7 18.58 Preparing to unpack .../084-libgssapi3-heimdal_7.7.0+dfsg-1ubuntu1.4_amd64.deb ...
2025-11-15T09:12:12.3414157Z #7 18.58 Unpacking libgssapi3-heimdal:amd64 (7.7.0+dfsg-1ubuntu1.4) ...
2025-11-15T09:12:12.3415197Z #7 18.60 Selecting previously unselected package libsasl2-modules-db:amd64.
2025-11-15T09:12:12.3415653Z #7 18.60 Preparing to unpack .../085-libsasl2-modules-db_2.1.27+dfsg-2ubuntu0.1_amd64.deb ...
2025-11-15T09:12:12.3416099Z #7 18.60 Unpacking libsasl2-modules-db:amd64 (2.1.27+dfsg-2ubuntu0.1) ...
2025-11-15T09:12:12.3416477Z #7 18.61 Selecting previously unselected package libsasl2-2:amd64.
2025-11-15T09:12:12.3417006Z #7 18.61 Preparing to unpack .../086-libsasl2-2_2.1.27+dfsg-2ubuntu0.1_amd64.deb ...
2025-11-15T09:12:12.3417567Z #7 18.62 Unpacking libsasl2-2:amd64 (2.1.27+dfsg-2ubuntu0.1) ...
2025-11-15T09:12:12.3417911Z #7 18.63 Selecting previously unselected package libldap-common.
2025-11-15T09:12:12.3418297Z #7 18.63 Preparing to unpack .../087-libldap-common_2.4.49+dfsg-2ubuntu1.10_all.deb ...
2025-11-15T09:12:12.3418679Z #7 18.63 Unpacking libldap-common (2.4.49+dfsg-2ubuntu1.10) ...
2025-11-15T09:12:12.3419157Z #7 18.64 Selecting previously unselected package libldap-2.4-2:amd64.
2025-11-15T09:12:12.3419550Z #7 18.65 Preparing to unpack .../088-libldap-2.4-2_2.4.49+dfsg-2ubuntu1.10_amd64.deb ...
2025-11-15T09:12:12.3419952Z #7 18.65 Unpacking libldap-2.4-2:amd64 (2.4.49+dfsg-2ubuntu1.10) ...
2025-11-15T09:12:12.3420309Z #7 18.68 Selecting previously unselected package libnghttp2-14:amd64.
2025-11-15T09:12:12.3420697Z #7 18.68 Preparing to unpack .../089-libnghttp2-14_1.40.0-1ubuntu0.3_amd64.deb ...
2025-11-15T09:12:12.4596288Z #7 18.68 Unpacking libnghttp2-14:amd64 (1.40.0-1ubuntu0.3) ...
2025-11-15T09:12:12.4597936Z #7 18.70 Selecting previously unselected package librtmp1:amd64.
2025-11-15T09:12:12.4598665Z #7 18.70 Preparing to unpack .../090-librtmp1_2.4+20151223.gitfa8646d.1-2build1_amd64.deb ...
2025-11-15T09:12:12.4599423Z #7 18.70 Unpacking librtmp1:amd64 (2.4+20151223.gitfa8646d.1-2build1) ...
2025-11-15T09:12:12.4600039Z #7 18.71 Selecting previously unselected package libssh-4:amd64.
2025-11-15T09:12:12.4600680Z #7 18.72 Preparing to unpack .../091-libssh-4_0.9.3-2ubuntu2.5_amd64.deb ...
2025-11-15T09:12:12.4601262Z #7 18.72 Unpacking libssh-4:amd64 (0.9.3-2ubuntu2.5) ...
2025-11-15T09:12:12.4601796Z #7 18.74 Selecting previously unselected package libcurl4:amd64.
2025-11-15T09:12:12.4602402Z #7 18.74 Preparing to unpack .../092-libcurl4_7.68.0-1ubuntu2.25_amd64.deb ...
2025-11-15T09:12:12.4602974Z #7 18.74 Unpacking libcurl4:amd64 (7.68.0-1ubuntu2.25) ...
2025-11-15T09:12:12.4603457Z #7 18.77 Selecting previously unselected package curl.
2025-11-15T09:12:12.4603983Z #7 18.77 Preparing to unpack .../093-curl_7.68.0-1ubuntu2.25_amd64.deb ...
2025-11-15T09:12:12.4604625Z #7 18.77 Unpacking curl (7.68.0-1ubuntu2.25) ...
2025-11-15T09:12:12.4605096Z #7 18.80 Selecting previously unselected package libassuan0:amd64.
2025-11-15T09:12:12.5758454Z #7 18.80 Preparing to unpack .../094-libassuan0_2.5.3-7ubuntu2_amd64.deb ...
2025-11-15T09:12:12.5758906Z #7 18.80 Unpacking libassuan0:amd64 (2.5.3-7ubuntu2) ...
2025-11-15T09:12:12.5759268Z #7 18.81 Selecting previously unselected package gpgconf.
2025-11-15T09:12:12.5759637Z #7 18.81 Preparing to unpack .../095-gpgconf_2.2.19-3ubuntu2.5_amd64.deb ...
2025-11-15T09:12:12.5759959Z #7 18.81 Unpacking gpgconf (2.2.19-3ubuntu2.5) ...
2025-11-15T09:12:12.5760285Z #7 18.83 Selecting previously unselected package libksba8:amd64.
2025-11-15T09:12:12.5760664Z #7 18.83 Preparing to unpack .../096-libksba8_1.3.5-2ubuntu0.20.04.2_amd64.deb ...
2025-11-15T09:12:12.5761026Z #7 18.84 Unpacking libksba8:amd64 (1.3.5-2ubuntu0.20.04.2) ...
2025-11-15T09:12:12.5761361Z #7 18.85 Selecting previously unselected package libnpth0:amd64.
2025-11-15T09:12:12.5761700Z #7 18.85 Preparing to unpack .../097-libnpth0_1.6-1_amd64.deb ...
2025-11-15T09:12:12.5762004Z #7 18.86 Unpacking libnpth0:amd64 (1.6-1) ...
2025-11-15T09:12:12.5762282Z #7 18.87 Selecting previously unselected package dirmngr.
2025-11-15T09:12:12.5762623Z #7 18.87 Preparing to unpack .../098-dirmngr_2.2.19-3ubuntu2.5_amd64.deb ...
2025-11-15T09:12:12.5762962Z #7 18.88 Unpacking dirmngr (2.2.19-3ubuntu2.5) ...
2025-11-15T09:12:12.5763492Z #7 18.91 Selecting previously unselected package libfakeroot:amd64.
2025-11-15T09:12:12.7255350Z #7 18.91 Preparing to unpack .../099-libfakeroot_1.24-1_amd64.deb ...
2025-11-15T09:12:12.7255940Z #7 18.91 Unpacking libfakeroot:amd64 (1.24-1) ...
2025-11-15T09:12:12.7256276Z #7 18.93 Selecting previously unselected package fakeroot.
2025-11-15T09:12:12.7256633Z #7 18.93 Preparing to unpack .../100-fakeroot_1.24-1_amd64.deb ...
2025-11-15T09:12:12.7256941Z #7 18.93 Unpacking fakeroot (1.24-1) ...
2025-11-15T09:12:12.7257251Z #7 18.95 Selecting previously unselected package libcurl3-gnutls:amd64.
2025-11-15T09:12:12.7257671Z #7 18.95 Preparing to unpack .../101-libcurl3-gnutls_7.68.0-1ubuntu2.25_amd64.deb ...
2025-11-15T09:12:12.7258056Z #7 18.95 Unpacking libcurl3-gnutls:amd64 (7.68.0-1ubuntu2.25) ...
2025-11-15T09:12:12.7258398Z #7 18.97 Selecting previously unselected package liberror-perl.
2025-11-15T09:12:12.7258987Z #7 18.98 Preparing to unpack .../102-liberror-perl_0.17029-1_all.deb ...
2025-11-15T09:12:12.7259315Z #7 18.98 Unpacking liberror-perl (0.17029-1) ...
2025-11-15T09:12:12.7259607Z #7 18.99 Selecting previously unselected package git-man.
2025-11-15T09:12:12.7259950Z #7 18.99 Preparing to unpack .../103-git-man_1%3a2.25.1-1ubuntu3.14_all.deb ...
2025-11-15T09:12:12.7260296Z #7 18.99 Unpacking git-man (1:2.25.1-1ubuntu3.14) ...
2025-11-15T09:12:12.7260578Z #7 19.06 Selecting previously unselected package git.
2025-11-15T09:12:12.8896383Z #7 19.06 Preparing to unpack .../104-git_1%3a2.25.1-1ubuntu3.14_amd64.deb ...
2025-11-15T09:12:12.8897109Z #7 19.07 Unpacking git (1:2.25.1-1ubuntu3.14) ...
2025-11-15T09:12:13.1196056Z #7 19.46 Selecting previously unselected package gnupg-l10n.
2025-11-15T09:12:13.2284866Z #7 19.46 Preparing to unpack .../105-gnupg-l10n_2.2.19-3ubuntu2.5_all.deb ...
2025-11-15T09:12:13.2285297Z #7 19.46 Unpacking gnupg-l10n (2.2.19-3ubuntu2.5) ...
2025-11-15T09:12:13.2285652Z #7 19.47 Selecting previously unselected package gnupg-utils.
2025-11-15T09:12:13.2286059Z #7 19.47 Preparing to unpack .../106-gnupg-utils_2.2.19-3ubuntu2.5_amd64.deb ...
2025-11-15T09:12:13.2286412Z #7 19.47 Unpacking gnupg-utils (2.2.19-3ubuntu2.5) ...
2025-11-15T09:12:13.2286707Z #7 19.52 Selecting previously unselected package gpg.
2025-11-15T09:12:13.2287027Z #7 19.52 Preparing to unpack .../107-gpg_2.2.19-3ubuntu2.5_amd64.deb ...
2025-11-15T09:12:13.2287346Z #7 19.52 Unpacking gpg (2.2.19-3ubuntu2.5) ...
2025-11-15T09:12:13.2287649Z #7 19.56 Selecting previously unselected package pinentry-curses.
2025-11-15T09:12:13.3420488Z #7 19.57 Preparing to unpack .../108-pinentry-curses_1.1.0-3build1_amd64.deb ...
2025-11-15T09:12:13.3421081Z #7 19.57 Unpacking pinentry-curses (1.1.0-3build1) ...
2025-11-15T09:12:13.3421411Z #7 19.58 Selecting previously unselected package gpg-agent.
2025-11-15T09:12:13.3421787Z #7 19.58 Preparing to unpack .../109-gpg-agent_2.2.19-3ubuntu2.5_amd64.deb ...
2025-11-15T09:12:13.3422152Z #7 19.58 Unpacking gpg-agent (2.2.19-3ubuntu2.5) ...
2025-11-15T09:12:13.3422481Z #7 19.61 Selecting previously unselected package gpg-wks-client.
2025-11-15T09:12:13.3422865Z #7 19.61 Preparing to unpack .../110-gpg-wks-client_2.2.19-3ubuntu2.5_amd64.deb ...
2025-11-15T09:12:13.3423228Z #7 19.61 Unpacking gpg-wks-client (2.2.19-3ubuntu2.5) ...
2025-11-15T09:12:13.3423548Z #7 19.63 Selecting previously unselected package gpg-wks-server.
2025-11-15T09:12:13.3423926Z #7 19.63 Preparing to unpack .../111-gpg-wks-server_2.2.19-3ubuntu2.5_amd64.deb ...
2025-11-15T09:12:13.3424277Z #7 19.63 Unpacking gpg-wks-server (2.2.19-3ubuntu2.5) ...
2025-11-15T09:12:13.3424728Z #7 19.65 Selecting previously unselected package gpgsm.
2025-11-15T09:12:13.3425068Z #7 19.65 Preparing to unpack .../112-gpgsm_2.2.19-3ubuntu2.5_amd64.deb ...
2025-11-15T09:12:13.3425385Z #7 19.65 Unpacking gpgsm (2.2.19-3ubuntu2.5) ...
2025-11-15T09:12:13.3425672Z #7 19.68 Selecting previously unselected package gnupg.
2025-11-15T09:12:13.4430184Z #7 19.68 Preparing to unpack .../113-gnupg_2.2.19-3ubuntu2.5_all.deb ...
2025-11-15T09:12:13.4431127Z #7 19.68 Unpacking gnupg (2.2.19-3ubuntu2.5) ...
2025-11-15T09:12:13.4431719Z #7 19.70 Selecting previously unselected package libonig5:amd64.
2025-11-15T09:12:13.4432328Z #7 19.70 Preparing to unpack .../114-libonig5_6.9.4-1_amd64.deb ...
2025-11-15T09:12:13.4432843Z #7 19.70 Unpacking libonig5:amd64 (6.9.4-1) ...
2025-11-15T09:12:13.4433346Z #7 19.73 Selecting previously unselected package libjq1:amd64.
2025-11-15T09:12:13.4433952Z #7 19.73 Preparing to unpack .../115-libjq1_1.6-1ubuntu0.20.04.1_amd64.deb ...
2025-11-15T09:12:13.4434670Z #7 19.73 Unpacking libjq1:amd64 (1.6-1ubuntu0.20.04.1) ...
2025-11-15T09:12:13.4435155Z #7 19.75 Selecting previously unselected package jq.
2025-11-15T09:12:13.4435705Z #7 19.75 Preparing to unpack .../116-jq_1.6-1ubuntu0.20.04.1_amd64.deb ...
2025-11-15T09:12:13.4436215Z #7 19.75 Unpacking jq (1.6-1ubuntu0.20.04.1) ...
2025-11-15T09:12:13.4436760Z #7 19.76 Selecting previously unselected package libalgorithm-diff-perl.
2025-11-15T09:12:13.4437647Z #7 19.77 Preparing to unpack .../117-libalgorithm-diff-perl_1.19.03-2_all.deb ...
2025-11-15T09:12:13.4438207Z #7 19.77 Unpacking libalgorithm-diff-perl (1.19.03-2) ...
2025-11-15T09:12:13.4438762Z #7 19.78 Selecting previously unselected package libalgorithm-diff-xs-perl.
2025-11-15T09:12:13.5484804Z #7 19.78 Preparing to unpack .../118-libalgorithm-diff-xs-perl_0.04-6_amd64.deb ...
2025-11-15T09:12:13.5485821Z #7 19.78 Unpacking libalgorithm-diff-xs-perl (0.04-6) ...
2025-11-15T09:12:13.5486663Z #7 19.79 Selecting previously unselected package libalgorithm-merge-perl.
2025-11-15T09:12:13.5487853Z #7 19.79 Preparing to unpack .../119-libalgorithm-merge-perl_0.08-3_all.deb ...
2025-11-15T09:12:13.5488489Z #7 19.80 Unpacking libalgorithm-merge-perl (0.08-3) ...
2025-11-15T09:12:13.5489043Z #7 19.81 Selecting previously unselected package zlib1g-dev:amd64.
2025-11-15T09:12:13.5489720Z #7 19.81 Preparing to unpack .../120-zlib1g-dev_1%3a1.2.11.dfsg-2ubuntu1.5_amd64.deb ...
2025-11-15T09:12:13.5490408Z #7 19.81 Unpacking zlib1g-dev:amd64 (1:1.2.11.dfsg-2ubuntu1.5) ...
2025-11-15T09:12:13.5491019Z #7 19.83 Selecting previously unselected package libelf-dev:amd64.
2025-11-15T09:12:13.5491640Z #7 19.83 Preparing to unpack .../121-libelf-dev_0.176-1.1ubuntu0.1_amd64.deb ...
2025-11-15T09:12:13.5492222Z #7 19.83 Unpacking libelf-dev:amd64 (0.176-1.1ubuntu0.1) ...
2025-11-15T09:12:13.5492777Z #7 19.84 Selecting previously unselected package libexpat1-dev:amd64.
2025-11-15T09:12:13.5493387Z #7 19.85 Preparing to unpack .../122-libexpat1-dev_2.2.9-1ubuntu0.8_amd64.deb ...
2025-11-15T09:12:13.5493951Z #7 19.85 Unpacking libexpat1-dev:amd64 (2.2.9-1ubuntu0.8) ...
2025-11-15T09:12:13.5494652Z #7 19.87 Selecting previously unselected package libfile-fcntllock-perl.
2025-11-15T09:12:13.5495309Z #7 19.87 Preparing to unpack .../123-libfile-fcntllock-perl_0.22-3build4_amd64.deb ...
2025-11-15T09:12:13.5495886Z #7 19.87 Unpacking libfile-fcntllock-perl (0.22-3build4) ...
2025-11-15T09:12:13.5496403Z #7 19.88 Selecting previously unselected package libfl2:amd64.
2025-11-15T09:12:13.7593602Z #7 19.89 Preparing to unpack .../124-libfl2_2.6.4-6.2_amd64.deb ...
2025-11-15T09:12:13.7593988Z #7 19.89 Unpacking libfl2:amd64 (2.6.4-6.2) ...
2025-11-15T09:12:13.7594448Z #7 19.90 Selecting previously unselected package libfl-dev:amd64.
2025-11-15T09:12:13.7594807Z #7 19.90 Preparing to unpack .../125-libfl-dev_2.6.4-6.2_amd64.deb ...
2025-11-15T09:12:13.7595124Z #7 19.90 Unpacking libfl-dev:amd64 (2.6.4-6.2) ...
2025-11-15T09:12:13.7595448Z #7 19.91 Selecting previously unselected package libncurses-dev:amd64.
2025-11-15T09:12:13.7595844Z #7 19.91 Preparing to unpack .../126-libncurses-dev_6.2-0ubuntu2.1_amd64.deb ...
2025-11-15T09:12:13.7596207Z #7 19.91 Unpacking libncurses-dev:amd64 (6.2-0ubuntu2.1) ...
2025-11-15T09:12:13.7596556Z #7 19.95 Selecting previously unselected package libncurses5-dev:amd64.
2025-11-15T09:12:13.7596953Z #7 19.96 Preparing to unpack .../127-libncurses5-dev_6.2-0ubuntu2.1_amd64.deb ...
2025-11-15T09:12:13.7597324Z #7 19.96 Unpacking libncurses5-dev:amd64 (6.2-0ubuntu2.1) ...
2025-11-15T09:12:13.7597866Z #7 19.97 Selecting previously unselected package libpython3.8:amd64.
2025-11-15T09:12:13.7598265Z #7 19.97 Preparing to unpack .../128-libpython3.8_3.8.10-0ubuntu1~20.04.18_amd64.deb ...
2025-11-15T09:12:13.7598654Z #7 19.97 Unpacking libpython3.8:amd64 (3.8.10-0ubuntu1~20.04.18) ...
2025-11-15T09:12:13.7599023Z #7 20.10 Selecting previously unselected package libpython3.8-dev:amd64.
2025-11-15T09:12:13.9122405Z #7 20.10 Preparing to unpack .../129-libpython3.8-dev_3.8.10-0ubuntu1~20.04.18_amd64.deb ...
2025-11-15T09:12:13.9123195Z #7 20.10 Unpacking libpython3.8-dev:amd64 (3.8.10-0ubuntu1~20.04.18) ...
2025-11-15T09:12:14.0682469Z #7 20.40 Selecting previously unselected package libpython3-dev:amd64.
2025-11-15T09:12:14.2198391Z #7 20.41 Preparing to unpack .../130-libpython3-dev_3.8.2-0ubuntu2_amd64.deb ...
2025-11-15T09:12:14.2199399Z #7 20.41 Unpacking libpython3-dev:amd64 (3.8.2-0ubuntu2) ...
2025-11-15T09:12:14.2199982Z #7 20.42 Selecting previously unselected package libsasl2-modules:amd64.
2025-11-15T09:12:14.2200416Z #7 20.42 Preparing to unpack .../131-libsasl2-modules_2.1.27+dfsg-2ubuntu0.1_amd64.deb ...
2025-11-15T09:12:14.2200831Z #7 20.42 Unpacking libsasl2-modules:amd64 (2.1.27+dfsg-2ubuntu0.1) ...
2025-11-15T09:12:14.2201199Z #7 20.44 Selecting previously unselected package libssl-dev:amd64.
2025-11-15T09:12:14.2201573Z #7 20.44 Preparing to unpack .../132-libssl-dev_1.1.1f-1ubuntu2.24_amd64.deb ...
2025-11-15T09:12:14.2201933Z #7 20.44 Unpacking libssl-dev:amd64 (1.1.1f-1ubuntu2.24) ...
2025-11-15T09:12:14.2202263Z #7 20.56 Selecting previously unselected package manpages-dev.
2025-11-15T09:12:14.3727952Z #7 20.56 Preparing to unpack .../133-manpages-dev_5.05-1_all.deb ...
2025-11-15T09:12:14.3728488Z #7 20.56 Unpacking manpages-dev (5.05-1) ...
2025-11-15T09:12:14.3965019Z #7 20.73 Selecting previously unselected package python-pip-whl.
2025-11-15T09:12:14.5070362Z #7 20.73 Preparing to unpack .../134-python-pip-whl_20.0.2-5ubuntu1.11_all.deb ...
2025-11-15T09:12:14.5070877Z #7 20.74 Unpacking python-pip-whl (20.0.2-5ubuntu1.11) ...
2025-11-15T09:12:14.5071250Z #7 20.84 Selecting previously unselected package python3.8-dev.
2025-11-15T09:12:14.6110753Z #7 20.84 Preparing to unpack .../135-python3.8-dev_3.8.10-0ubuntu1~20.04.18_amd64.deb ...
2025-11-15T09:12:14.6111510Z #7 20.85 Unpacking python3.8-dev (3.8.10-0ubuntu1~20.04.18) ...
2025-11-15T09:12:14.6112106Z #7 20.86 Selecting previously unselected package python3-lib2to3.
2025-11-15T09:12:14.6112516Z #7 20.87 Preparing to unpack .../136-python3-lib2to3_3.8.10-0ubuntu1~20.04_all.deb ...
2025-11-15T09:12:14.6112900Z #7 20.87 Unpacking python3-lib2to3 (3.8.10-0ubuntu1~20.04) ...
2025-11-15T09:12:14.6113243Z #7 20.89 Selecting previously unselected package python3-distutils.
2025-11-15T09:12:14.6113648Z #7 20.89 Preparing to unpack .../137-python3-distutils_3.8.10-0ubuntu1~20.04_all.deb ...
2025-11-15T09:12:14.6114055Z #7 20.90 Unpacking python3-distutils (3.8.10-0ubuntu1~20.04) ...
2025-11-15T09:12:14.6114732Z #7 20.95 Selecting previously unselected package python3-dev.
2025-11-15T09:12:14.7206866Z #7 20.95 Preparing to unpack .../138-python3-dev_3.8.2-0ubuntu2_amd64.deb ...
2025-11-15T09:12:14.7207508Z #7 20.95 Unpacking python3-dev (3.8.2-0ubuntu2) ...
2025-11-15T09:12:14.7208078Z #7 20.96 Selecting previously unselected package python3-setuptools.
2025-11-15T09:12:14.7208818Z #7 20.96 Preparing to unpack .../139-python3-setuptools_45.2.0-1ubuntu0.3_all.deb ...
2025-11-15T09:12:14.7209436Z #7 20.96 Unpacking python3-setuptools (45.2.0-1ubuntu0.3) ...
2025-11-15T09:12:14.7210000Z #7 21.01 Selecting previously unselected package python3-wheel.
2025-11-15T09:12:14.7210629Z #7 21.01 Preparing to unpack .../140-python3-wheel_0.34.2-1ubuntu0.1_all.deb ...
2025-11-15T09:12:14.7211211Z #7 21.01 Unpacking python3-wheel (0.34.2-1ubuntu0.1) ...
2025-11-15T09:12:14.7211736Z #7 21.02 Selecting previously unselected package python3-pip.
2025-11-15T09:12:14.7212606Z #7 21.02 Preparing to unpack .../141-python3-pip_20.0.2-5ubuntu1.11_all.deb ...
2025-11-15T09:12:14.7213194Z #7 21.02 Unpacking python3-pip (20.0.2-5ubuntu1.11) ...
2025-11-15T09:12:14.7213673Z #7 21.06 Selecting previously unselected package unzip.
2025-11-15T09:12:14.8223009Z #7 21.06 Preparing to unpack .../142-unzip_6.0-25ubuntu1.2_amd64.deb ...
2025-11-15T09:12:14.8223648Z #7 21.06 Unpacking unzip (6.0-25ubuntu1.2) ...
2025-11-15T09:12:14.8224187Z #7 21.08 Selecting previously unselected package dos2unix.
2025-11-15T09:12:14.8224890Z #7 21.08 Preparing to unpack .../143-dos2unix_7.4.0-2_amd64.deb ...
2025-11-15T09:12:14.8225366Z #7 21.08 Unpacking dos2unix (7.4.0-2) ...
2025-11-15T09:12:14.8225893Z #7 21.13 Setting up libksba8:amd64 (1.3.5-2ubuntu0.20.04.2) ...
2025-11-15T09:12:14.8226422Z #7 21.13 Setting up cpio (2.13+dfsg-2ubuntu0.4) ...
2025-11-15T09:12:14.8227051Z #7 21.14 update-alternatives: using /bin/mt-gnu to provide /bin/mt (mt) in auto mode
2025-11-15T09:12:14.8227988Z #7 21.14 update-alternatives: warning: skip creation of /usr/share/man/man1/mt.1.gz because associated file /usr/share/man/man1/mt-gnu.1.gz (of link group mt) doesn't exist
2025-11-15T09:12:14.8228606Z #7 21.14 Setting up libxau6:amd64 (1:1.0.9-0ubuntu1) ...
2025-11-15T09:12:14.8228910Z #7 21.14 Setting up libkeyutils1:amd64 (1.6-6ubuntu1.1) ...
2025-11-15T09:12:14.8229284Z #7 21.14 Setting up libpsl5:amd64 (0.21.0-1ubuntu1) ...
2025-11-15T09:12:14.8229587Z #7 21.14 Setting up perl-modules-5.30 (5.30.0-9ubuntu0.5) ...
2025-11-15T09:12:14.8229879Z #7 21.15 Setting up mime-support (3.64ubuntu1) ...
2025-11-15T09:12:14.8230139Z #7 21.16 Setting up wget (1.20.3-1ubuntu2.1) ...
2025-11-15T09:12:14.9239140Z #7 21.16 Setting up libmagic-mgc (1:5.38-4) ...
2025-11-15T09:12:14.9239594Z #7 21.16 Setting up manpages (5.05-1) ...
2025-11-15T09:12:14.9240002Z #7 21.17 Setting up unzip (6.0-25ubuntu1.2) ...
2025-11-15T09:12:14.9240520Z #7 21.17 Setting up libbrotli1:amd64 (1.0.7-6ubuntu0.1) ...
2025-11-15T09:12:14.9240889Z #7 21.18 Setting up libsqlite3-0:amd64 (3.31.1-4ubuntu0.7) ...
2025-11-15T09:12:14.9241265Z #7 21.18 Setting up libsasl2-modules:amd64 (2.1.27+dfsg-2ubuntu0.1) ...
2025-11-15T09:12:14.9241683Z #7 21.18 Setting up binutils-common:amd64 (2.34-6ubuntu1.11) ...
2025-11-15T09:12:14.9242137Z #7 21.18 Setting up libnghttp2-14:amd64 (1.40.0-1ubuntu0.3) ...
2025-11-15T09:12:14.9242426Z #7 21.19 Setting up libmagic1:amd64 (1:5.38-4) ...
2025-11-15T09:12:14.9242687Z #7 21.19 Setting up less (551-1ubuntu0.3) ...
2025-11-15T09:12:14.9242955Z #7 21.19 Setting up linux-libc-dev:amd64 (5.4.0-216.236) ...
2025-11-15T09:12:14.9243264Z #7 21.19 Setting up libctf-nobfd0:amd64 (2.34-6ubuntu1.11) ...
2025-11-15T09:12:14.9243542Z #7 21.20 Setting up libnpth0:amd64 (1.6-1) ...
2025-11-15T09:12:14.9243812Z #7 21.20 Setting up krb5-locales (1.17-6ubuntu4.11) ...
2025-11-15T09:12:14.9244077Z #7 21.20 Setting up file (1:5.38-4) ...
2025-11-15T09:12:14.9244588Z #7 21.20 Setting up libassuan0:amd64 (2.5.3-7ubuntu2) ...
2025-11-15T09:12:14.9244897Z #7 21.20 Setting up libgomp1:amd64 (10.5.0-1ubuntu1~20.04) ...
2025-11-15T09:12:14.9245199Z #7 21.21 Setting up libcbor0.6:amd64 (0.6.0-0ubuntu1) ...
2025-11-15T09:12:14.9245597Z #7 21.21 Setting up libldap-common (2.4.49+dfsg-2ubuntu1.10) ...
2025-11-15T09:12:14.9245894Z #7 21.21 Setting up libfakeroot:amd64 (1.24-1) ...
2025-11-15T09:12:14.9246191Z #7 21.21 Setting up libkrb5support0:amd64 (1.17-6ubuntu4.11) ...
2025-11-15T09:12:14.9246652Z #7 21.22 Setting up libsasl2-modules-db:amd64 (2.1.27+dfsg-2ubuntu0.1) ...
2025-11-15T09:12:14.9247028Z #7 21.22 Setting up fakeroot (1.24-1) ...
2025-11-15T09:12:14.9247462Z #7 21.22 update-alternatives: using /usr/bin/fakeroot-sysv to provide /usr/bin/fakeroot (fakeroot) in auto mode
2025-11-15T09:12:14.9248392Z #7 21.22 update-alternatives: warning: skip creation of /usr/share/man/man1/fakeroot.1.gz because associated file /usr/share/man/man1/fakeroot-sysv.1.gz (of link group fakeroot) doesn't exist
2025-11-15T09:12:14.9249739Z #7 21.22 update-alternatives: warning: skip creation of /usr/share/man/man1/faked.1.gz because associated file /usr/share/man/man1/faked-sysv.1.gz (of link group fakeroot) doesn't exist
2025-11-15T09:12:14.9250806Z #7 21.22 update-alternatives: warning: skip creation of /usr/share/man/es/man1/fakeroot.1.gz because associated file /usr/share/man/es/man1/fakeroot-sysv.1.gz (of link group fakeroot) doesn't exist
2025-11-15T09:12:14.9251964Z #7 21.22 update-alternatives: warning: skip creation of /usr/share/man/es/man1/faked.1.gz because associated file /usr/share/man/es/man1/faked-sysv.1.gz (of link group fakeroot) doesn't exist
2025-11-15T09:12:14.9253092Z #7 21.22 update-alternatives: warning: skip creation of /usr/share/man/fr/man1/fakeroot.1.gz because associated file /usr/share/man/fr/man1/fakeroot-sysv.1.gz (of link group fakeroot) doesn't exist
2025-11-15T09:12:14.9254437Z #7 21.22 update-alternatives: warning: skip creation of /usr/share/man/fr/man1/faked.1.gz because associated file /usr/share/man/fr/man1/faked-sysv.1.gz (of link group fakeroot) doesn't exist
2025-11-15T09:12:14.9257737Z #7 21.22 update-alternatives: warning: skip creation of /usr/share/man/sv/man1/fakeroot.1.gz because associated file /usr/share/man/sv/man1/fakeroot-sysv.1.gz (of link group fakeroot) doesn't exist
2025-11-15T09:12:14.9259490Z #7 21.22 update-alternatives: warning: skip creation of /usr/share/man/sv/man1/faked.1.gz because associated file /usr/share/man/sv/man1/faked-sysv.1.gz (of link group fakeroot) doesn't exist
2025-11-15T09:12:14.9260282Z #7 21.23 Setting up libx11-data (2:1.6.9-2ubuntu1.6) ...
2025-11-15T09:12:14.9260549Z #7 21.23 Setting up make (4.2.1-1.2) ...
2025-11-15T09:12:14.9260806Z #7 21.23 Setting up libmpfr6:amd64 (4.0.2-1) ...
2025-11-15T09:12:14.9261156Z #7 21.23 Setting up gnupg-l10n (2.2.19-3ubuntu2.5) ...
2025-11-15T09:12:14.9261489Z #7 21.23 Setting up librtmp1:amd64 (2.4+20151223.gitfa8646d.1-2build1) ...
2025-11-15T09:12:14.9261931Z #7 21.24 Setting up libsigsegv2:amd64 (2.12-2) ...
2025-11-15T09:12:14.9262272Z #7 21.24 Setting up xz-utils (5.2.4-1ubuntu1.1) ...
2025-11-15T09:12:14.9262654Z #7 21.24 update-alternatives: using /usr/bin/xz to provide /usr/bin/lzma (lzma) in auto mode
2025-11-15T09:12:14.9263507Z #7 21.24 update-alternatives: warning: skip creation of /usr/share/man/man1/lzma.1.gz because associated file /usr/share/man/man1/xz.1.gz (of link group lzma) doesn't exist
2025-11-15T09:12:14.9264819Z #7 21.24 update-alternatives: warning: skip creation of /usr/share/man/man1/unlzma.1.gz because associated file /usr/share/man/man1/unxz.1.gz (of link group lzma) doesn't exist
2025-11-15T09:12:14.9265774Z #7 21.24 update-alternatives: warning: skip creation of /usr/share/man/man1/lzcat.1.gz because associated file /usr/share/man/man1/xzcat.1.gz (of link group lzma) doesn't exist
2025-11-15T09:12:14.9266875Z #7 21.24 update-alternatives: warning: skip creation of /usr/share/man/man1/lzmore.1.gz because associated file /usr/share/man/man1/xzmore.1.gz (of link group lzma) doesn't exist
2025-11-15T09:12:14.9267918Z #7 21.24 update-alternatives: warning: skip creation of /usr/share/man/man1/lzless.1.gz because associated file /usr/share/man/man1/xzless.1.gz (of link group lzma) doesn't exist
2025-11-15T09:12:14.9268982Z #7 21.24 update-alternatives: warning: skip creation of /usr/share/man/man1/lzdiff.1.gz because associated file /usr/share/man/man1/xzdiff.1.gz (of link group lzma) doesn't exist
2025-11-15T09:12:14.9270001Z #7 21.24 update-alternatives: warning: skip creation of /usr/share/man/man1/lzcmp.1.gz because associated file /usr/share/man/man1/xzcmp.1.gz (of link group lzma) doesn't exist
2025-11-15T09:12:14.9271051Z #7 21.24 update-alternatives: warning: skip creation of /usr/share/man/man1/lzgrep.1.gz because associated file /usr/share/man/man1/xzgrep.1.gz (of link group lzma) doesn't exist
2025-11-15T09:12:14.9272027Z #7 21.24 update-alternatives: warning: skip creation of /usr/share/man/man1/lzegrep.1.gz because associated file /usr/share/man/man1/xzegrep.1.gz (of link group lzma) doesn't exist
2025-11-15T09:12:14.9273158Z #7 21.24 update-alternatives: warning: skip creation of /usr/share/man/man1/lzfgrep.1.gz because associated file /usr/share/man/man1/xzfgrep.1.gz (of link group lzma) doesn't exist
2025-11-15T09:12:14.9273912Z #7 21.24 Setting up libquadmath0:amd64 (10.5.0-1ubuntu1~20.04) ...
2025-11-15T09:12:14.9274238Z #7 21.24 Setting up libssl-dev:amd64 (1.1.1f-1ubuntu2.24) ...
2025-11-15T09:12:14.9274691Z #7 21.25 Setting up libmpc3:amd64 (1.1.0-1) ...
2025-11-15T09:12:14.9274980Z #7 21.25 Setting up libatomic1:amd64 (10.5.0-1ubuntu1~20.04) ...
2025-11-15T09:12:14.9275371Z #7 21.25 Setting up patch (2.7.6-6) ...
2025-11-15T09:12:14.9275661Z #7 21.25 Setting up sudo (1.8.31-1ubuntu1.5) ...
2025-11-15T09:12:14.9275918Z #7 21.26 Setting up libfl2:amd64 (2.6.4-6.2) ...
2025-11-15T09:12:15.0253320Z #7 21.26 Setting up libk5crypto3:amd64 (1.17-6ubuntu4.11) ...
2025-11-15T09:12:15.0253985Z #7 21.26 Setting up libsasl2-2:amd64 (2.1.27+dfsg-2ubuntu0.1) ...
2025-11-15T09:12:15.0257742Z #7 21.27 Setting up libroken18-heimdal:amd64 (7.7.0+dfsg-1ubuntu1.4) ...
2025-11-15T09:12:15.0258106Z #7 21.27 Setting up libubsan1:amd64 (10.5.0-1ubuntu1~20.04) ...
2025-11-15T09:12:15.0258427Z #7 21.27 Setting up libcrypt-dev:amd64 (1:4.4.10-10ubuntu4) ...
2025-11-15T09:12:15.0258727Z #7 21.27 Setting up git-man (1:2.25.1-1ubuntu3.14) ...
2025-11-15T09:12:15.0259082Z #7 21.27 Setting up libisl22:amd64 (0.22.1-1) ...
2025-11-15T09:12:15.0259335Z #7 21.28 Setting up netbase (6.1) ...
2025-11-15T09:12:15.0259591Z #7 21.28 Setting up libkrb5-3:amd64 (1.17-6ubuntu4.11) ...
2025-11-15T09:12:15.0259866Z #7 21.28 Setting up dos2unix (7.4.0-2) ...
2025-11-15T09:12:15.0260231Z #7 21.29 Setting up libmpdec2:amd64 (2.4.2-3) ...
2025-11-15T09:12:15.0260516Z #7 21.29 Setting up libbinutils:amd64 (2.34-6ubuntu1.11) ...
2025-11-15T09:12:15.0260850Z #7 21.29 Setting up libfido2-1:amd64 (1.3.1-1ubuntu2) ...
2025-11-15T09:12:15.0261262Z #7 21.29 Setting up libc-dev-bin (2.31-0ubuntu9.18) ...
2025-11-15T09:12:15.0261553Z #7 21.29 Setting up openssl (1.1.1f-1ubuntu2.24) ...
2025-11-15T09:12:15.0261819Z #7 21.30 Setting up libbsd0:amd64 (0.10.0-1) ...
2025-11-15T09:12:15.0262105Z #7 21.30 Setting up libelf1:amd64 (0.176-1.1ubuntu0.1) ...
2025-11-15T09:12:15.0262502Z #7 21.30 Setting up readline-common (8.0-4) ...
2025-11-15T09:12:15.0262821Z #7 21.31 Setting up publicsuffix (20200303.0012-1) ...
2025-11-15T09:12:15.0263109Z #7 21.31 Setting up libcc1-0:amd64 (10.5.0-1ubuntu1~20.04) ...
2025-11-15T09:12:15.0263452Z #7 21.31 Setting up libonig5:amd64 (6.9.4-1) ...
2025-11-15T09:12:15.0263755Z #7 21.31 Setting up liblocale-gettext-perl (1.07-4) ...
2025-11-15T09:12:15.0264049Z #7 21.32 Setting up liblsan0:amd64 (10.5.0-1ubuntu1~20.04) ...
2025-11-15T09:12:15.0264528Z #7 21.32 Setting up libitm1:amd64 (10.5.0-1ubuntu1~20.04) ...
2025-11-15T09:12:15.0264899Z #7 21.32 Setting up libkmod2:amd64 (27-1ubuntu2.1) ...
2025-11-15T09:12:15.0265343Z #7 21.32 Setting up libheimbase1-heimdal:amd64 (7.7.0+dfsg-1ubuntu1.4) ...
2025-11-15T09:12:15.0265674Z #7 21.32 Setting up libgdbm6:amd64 (1.18.1-5) ...
2025-11-15T09:12:15.0266025Z #7 21.33 Setting up libpopt0:amd64 (1.16-14) ...
2025-11-15T09:12:15.0266326Z #7 21.33 Setting up gcc-9-base:amd64 (9.4.0-1ubuntu1~20.04.2) ...
2025-11-15T09:12:15.0266638Z #7 21.33 Setting up libtsan0:amd64 (10.5.0-1ubuntu1~20.04) ...
2025-11-15T09:12:15.0266940Z #7 21.34 Setting up libctf0:amd64 (2.34-6ubuntu1.11) ...
2025-11-15T09:12:15.0267225Z #7 21.34 Setting up pinentry-curses (1.1.0-3build1) ...
2025-11-15T09:12:15.0267650Z #7 21.34 Setting up manpages-dev (5.05-1) ...
2025-11-15T09:12:15.0267920Z #7 21.35 Setting up libxdmcp6:amd64 (1:1.1.3-0ubuntu1) ...
2025-11-15T09:12:15.0268201Z #7 21.35 Setting up libxcb1:amd64 (1.14-2) ...
2025-11-15T09:12:15.0268470Z #7 21.36 Setting up libjq1:amd64 (1.6-1ubuntu0.20.04.1) ...
2025-11-15T09:12:15.0268805Z #7 21.36 Setting up libasn1-8-heimdal:amd64 (7.7.0+dfsg-1ubuntu1.4) ...
2025-11-15T09:12:15.0269124Z #7 21.36 Setting up libedit2:amd64 (3.1-20191231-1) ...
2025-11-15T09:12:15.2120559Z #7 21.36 Setting up libreadline8:amd64 (8.0-4) ...
2025-11-15T09:12:15.2121122Z #7 21.37 Setting up bc (1.07.1-2build1) ...
2025-11-15T09:12:15.2121909Z #7 21.37 Setting up m4 (1.4.18-4) ...
2025-11-15T09:12:15.2122336Z #7 21.37 Setting up kmod (27-1ubuntu2.1) ...
2025-11-15T09:12:15.2122887Z #7 21.40 Setting up libhcrypto4-heimdal:amd64 (7.7.0+dfsg-1ubuntu1.4) ...
2025-11-15T09:12:15.2123483Z #7 21.40 Setting up ca-certificates (20240203~20.04.1) ...
2025-11-15T09:12:15.3850657Z #7 21.72 Updating certificates in /etc/ssl/certs...
2025-11-15T09:12:15.7972214Z #7 22.13 146 added, 0 removed; done.
2025-11-15T09:12:15.9981070Z #7 22.15 Setting up libasan5:amd64 (9.4.0-1ubuntu1~20.04.2) ...
2025-11-15T09:12:15.9981772Z #7 22.15 Setting up libwind0-heimdal:amd64 (7.7.0+dfsg-1ubuntu1.4) ...
2025-11-15T09:12:15.9982387Z #7 22.15 Setting up libgssapi-krb5-2:amd64 (1.17-6ubuntu4.11) ...
2025-11-15T09:12:15.9982986Z #7 22.15 Setting up libgdbm-compat4:amd64 (1.18.1-5) ...
2025-11-15T09:12:15.9983847Z #7 22.16 Setting up libssh-4:amd64 (0.9.3-2ubuntu2.5) ...
2025-11-15T09:12:15.9984603Z #7 22.16 Setting up jq (1.6-1ubuntu0.20.04.1) ...
2025-11-15T09:12:15.9985058Z #7 22.16 Setting up bison (2:3.5.1+dfsg-1) ...
2025-11-15T09:12:15.9985749Z #7 22.16 update-alternatives: using /usr/bin/bison.yacc to provide /usr/bin/yacc (yacc) in auto mode
2025-11-15T09:12:15.9987164Z #7 22.16 update-alternatives: warning: skip creation of /usr/share/man/man1/yacc.1.gz because associated file /usr/share/man/man1/bison.yacc.1.gz (of link group yacc) doesn't exist
2025-11-15T09:12:15.9988228Z #7 22.17 Setting up gpgconf (2.2.19-3ubuntu2.5) ...
2025-11-15T09:12:15.9988736Z #7 22.17 Setting up cpp-9 (9.4.0-1ubuntu1~20.04.2) ...
2025-11-15T09:12:15.9989277Z #7 22.17 Setting up libperl5.30:amd64 (5.30.0-9ubuntu0.5) ...
2025-11-15T09:12:15.9989797Z #7 22.17 Setting up libc6-dev:amd64 (2.31-0ubuntu9.18) ...
2025-11-15T09:12:15.9990311Z #7 22.18 Setting up libx11-6:amd64 (2:1.6.9-2ubuntu1.6) ...
2025-11-15T09:12:15.9990838Z #7 22.18 Setting up python-pip-whl (20.0.2-5ubuntu1.11) ...
2025-11-15T09:12:15.9991453Z #7 22.18 Setting up libpython3.8-stdlib:amd64 (3.8.10-0ubuntu1~20.04.18) ...
2025-11-15T09:12:15.9992041Z #7 22.18 Setting up python3.8 (3.8.10-0ubuntu1~20.04.18) ...
2025-11-15T09:12:16.3111604Z #7 22.65 Setting up libxmuu1:amd64 (2:1.1.3-0ubuntu1) ...
2025-11-15T09:12:16.4209978Z #7 22.65 Setting up gpg (2.2.19-3ubuntu2.5) ...
2025-11-15T09:12:16.4210513Z #7 22.65 Setting up rsync (3.1.3-8ubuntu0.9) ...
2025-11-15T09:12:16.4210936Z #7 22.67 invoke-rc.d: could not determine current runlevel
2025-11-15T09:12:16.4211261Z #7 22.67 invoke-rc.d: policy-rc.d denied execution of start.
2025-11-15T09:12:16.4211598Z #7 22.76 Setting up libpython3-stdlib:amd64 (3.8.2-0ubuntu2) ...
2025-11-15T09:12:16.5849873Z #7 22.76 Setting up gnupg-utils (2.2.19-3ubuntu2.5) ...
2025-11-15T09:12:16.5850527Z #7 22.76 Setting up binutils-x86-64-linux-gnu (2.34-6ubuntu1.11) ...
2025-11-15T09:12:16.5851095Z #7 22.76 Setting up flex (2.6.4-6.2) ...
2025-11-15T09:12:16.5851617Z #7 22.77 Setting up libncurses-dev:amd64 (6.2-0ubuntu2.1) ...
2025-11-15T09:12:16.5852164Z #7 22.77 Setting up gpg-agent (2.2.19-3ubuntu2.5) ...
2025-11-15T09:12:16.7797784Z #7 23.12 Setting up openssh-client (1:8.2p1-4ubuntu0.13) ...
2025-11-15T09:12:16.9041027Z #7 23.17 Setting up libhx509-5-heimdal:amd64 (7.7.0+dfsg-1ubuntu1.4) ...
2025-11-15T09:12:16.9041416Z #7 23.17 Setting up gpgsm (2.2.19-3ubuntu2.5) ...
2025-11-15T09:12:16.9041714Z #7 23.17 Setting up libxext6:amd64 (2:1.3.4-0ubuntu1) ...
2025-11-15T09:12:16.9042001Z #7 23.17 Setting up python3 (3.8.2-0ubuntu2) ...
2025-11-15T09:12:16.9042262Z #7 23.24 Setting up binutils (2.34-6ubuntu1.11) ...
2025-11-15T09:12:17.0042222Z #7 23.24 Setting up python3-wheel (0.34.2-1ubuntu0.1) ...
2025-11-15T09:12:17.0042810Z #7 23.34 Setting up libfl-dev:amd64 (2.6.4-6.2) ...
2025-11-15T09:12:17.0043393Z #7 23.34 Setting up libgcc-9-dev:amd64 (9.4.0-1ubuntu1~20.04.2) ...
2025-11-15T09:12:17.1061185Z #7 23.34 Setting up perl (5.30.0-9ubuntu0.5) ...
2025-11-15T09:12:17.1061985Z #7 23.35 Setting up libexpat1-dev:amd64 (2.2.9-1ubuntu0.8) ...
2025-11-15T09:12:17.1068311Z #7 23.35 Setting up libpython3.8:amd64 (3.8.10-0ubuntu1~20.04.18) ...
2025-11-15T09:12:17.1068949Z #7 23.36 Setting up libdpkg-perl (1.19.7ubuntu3.2) ...
2025-11-15T09:12:17.1069328Z #7 23.36 Setting up gpg-wks-server (2.2.19-3ubuntu2.5) ...
2025-11-15T09:12:17.1069789Z #7 23.36 Setting up zlib1g-dev:amd64 (1:1.2.11.dfsg-2ubuntu1.5) ...
2025-11-15T09:12:17.1070367Z #7 23.36 Setting up xauth (1:1.1-0ubuntu1) ...
2025-11-15T09:12:17.1070808Z #7 23.37 Setting up cpp (4:9.3.0-1ubuntu2) ...
2025-11-15T09:12:17.1071088Z #7 23.37 Setting up libncurses5-dev:amd64 (6.2-0ubuntu2.1) ...
2025-11-15T09:12:17.1071464Z #7 23.37 Setting up python3-lib2to3 (3.8.10-0ubuntu1~20.04) ...
2025-11-15T09:12:17.1071805Z #7 23.44 Setting up libkrb5-26-heimdal:amd64 (7.7.0+dfsg-1ubuntu1.4) ...
2025-11-15T09:12:17.2408250Z #7 23.44 Setting up python3-pkg-resources (45.2.0-1ubuntu0.3) ...
2025-11-15T09:12:17.2411941Z #7 23.58 Setting up python3-distutils (3.8.10-0ubuntu1~20.04) ...
2025-11-15T09:12:17.4796646Z #7 23.66 Setting up gcc-9 (9.4.0-1ubuntu1~20.04.2) ...
2025-11-15T09:12:17.4797300Z #7 23.67 Setting up python3-setuptools (45.2.0-1ubuntu0.3) ...
2025-11-15T09:12:17.5077137Z #7 23.84 Setting up libstdc++-9-dev:amd64 (9.4.0-1ubuntu1~20.04.2) ...
2025-11-15T09:12:17.6928495Z #7 23.85 Setting up libfile-fcntllock-perl (0.22-3build4) ...
2025-11-15T09:12:17.6929287Z #7 23.85 Setting up libalgorithm-diff-perl (1.19.03-2) ...
2025-11-15T09:12:17.6929784Z #7 23.85 Setting up libheimntlm0-heimdal:amd64 (7.7.0+dfsg-1ubuntu1.4) ...
2025-11-15T09:12:17.6930246Z #7 23.86 Setting up gcc (4:9.3.0-1ubuntu2) ...
2025-11-15T09:12:17.6930639Z #7 23.86 Setting up dpkg-dev (1.19.7ubuntu3.2) ...
2025-11-15T09:12:17.6930990Z #7 23.87 Setting up liberror-perl (0.17029-1) ...
2025-11-15T09:12:17.6931451Z #7 23.87 Setting up libgssapi3-heimdal:amd64 (7.7.0+dfsg-1ubuntu1.4) ...
2025-11-15T09:12:17.6932001Z #7 23.87 Setting up libpython3.8-dev:amd64 (3.8.10-0ubuntu1~20.04.18) ...
2025-11-15T09:12:17.6932573Z #7 23.88 Setting up libelf-dev:amd64 (0.176-1.1ubuntu0.1) ...
2025-11-15T09:12:17.6933000Z #7 23.88 Setting up python3-pip (20.0.2-5ubuntu1.11) ...
2025-11-15T09:12:17.7137458Z #7 24.05 Setting up g++-9 (9.4.0-1ubuntu1~20.04.2) ...
2025-11-15T09:12:17.8565463Z #7 24.05 Setting up python3.8-dev (3.8.10-0ubuntu1~20.04.18) ...
2025-11-15T09:12:17.8565976Z #7 24.05 Setting up g++ (4:9.3.0-1ubuntu2) ...
2025-11-15T09:12:17.8566428Z #7 24.07 update-alternatives: using /usr/bin/g++ to provide /usr/bin/c++ (c++) in auto mode
2025-11-15T09:12:17.8567182Z #7 24.07 update-alternatives: warning: skip creation of /usr/share/man/man1/c++.1.gz because associated file /usr/share/man/man1/g++.1.gz (of link group c++) doesn't exist
2025-11-15T09:12:17.8567931Z #7 24.07 Setting up build-essential (12.8ubuntu1.1) ...
2025-11-15T09:12:17.8568252Z #7 24.08 Setting up libalgorithm-diff-xs-perl (0.04-6) ...
2025-11-15T09:12:17.8568566Z #7 24.08 Setting up libalgorithm-merge-perl (0.08-3) ...
2025-11-15T09:12:17.8568920Z #7 24.08 Setting up libpython3-dev:amd64 (3.8.2-0ubuntu2) ...
2025-11-15T09:12:17.8569279Z #7 24.08 Setting up libldap-2.4-2:amd64 (2.4.49+dfsg-2ubuntu1.10) ...
2025-11-15T09:12:17.8569641Z #7 24.09 Setting up libcurl3-gnutls:amd64 (7.68.0-1ubuntu2.25) ...
2025-11-15T09:12:17.8570126Z #7 24.09 Setting up dirmngr (2.2.19-3ubuntu2.5) ...
2025-11-15T09:12:17.8570401Z #7 24.19 Setting up python3-dev (3.8.2-0ubuntu2) ...
2025-11-15T09:12:18.0551274Z #7 24.19 Setting up git (1:2.25.1-1ubuntu3.14) ...
2025-11-15T09:12:18.0551631Z #7 24.21 Setting up libcurl4:amd64 (7.68.0-1ubuntu2.25) ...
2025-11-15T09:12:18.0551930Z #7 24.22 Setting up curl (7.68.0-1ubuntu2.25) ...
2025-11-15T09:12:18.0552225Z #7 24.22 Setting up gpg-wks-client (2.2.19-3ubuntu2.5) ...
2025-11-15T09:12:18.0552584Z #7 24.22 Setting up gnupg (2.2.19-3ubuntu2.5) ...
2025-11-15T09:12:18.0553100Z #7 24.23 Processing triggers for libc-bin (2.31-0ubuntu9.17) ...
2025-11-15T09:12:18.0553701Z #7 24.24 Processing triggers for ca-certificates (20240203~20.04.1) ...
2025-11-15T09:12:18.0554080Z #7 24.24 Updating certificates in /etc/ssl/certs...
2025-11-15T09:12:18.2274732Z #7 24.56 0 added, 0 removed; done.
2025-11-15T09:12:18.2275348Z #7 24.56 Running hooks in /etc/ca-certificates/update.d...
2025-11-15T09:12:18.3787531Z #7 24.56 done.
2025-11-15T09:12:19.2161167Z #7 DONE 25.6s
2025-11-15T09:12:19.4610782Z 
2025-11-15T09:12:19.4611718Z #8 [3/8] RUN git clone https://github.com/qnap-dev/QDK.git /opt/QDK &&     cd /opt/QDK &&     chmod +x InstallToUbuntu.sh &&     yes | ./InstallToUbuntu.sh install
2025-11-15T09:12:19.4612275Z #8 0.094 Cloning into '/opt/QDK'...
2025-11-15T09:12:20.3299901Z #8 1.113 Get:1 http://security.ubuntu.com/ubuntu focal-security InRelease [128 kB]
2025-11-15T09:12:20.4490951Z #8 1.232 Get:2 http://archive.ubuntu.com/ubuntu focal InRelease [265 kB]
2025-11-15T09:12:20.6870928Z #8 1.470 Get:3 http://security.ubuntu.com/ubuntu focal-security/multiverse amd64 Packages [33.1 kB]
2025-11-15T09:12:20.8205490Z #8 1.553 Get:4 http://security.ubuntu.com/ubuntu focal-security/restricted amd64 Packages [4801 kB]
2025-11-15T09:12:20.8206187Z #8 1.604 Get:5 http://archive.ubuntu.com/ubuntu focal-updates InRelease [128 kB]
2025-11-15T09:12:20.9980863Z #8 1.691 Get:6 http://archive.ubuntu.com/ubuntu focal-backports InRelease [128 kB]
2025-11-15T09:12:20.9981602Z #8 1.781 Get:7 http://archive.ubuntu.com/ubuntu focal/restricted amd64 Packages [33.4 kB]
2025-11-15T09:12:21.1316085Z #8 1.788 Get:8 http://archive.ubuntu.com/ubuntu focal/multiverse amd64 Packages [177 kB]
2025-11-15T09:12:21.1319542Z #8 1.822 Get:9 http://archive.ubuntu.com/ubuntu focal/universe amd64 Packages [11.3 MB]
2025-11-15T09:12:21.1320496Z #8 1.915 Get:10 http://security.ubuntu.com/ubuntu focal-security/universe amd64 Packages [1308 kB]
2025-11-15T09:12:21.3056367Z #8 1.938 Get:11 http://security.ubuntu.com/ubuntu focal-security/main amd64 Packages [4432 kB]
2025-11-15T09:12:21.3990848Z #8 2.182 Get:12 http://archive.ubuntu.com/ubuntu focal/main amd64 Packages [1275 kB]
2025-11-15T09:12:21.5705163Z #8 2.196 Get:13 http://archive.ubuntu.com/ubuntu focal-updates/restricted amd64 Packages [4998 kB]
2025-11-15T09:12:21.5706223Z #8 2.277 Get:14 http://archive.ubuntu.com/ubuntu focal-updates/main amd64 Packages [4920 kB]
2025-11-15T09:12:21.5707249Z #8 2.354 Get:15 http://archive.ubuntu.com/ubuntu focal-updates/universe amd64 Packages [1599 kB]
2025-11-15T09:12:21.7437573Z #8 2.376 Get:16 http://archive.ubuntu.com/ubuntu focal-updates/multiverse amd64 Packages [36.8 kB]
2025-11-15T09:12:21.7438612Z #8 2.376 Get:17 http://archive.ubuntu.com/ubuntu focal-backports/universe amd64 Packages [28.6 kB]
2025-11-15T09:12:21.7439671Z #8 2.377 Get:18 http://archive.ubuntu.com/ubuntu focal-backports/main amd64 Packages [55.2 kB]
2025-11-15T09:12:22.7306805Z #8 3.514 Fetched 35.7 MB in 3s (14.0 MB/s)
2025-11-15T09:12:23.6237624Z #8 3.514 Reading package lists...
2025-11-15T09:12:24.5606292Z #8 4.458 Reading package lists...
2025-11-15T09:12:24.7312646Z #8 5.360 Building dependency tree...
2025-11-15T09:12:24.7313161Z #8 5.515 Reading state information...
2025-11-15T09:12:24.8699047Z #8 5.653 build-essential is already the newest version (12.8ubuntu1.1).
2025-11-15T09:12:24.8699715Z #8 5.653 curl is already the newest version (7.68.0-1ubuntu2.25).
2025-11-15T09:12:24.8700255Z #8 5.653 openssl is already the newest version (1.1.1f-1ubuntu2.24).
2025-11-15T09:12:24.8700672Z #8 5.653 openssl set to manually installed.
2025-11-15T09:12:24.8701105Z #8 5.653 rsync is already the newest version (3.1.3-8ubuntu0.9).
2025-11-15T09:12:24.8701508Z #8 5.653 wget is already the newest version (1.20.3-1ubuntu2.1).
2025-11-15T09:12:24.8701977Z #8 5.653 The following additional packages will be installed:
2025-11-15T09:12:25.0883535Z #8 5.653   libpython2-stdlib libpython2.7-minimal libpython2.7-stdlib python2
2025-11-15T09:12:25.0884111Z #8 5.653   python2-minimal python2.7 python2.7-minimal
2025-11-15T09:12:25.0884686Z #8 5.654 Suggested packages:
2025-11-15T09:12:25.0885106Z #8 5.654   wamerican | wordlist whois vacation python2-doc python-tk python2.7-doc
2025-11-15T09:12:25.0885512Z #8 5.654   binfmt-support
2025-11-15T09:12:25.0886143Z #8 5.720 The following NEW packages will be installed:
2025-11-15T09:12:25.0886609Z #8 5.721   bsdmainutils libpython2-stdlib libpython2.7-minimal libpython2.7-stdlib
2025-11-15T09:12:25.0887146Z #8 5.721   python-is-python2 python2 python2-minimal python2.7 python2.7-minimal
2025-11-15T09:12:25.3380975Z #8 6.121 0 upgraded, 9 newly installed, 0 to remove and 3 not upgraded.
2025-11-15T09:12:25.3381479Z #8 6.121 Need to get 3996 kB of archives.
2025-11-15T09:12:25.3381879Z #8 6.121 After this operation, 17.1 MB of additional disk space will be used.
2025-11-15T09:12:25.3382605Z #8 6.121 Get:1 http://archive.ubuntu.com/ubuntu focal-updates/universe amd64 libpython2.7-minimal amd64 2.7.18-1~20.04.7 [336 kB]
2025-11-15T09:12:26.0790720Z #8 6.862 Get:2 http://archive.ubuntu.com/ubuntu focal-updates/universe amd64 python2.7-minimal amd64 2.7.18-1~20.04.7 [1278 kB]
2025-11-15T09:12:26.3816914Z #8 7.165 Get:3 http://archive.ubuntu.com/ubuntu focal/universe amd64 python2-minimal amd64 2.7.17-2ubuntu4 [27.5 kB]
2025-11-15T09:12:26.5346707Z #8 7.167 Get:4 http://archive.ubuntu.com/ubuntu focal-updates/universe amd64 libpython2.7-stdlib amd64 2.7.18-1~20.04.7 [1889 kB]
2025-11-15T09:12:26.5381015Z #8 7.321 Get:5 http://archive.ubuntu.com/ubuntu focal-updates/universe amd64 python2.7 amd64 2.7.18-1~20.04.7 [248 kB]
2025-11-15T09:12:26.6621143Z #8 7.334 Get:6 http://archive.ubuntu.com/ubuntu focal/universe amd64 libpython2-stdlib amd64 2.7.17-2ubuntu4 [7072 B]
2025-11-15T09:12:26.6622061Z #8 7.334 Get:7 http://archive.ubuntu.com/ubuntu focal/universe amd64 python2 amd64 2.7.17-2ubuntu4 [26.5 kB]
2025-11-15T09:12:26.6622795Z #8 7.335 Get:8 http://archive.ubuntu.com/ubuntu focal/main amd64 bsdmainutils amd64 11.1.2ubuntu3 [181 kB]
2025-11-15T09:12:26.6623596Z #8 7.343 Get:9 http://archive.ubuntu.com/ubuntu focal/universe amd64 python-is-python2 all 2.7.17-4 [2496 B]
2025-11-15T09:12:26.6624519Z #8 7.445 debconf: delaying package configuration, since apt-utils is not installed
2025-11-15T09:12:26.8586954Z #8 7.468 Fetched 3996 kB in 2s (2470 kB/s)
2025-11-15T09:12:26.8587587Z #8 7.482 Selecting previously unselected package libpython2.7-minimal:amd64.
2025-11-15T09:12:26.8587934Z #8 7.482 (Reading database ... 
2025-11-15T09:12:26.8588144Z (Reading database ... 5%
2025-11-15T09:12:26.8588410Z (Reading database ... 10%
2025-11-15T09:12:26.8588602Z (Reading database ... 15%
2025-11-15T09:12:26.8588792Z (Reading database ... 20%
2025-11-15T09:12:26.8589016Z (Reading database ... 25%
2025-11-15T09:12:26.8589227Z (Reading database ... 30%
2025-11-15T09:12:26.8589408Z (Reading database ... 35%
2025-11-15T09:12:26.8589597Z (Reading database ... 40%
2025-11-15T09:12:26.8589830Z (Reading database ... 45%
2025-11-15T09:12:26.8590028Z (Reading database ... 50%
2025-11-15T09:12:26.8590208Z (Reading database ... 55%
2025-11-15T09:12:26.8590401Z (Reading database ... 60%
2025-11-15T09:12:26.8590658Z (Reading database ... 65%
2025-11-15T09:12:26.8590844Z (Reading database ... 70%
2025-11-15T09:12:26.8591046Z (Reading database ... 75%
2025-11-15T09:12:26.8591231Z (Reading database ... 80%
2025-11-15T09:12:26.8591516Z (Reading database ... 85%
2025-11-15T09:12:26.8591700Z (Reading database ... 90%
2025-11-15T09:12:26.8591893Z (Reading database ... 95%
2025-11-15T09:12:26.8592138Z (Reading database ... 100%
2025-11-15T09:12:26.8592497Z (Reading database ... 16607 files and directories currently installed.)
2025-11-15T09:12:26.8593031Z #8 7.491 Preparing to unpack .../0-libpython2.7-minimal_2.7.18-1~20.04.7_amd64.deb ...
2025-11-15T09:12:26.8593444Z #8 7.492 Unpacking libpython2.7-minimal:amd64 (2.7.18-1~20.04.7) ...
2025-11-15T09:12:26.8593904Z #8 7.536 Selecting previously unselected package python2.7-minimal.
2025-11-15T09:12:26.8594289Z #8 7.537 Preparing to unpack .../1-python2.7-minimal_2.7.18-1~20.04.7_amd64.deb ...
2025-11-15T09:12:26.8594892Z #8 7.541 Unpacking python2.7-minimal (2.7.18-1~20.04.7) ...
2025-11-15T09:12:26.8595293Z #8 7.642 Selecting previously unselected package python2-minimal.
2025-11-15T09:12:27.0170336Z #8 7.643 Preparing to unpack .../2-python2-minimal_2.7.17-2ubuntu4_amd64.deb ...
2025-11-15T09:12:27.0171064Z #8 7.644 Unpacking python2-minimal (2.7.17-2ubuntu4) ...
2025-11-15T09:12:27.0171597Z #8 7.658 Selecting previously unselected package libpython2.7-stdlib:amd64.
2025-11-15T09:12:27.0172018Z #8 7.660 Preparing to unpack .../3-libpython2.7-stdlib_2.7.18-1~20.04.7_amd64.deb ...
2025-11-15T09:12:27.0172418Z #8 7.660 Unpacking libpython2.7-stdlib:amd64 (2.7.18-1~20.04.7) ...
2025-11-15T09:12:27.0172764Z #8 7.800 Selecting previously unselected package python2.7.
2025-11-15T09:12:27.2166981Z #8 7.802 Preparing to unpack .../4-python2.7_2.7.18-1~20.04.7_amd64.deb ...
2025-11-15T09:12:27.2167757Z #8 7.803 Unpacking python2.7 (2.7.18-1~20.04.7) ...
2025-11-15T09:12:27.2168503Z #8 7.825 Selecting previously unselected package libpython2-stdlib:amd64.
2025-11-15T09:12:27.2169440Z #8 7.826 Preparing to unpack .../5-libpython2-stdlib_2.7.17-2ubuntu4_amd64.deb ...
2025-11-15T09:12:27.2169921Z #8 7.827 Unpacking libpython2-stdlib:amd64 (2.7.17-2ubuntu4) ...
2025-11-15T09:12:27.2170352Z #8 7.845 Setting up libpython2.7-minimal:amd64 (2.7.18-1~20.04.7) ...
2025-11-15T09:12:27.2170759Z #8 7.850 Setting up python2.7-minimal (2.7.18-1~20.04.7) ...
2025-11-15T09:12:27.2587494Z #8 8.042 Setting up python2-minimal (2.7.17-2ubuntu4) ...
2025-11-15T09:12:27.3665164Z #8 8.079 Selecting previously unselected package python2.
2025-11-15T09:12:27.3665671Z #8 8.079 (Reading database ... 
2025-11-15T09:12:27.3665933Z (Reading database ... 5%
2025-11-15T09:12:27.3666277Z (Reading database ... 10%
2025-11-15T09:12:27.3666550Z (Reading database ... 15%
2025-11-15T09:12:27.3666780Z (Reading database ... 20%
2025-11-15T09:12:27.3667001Z (Reading database ... 25%
2025-11-15T09:12:27.3667225Z (Reading database ... 30%
2025-11-15T09:12:27.3667445Z (Reading database ... 35%
2025-11-15T09:12:27.3667697Z (Reading database ... 40%
2025-11-15T09:12:27.3667933Z (Reading database ... 45%
2025-11-15T09:12:27.3668160Z (Reading database ... 50%
2025-11-15T09:12:27.3668458Z (Reading database ... 55%
2025-11-15T09:12:27.3668680Z (Reading database ... 60%
2025-11-15T09:12:27.3668906Z (Reading database ... 65%
2025-11-15T09:12:27.3669121Z (Reading database ... 70%
2025-11-15T09:12:27.3669518Z (Reading database ... 75%
2025-11-15T09:12:27.3669839Z (Reading database ... 80%
2025-11-15T09:12:27.3670067Z (Reading database ... 85%
2025-11-15T09:12:27.3670285Z (Reading database ... 90%
2025-11-15T09:12:27.3670511Z (Reading database ... 95%
2025-11-15T09:12:27.3670743Z (Reading database ... 100%
2025-11-15T09:12:27.3671090Z (Reading database ... 17356 files and directories currently installed.)
2025-11-15T09:12:27.3671705Z #8 8.087 Preparing to unpack .../python2_2.7.17-2ubuntu4_amd64.deb ...
2025-11-15T09:12:27.3672094Z #8 8.088 Unpacking python2 (2.7.17-2ubuntu4) ...
2025-11-15T09:12:27.3672468Z #8 8.105 Selecting previously unselected package bsdmainutils.
2025-11-15T09:12:27.3673014Z #8 8.106 Preparing to unpack .../bsdmainutils_11.1.2ubuntu3_amd64.deb ...
2025-11-15T09:12:27.3673420Z #8 8.107 Unpacking bsdmainutils (11.1.2ubuntu3) ...
2025-11-15T09:12:27.3673993Z #8 8.131 Selecting previously unselected package python-is-python2.
2025-11-15T09:12:27.3674660Z #8 8.132 Preparing to unpack .../python-is-python2_2.7.17-4_all.deb ...
2025-11-15T09:12:27.3675071Z #8 8.134 Unpacking python-is-python2 (2.7.17-4) ...
2025-11-15T09:12:27.3675537Z #8 8.150 Setting up libpython2.7-stdlib:amd64 (2.7.18-1~20.04.7) ...
2025-11-15T09:12:27.5283687Z #8 8.152 Setting up bsdmainutils (11.1.2ubuntu3) ...
2025-11-15T09:12:27.5284733Z #8 8.158 update-alternatives: using /usr/bin/bsd-write to provide /usr/bin/write (write) in auto mode
2025-11-15T09:12:27.5286214Z #8 8.158 update-alternatives: warning: skip creation of /usr/share/man/man1/write.1.gz because associated file /usr/share/man/man1/bsd-write.1.gz (of link group write) doesn't exist
2025-11-15T09:12:27.5287677Z #8 8.160 update-alternatives: using /usr/bin/bsd-from to provide /usr/bin/from (from) in auto mode
2025-11-15T09:12:27.5289369Z #8 8.160 update-alternatives: warning: skip creation of /usr/share/man/man1/from.1.gz because associated file /usr/share/man/man1/bsd-from.1.gz (of link group from) doesn't exist
2025-11-15T09:12:27.5290541Z #8 8.161 Setting up python2.7 (2.7.18-1~20.04.7) ...
2025-11-15T09:12:27.8829984Z #8 8.666 Setting up libpython2-stdlib:amd64 (2.7.17-2ubuntu4) ...
2025-11-15T09:12:28.0048458Z #8 8.670 Setting up python2 (2.7.17-2ubuntu4) ...
2025-11-15T09:12:28.0049987Z #8 8.674 Setting up python-is-python2 (2.7.17-4) ...
2025-11-15T09:12:28.0052905Z #8 8.676 Processing triggers for mime-support (3.64ubuntu1) ...
2025-11-15T09:12:28.0053412Z #8 8.695 Compiler QPKG encrypt
2025-11-15T09:12:28.0053749Z #8 8.735 mv qpkg_encrypt /bin
2025-11-15T09:12:28.0053960Z #8 8.737 Install QDK
2025-11-15T09:12:28.0054193Z #8 DONE 8.8s
2025-11-15T09:12:28.1146425Z 
2025-11-15T09:12:28.1148220Z #9 [4/8] WORKDIR /build
2025-11-15T09:12:28.1148610Z #9 DONE 0.0s
2025-11-15T09:12:28.1148793Z 
2025-11-15T09:12:28.1149093Z #10 [5/8] RUN mkdir -p /build/{kernel,driver,qpkg,output}
2025-11-15T09:12:28.1149605Z #10 DONE 0.1s
2025-11-15T09:12:28.2412098Z 
2025-11-15T09:12:28.2412585Z #11 [6/8] COPY build_driver.sh /build/
2025-11-15T09:12:28.2413031Z #11 DONE 0.0s
2025-11-15T09:12:28.2413191Z 
2025-11-15T09:12:28.2413321Z #12 [7/8] COPY create_qpkg_qdk.sh /build/
2025-11-15T09:12:28.2413681Z #12 DONE 0.0s
2025-11-15T09:12:28.2413819Z 
2025-11-15T09:12:28.2413951Z #13 [8/8] RUN chmod +x /build/*.sh
2025-11-15T09:12:28.2414254Z #13 DONE 0.1s
2025-11-15T09:12:28.3927859Z 
2025-11-15T09:12:28.3928338Z #14 exporting to image
2025-11-15T09:12:28.3928729Z #14 exporting layers
2025-11-15T09:12:30.2862076Z #14 exporting layers 2.0s done
2025-11-15T09:12:30.3047138Z #14 writing image sha256:42e3cc12d6e61f9763c4f79af7826668f43f4c32003e15139a471fa79fa46c51 done
2025-11-15T09:12:30.3047728Z #14 naming to docker.io/library/rtl8159-builder done
2025-11-15T09:12:30.3048176Z #14 DONE 2.0s
2025-11-15T09:12:30.3100505Z ##[group]Run # Run the build process inside the container
2025-11-15T09:12:30.3100879Z [36;1m# Run the build process inside the container[0m
2025-11-15T09:12:30.3101157Z [36;1mdocker run --rm \[0m
2025-11-15T09:12:30.3101383Z [36;1m  -v "$(pwd)/output:/output" \[0m
2025-11-15T09:12:30.3101618Z [36;1m  rtl8159-builder \[0m
2025-11-15T09:12:30.3101827Z [36;1m  /bin/bash -c "[0m
2025-11-15T09:12:30.3102030Z [36;1m    cd /workspace && \[0m
2025-11-15T09:12:30.3102258Z [36;1m    bash build_driver.sh && \[0m
2025-11-15T09:12:30.3102585Z [36;1m    bash build_qpkg.sh && \[0m
2025-11-15T09:12:30.3102831Z [36;1m    cp qpkg/*.qpkg /output/ || true[0m
2025-11-15T09:12:30.3103052Z [36;1m  "[0m
2025-11-15T09:12:30.3121804Z shell: /usr/bin/bash -e {0}
2025-11-15T09:12:30.3122035Z ##[endgroup]
2025-11-15T09:12:30.4205594Z /bin/bash: line 1: cd: /workspace: No such file or directory
2025-11-15T09:12:30.4832375Z ##[group]Run echo "Built artifacts:"
2025-11-15T09:12:30.4832656Z [36;1mecho "Built artifacts:"[0m
2025-11-15T09:12:30.4832892Z [36;1mls -lh output/[0m
2025-11-15T09:12:30.4851745Z shell: /usr/bin/bash -e {0}
2025-11-15T09:12:30.4851976Z ##[endgroup]
2025-11-15T09:12:30.4886699Z Built artifacts:
2025-11-15T09:12:30.4897556Z total 0
2025-11-15T09:12:30.4997973Z ##[group]Run softprops/action-gh-release@v1
2025-11-15T09:12:30.4998218Z with:
2025-11-15T09:12:30.4998397Z   name: RTL8159 Driver 2.20.1test
2025-11-15T09:12:30.4999650Z   body: ## RTL8159 USB Ethernet Driver for QNAP

**Version**: 2.20.1test
**Build Date**: 2025-11-15T09:08:27Z

### Installation

1. Download the QPKG file for your architecture
2. Upload to QNAP App Center
3. Install the package
4. Verify installation: `lsmod | grep r8152`

### Compatibility

- **QTS**: 4.2.0+
- **QuTS hero**: h5.2.0+
- **Architecture**: x86_64
- **Kernel**: 5.10.60

### Changes

See commit history for detailed changes.

---

Built automatically by GitHub Actions.

2025-11-15T09:12:30.5000876Z   files: output/*.qpkg

2025-11-15T09:12:30.5001067Z   draft: false
2025-11-15T09:12:30.5001233Z   prerelease: false
2025-11-15T09:12:30.5001545Z   token: ***
2025-11-15T09:12:30.5001706Z ##[endgroup]
2025-11-15T09:12:30.5553776Z 🤔 Pattern 'output/*.qpkg' does not match any files.
2025-11-15T09:12:30.8399766Z 👩‍🏭 Creating new GitHub release for tag release-2.20.1test...
2025-11-15T09:12:31.2723210Z 🤔 output/*.qpkg not include valid file.
2025-11-15T09:12:31.2731259Z 🎉 Release ready at https://github.com/hooyao/qnap-rtl8159-driver/releases/tag/release-2.20.1test
2025-11-15T09:12:31.2801263Z ##[group]Run actions/upload-artifact@v4
2025-11-15T09:12:31.2801520Z with:
2025-11-15T09:12:31.2801682Z   name: qpkg-packages
2025-11-15T09:12:31.2801870Z   path: output/*.qpkg
2025-11-15T09:12:31.2802058Z   retention-days: 30
2025-11-15T09:12:31.2802244Z   if-no-files-found: warn
2025-11-15T09:12:31.2802446Z   compression-level: 6
2025-11-15T09:12:31.2802632Z   overwrite: false
2025-11-15T09:12:31.2803002Z   include-hidden-files: false
2025-11-15T09:12:31.2803205Z ##[endgroup]
2025-11-15T09:12:31.4814708Z ##[warning]No files were found with the provided path: output/*.qpkg. No artifacts will be uploaded.
2025-11-15T09:12:31.4892950Z Post job cleanup.
2025-11-15T09:12:31.7433947Z ##[group]Removing builder
2025-11-15T09:12:31.8534239Z [command]/usr/bin/docker buildx rm builder-5a88b550-6050-4b7a-bdb6-9d30270336dd
2025-11-15T09:12:31.9768204Z builder-5a88b550-6050-4b7a-bdb6-9d30270336dd removed
2025-11-15T09:12:31.9788624Z ##[endgroup]
2025-11-15T09:12:31.9789925Z ##[group]Cleaning up certificates
2025-11-15T09:12:31.9795867Z ##[endgroup]
2025-11-15T09:12:31.9796659Z ##[group]Post cache
2025-11-15T09:12:31.9798819Z State not set
2025-11-15T09:12:31.9799633Z ##[endgroup]
2025-11-15T09:12:31.9903754Z Post job cleanup.
2025-11-15T09:12:32.0765061Z [command]/usr/bin/git version
2025-11-15T09:12:32.0796872Z git version 2.51.2
2025-11-15T09:12:32.0836412Z Temporarily overriding HOME='/home/runner/work/_temp/c49116ef-3f7d-4e77-afcf-aa6cf7363fa3' before making global git config changes
2025-11-15T09:12:32.0837618Z Adding repository directory to the temporary git global config as a safe directory
2025-11-15T09:12:32.0842532Z [command]/usr/bin/git config --global --add safe.directory /home/runner/work/qnap-rtl8159-driver/qnap-rtl8159-driver
2025-11-15T09:12:32.0878864Z [command]/usr/bin/git config --local --name-only --get-regexp core\.sshCommand
2025-11-15T09:12:32.0905995Z [command]/usr/bin/git submodule foreach --recursive sh -c "git config --local --name-only --get-regexp 'core\.sshCommand' && git config --local --unset-all 'core.sshCommand' || :"
2025-11-15T09:12:32.1079013Z [command]/usr/bin/git config --local --name-only --get-regexp http\.https\:\/\/github\.com\/\.extraheader
2025-11-15T09:12:32.1096675Z http.https://github.com/.extraheader
2025-11-15T09:12:32.1107585Z [command]/usr/bin/git config --local --unset-all http.https://github.com/.extraheader
2025-11-15T09:12:32.1131815Z [command]/usr/bin/git submodule foreach --recursive sh -c "git config --local --name-only --get-regexp 'http\.https\:\/\/github\.com\/\.extraheader' && git config --local --unset-all 'http.https://github.com/.extraheader' || :"
2025-11-15T09:12:32.1384077Z Cleaning up orphan processes
